--------- beginning of kernel
03-03 09:58:28.378     0     0 E kvm_intel: VMX not supported by CPU 0
03-03 09:58:28.379     0     0 E kvm_amd : SVM not supported by CPU 0
03-03 09:58:29.624     0     0 E init    : Failed to copy /avb into /metadata/gsi/dsu/avb/: No such file or directory
03-03 09:58:30.667     0     0 E init    : [libfs_avb] Device path not found: /dev/block/by-name/system
03-03 09:58:31.700     0     0 E init    : [libfs_avb] Device path not found: /dev/block/by-name/system
03-03 09:58:31.712     0     0 E erofs   : (device dm-5): erofs_read_superblock: cannot find valid erofs superblock
03-03 09:58:31.735     0     0 E erofs   : (device dm-4): erofs_read_superblock: cannot find valid erofs superblock
03-03 09:58:31.744     0     0 E erofs   : (device dm-3): erofs_read_superblock: cannot find valid erofs superblock
03-03 09:58:31.753     0     0 E erofs   : (device dm-2): erofs_read_superblock: cannot find valid erofs superblock
03-03 09:58:33.406     0     0 E cutils-trace: Error opening trace file: Permission denied (13)
03-03 09:58:33.508     0     0 E selinux : SELinux:  setxattr failed: /cache:  Read-only file system
03-03 09:58:33.574     0     0 E dlkm_loader: LoadWithAliases was unable to load snd_aloop, tried: snd_aloop
03-03 09:58:33.790     0     0 E init    : [libfs_mgr] mount_with_alternatives(): skipping mount due to invalid magic, mountpoint=/data blk_dev=/dev/block/vdc rec[9].fs_type=ext4
03-03 09:58:33.961     0     0 E dlkm_loader: LoadWithAliases was unable to load vkms, tried: vkms
--------- beginning of system
03-03 09:58:34.029   260   260 E vold    : Error getting bootctrl v1.0 module.
03-03 09:58:34.006     0     0 E vold    : Error getting bootctrl v1.0 module.
03-03 09:58:35.632     0     0 E init    : Control message: Could not find 'aidl/android.system.keystore2.IKeystoreService/default' for ctl.interface_start from pid: 239 (/system/bin/servicemanager)
03-03 09:58:35.875     0     0 E logd    : FrameworkListener: read() failed (Connection reset by peer)
03-03 09:58:36.903     0     0 E init    : /apex/com.android.hardware.uwb/etc/uwb-service.rc: 1: ignored duplicate definition of service 'vendor.uwb_hal'
03-03 09:58:38.606     0     0 E libprocessgroup: Failed to write 1 to /sys/fs/cgroup/system/uid_0/pid_467/cgroup.kill: No such file or directory
03-03 09:58:38.606     0     0 E libprocessgroup: Failed to open /sys/fs/cgroup/system/uid_0/pid_467/cgroup.procs: No such file or directory
03-03 09:58:38.750     0     0 E selinux : SELinux:  Could not stat /data/dalvik-cache/arm: No such file or directory.
03-03 09:58:38.751     0     0 E selinux : SELinux:  Could not stat /data/dalvik-cache/arm64: No such file or directory.
03-03 09:58:38.752     0     0 E selinux : SELinux:  Could not stat /data/dalvik-cache/riscv64: No such file or directory.
03-03 09:58:38.753     0     0 E selinux : SELinux:  Could not stat /data/dalvik-cache/x86: No such file or directory.
03-03 09:58:39.290     0     0 E UprobeStatsBpfLoad: non-optional program failed to load.
03-03 09:58:39.290     0     0 E UprobeStatsBpfLoad: Failed to load programs, loadCodeSections ret=-1
03-03 09:58:39.291     0     0 E UprobeStatsBpfLoad: Failed to load object: /apex/com.android.uprobestats/etc/bpf/uprobestats/ProcessManagement.o, ret: Operation not permitted
--------- beginning of main
03-03 09:58:39.673   495   495 E kcmdlinectrl: Failed to read from misc: failed to find /misc partition
03-03 09:58:40.102   509   509 E SensorsMultiHal: Failed to load subHal config file: /odm/etc/sensors/hals.conf
03-03 09:58:41.052   486   486 E HidlServiceManagement: Service android.system.net.netd@1.1::INetd/default must be in VINTF manifest in order to register/get.
03-03 09:58:41.052   486   486 E Netd    : Unable to start HIDL NetdHwService: -2147483648
03-03 09:58:41.112   497   497 E LegacySupport: Could not get passthrough implementation for android.hardware.soundtrigger@2.3::ISoundTriggerHw/default.
03-03 09:58:41.114   497   497 E LegacySupport: Could not get passthrough implementation for android.hardware.soundtrigger@2.2::ISoundTriggerHw/default.
03-03 09:58:41.117   497   497 E LegacySupport: Could not get passthrough implementation for android.hardware.soundtrigger@2.1::ISoundTriggerHw/default.
03-03 09:58:41.120   497   497 E LegacySupport: Could not get passthrough implementation for android.hardware.soundtrigger@2.0::ISoundTriggerHw/default.
03-03 09:58:41.122   497   497 E LegacySupport: Could not get passthrough implementation for android.hardware.bluetooth.audio@2.2::IBluetoothAudioProvidersFactory/default.
03-03 09:58:41.127   497   497 E LegacySupport: Could not get passthrough implementation for android.hardware.bluetooth.audio@2.1::IBluetoothAudioProvidersFactory/default.
03-03 09:58:41.132   497   497 E LegacySupport: Could not get passthrough implementation for android.hardware.bluetooth.audio@2.0::IBluetoothAudioProvidersFactory/default.
03-03 09:58:41.135   497   497 E LegacySupport: Could not get passthrough implementation for android.hardware.bluetooth.a2dp@1.0::IBluetoothAudioOffload/default.
03-03 09:58:41.151   502   502 E Codec2-FilterWrapper: plugin not OK: -19
03-03 09:58:41.251   497   497 E audiohalservice: Failed to dlopen android.hardware.audio.sounddose-vendor-impl.so: dlopen failed: library "android.hardware.audio.sounddose-vendor-impl.so" not found
03-03 09:58:41.300     0     0 E init    : Could not start service 'vendor.drm-widevine-hal-rikers' as part of class 'hal': Cannot find '/apex/com.google.android.widevine/bin/hw/android.hardware.drm-service.widevine-rikers': No such file or directory
03-03 09:58:41.444   562   562 E misctrl : Could not read misctrl message: failed to find /misc partition
03-03 09:58:41.450   562   562 E misctrl : Could not read reserved space: failed to find /misc partition
03-03 09:58:41.462   499   499 E EmulatedCameraProviderHwlImpl: ParseCharacteristics: tag android.visualEffect.backgroundBlurModes not supported, skipping!
03-03 09:58:41.462   499   499 E EmulatedCameraProviderHwlImpl: ParseCharacteristics: tag android.visualEffect.capabilities not supported, skipping!
03-03 09:58:41.468   499   499 E GCH_CameraProvider: Initialize: HWL doesn't support vendor buffer allocation Function not implemented(-38)
03-03 09:58:42.196   513   531 E RanchuHwc: start: failed to set Vsync thread priority: Invalid argument
03-03 09:58:42.230   599   599 E bootstat: Failed to read /metadata/bootstat/persist.sys.boot.reason: No such file or directory
03-03 09:58:42.234   599   599 E bootstat: Failed to unlink /metadata/bootstat/persist.sys.boot.reason: No such file or directory
03-03 09:58:42.360   614   614 E bt_vhci_forwarder: setTerminalRaw failed /dev/bluetooth0: Inappropriate ioctl for device
03-03 09:58:42.377   563   563 E HwcComposer: getOverlaySupport failed Status(-8, EX_SERVICE_SPECIFIC): '8: '
03-03 09:58:42.389   563   563 E HwcComposer: getMaxLayerPictureProfiles failed Status(-8, EX_SERVICE_SPECIFIC): '8: '
03-03 09:58:42.389   563   563 E HWComposer: getMaxLayerPictureProfiles: getMaxLayerPictureProfiles failed for display 4619827259835644672: UNSUPPORTED (8)
03-03 09:58:42.406   563   563 E HwcComposer: getPerFrameMetadataKeys failed Status(-8, EX_SERVICE_SPECIFIC): '8: '
03-03 09:58:42.544   563   563 E HidlServiceManagement: Service android.frameworks.displayservice@1.0::IDisplayService/default must be in VINTF manifest in order to register/get.
03-03 09:58:42.545   563   563 E SurfaceFlinger: Did not register (deprecated) IDisplayService service.
03-03 09:58:42.695   637   637 E HidlServiceManagement: Service android.system.wifi.keystore@1.0::IKeystore/default must be in VINTF manifest in order to register/get.
03-03 09:58:42.907   559   559 E AudioFlinger: Function: getAudioPolicyConfig Line: 2618 Failed 
03-03 09:58:43.088   559   559 E APM::AudioPolicyEngine: Policy Engine configuration is partially invalid, skipped 1 elements
03-03 09:58:43.111   615   615 E CameraProviderManager: addDynamicDepthTags: Advertised depth exclusive tag but value is not present!
03-03 09:58:43.111   615   615 E cameraserver: AidlDeviceInfo3: Failed appending dynamic depth tags: Invalid argument (-22)
03-03 09:58:43.135   624   651 E OmxInfoBuilder: Cannot find an IOmxStore service.
03-03 09:58:43.245   497   497 E android.hardware.audio@7.1-impl.ranchu: getPresentationPosition:510 failure: Result::INVALID_STATE
03-03 09:58:43.252   559   559 E APM_AudioPolicyManager: invalid volume index range in the curve:
03-03 09:58:43.252   559   559 E APM_AudioPolicyManager:   Can be muted  Index Min  Index Max  Index Cur [device : index]...
03-03 09:58:43.252   559   559 E APM_AudioPolicyManager:   true          -1         -1         40000000 : 00, 
03-03 09:58:43.253   559   559 E APM_AudioPolicyManager: invalid volume index range in the curve:
03-03 09:58:43.253   559   559 E APM_AudioPolicyManager:   Can be muted  Index Min  Index Max  Index Cur [device : index]...
03-03 09:58:43.253   559   559 E APM_AudioPolicyManager:   true          -1         -1         40000000 : 00, 
03-03 09:58:43.254   559   559 E APM_AudioPolicyManager: invalid volume index range in the curve:
03-03 09:58:43.254   559   559 E APM_AudioPolicyManager:   Can be muted  Index Min  Index Max  Index Cur [device : index]...
03-03 09:58:43.254   559   559 E APM_AudioPolicyManager:   true          -1         -1         40000000 : 00, 
03-03 09:58:43.254   559   559 E APM_AudioPolicyManager: invalid volume index range in the curve:
03-03 09:58:43.254   559   559 E APM_AudioPolicyManager:   Can be muted  Index Min  Index Max  Index Cur [device : index]...
03-03 09:58:43.254   559   559 E APM_AudioPolicyManager:   true          -1         -1         40000000 : 00, 
03-03 09:58:43.254   559   559 E APM_AudioPolicyManager: invalid volume index range in the curve:
03-03 09:58:43.254   559   559 E APM_AudioPolicyManager:   Can be muted  Index Min  Index Max  Index Cur [device : index]...
03-03 09:58:43.254   559   559 E APM_AudioPolicyManager:   true          -1         -1         40000000 : 00, 
03-03 09:58:43.254   559   559 E APM_AudioPolicyManager: invalid volume index range in the curve:
03-03 09:58:43.254   559   559 E APM_AudioPolicyManager:   Can be muted  Index Min  Index Max  Index Cur [device : index]...
03-03 09:58:43.254   559   559 E APM_AudioPolicyManager:   true          -1         -1         40000000 : 00, 
03-03 09:58:43.254   559   559 E APM_AudioPolicyManager: invalid volume index range in the curve:
03-03 09:58:43.254   559   559 E APM_AudioPolicyManager:   Can be muted  Index Min  Index Max  Index Cur [device : index]...
03-03 09:58:43.254   559   559 E APM_AudioPolicyManager:   true          -1         -1         40000000 : 00, 
03-03 09:58:43.255   559   559 E APM_AudioPolicyManager: invalid volume index range in the curve:
03-03 09:58:43.255   559   559 E APM_AudioPolicyManager:   Can be muted  Index Min  Index Max  Index Cur [device : index]...
03-03 09:58:43.255   559   559 E APM_AudioPolicyManager:   true          -1         -1         40000000 : 00, 
03-03 09:58:43.233     0     0 E init    : Control message: Could not find 'android.hardware.media.c2@1.0::IComponentStore/software' for ctl.interface_start from pid: 245 (/system/system_ext/bin/hwservicemanager)
03-03 09:58:43.261   559   559 E APM_AudioPolicyManager: invalid volume index range in the curve:
03-03 09:58:43.261   559   559 E APM_AudioPolicyManager:   Can be muted  Index Min  Index Max  Index Cur [device : index]...
03-03 09:58:43.261   559   559 E APM_AudioPolicyManager:   true          -1         -1         40000000 : 00, 
03-03 09:58:43.262   559   559 E APM_AudioPolicyManager: invalid volume index range in the curve:
03-03 09:58:43.262   559   559 E APM_AudioPolicyManager:   Can be muted  Index Min  Index Max  Index Cur [device : index]...
03-03 09:58:43.262   559   559 E APM_AudioPolicyManager:   true          -1         -1         40000000 : 00, 
03-03 09:58:43.262   559   559 E APM_AudioPolicyManager: invalid volume index range in the curve:
03-03 09:58:43.262   559   559 E APM_AudioPolicyManager:   Can be muted  Index Min  Index Max  Index Cur [device : index]...
03-03 09:58:43.262   559   559 E APM_AudioPolicyManager:   true          -1         -1         40000000 : 00, 
03-03 09:58:43.262   559   559 E APM_AudioPolicyManager: invalid volume index range in the curve:
03-03 09:58:43.262   559   559 E APM_AudioPolicyManager:   Can be muted  Index Min  Index Max  Index Cur [device : index]...
03-03 09:58:43.262   559   559 E APM_AudioPolicyManager:   true          -1         -1         40000000 : 00, 
03-03 09:58:43.238     0     0 E init    : Control message: Could not find 'android.hardware.media.c2@1.0::IComponentStore/software' for ctl.interface_start from pid: 245 (/system/system_ext/bin/hwservicemanager)
03-03 09:58:43.351   497   541 E android.hardware.audio@7.1-impl.ranchu: getPresentationPosition:510 failure: Result::INVALID_STATE
03-03 09:58:43.608     0     0 E init    : Control message: Could not find 'aidl/activity' for ctl.interface_start from pid: 239 (/system/bin/servicemanager)
03-03 09:58:43.786   642   688 E emuglGLESv2_enc: hardware/google/gfxstream/guest/GLESv2_enc/GL2Encoder.cpp:s_glEnable:5158 GL error 0x500 condition [!GLESv2Validation::allowedEnable(ctx->majorVersion(), ctx->minorVersion(), what)]
03-03 09:58:44.082   615   615 E CameraProviderManager: deriveBlobDurationEntries: Unexpected number of available blob durations! 0 vs. 0 with filteredSizes size: 0
03-03 09:58:44.082   615   615 E cameraserver: AidlDeviceInfo3: Unable to derive Heic UltraHDR tags based on camera and media capabilities: Invalid argument (-22)
03-03 09:58:44.108   615   615 E HidlServiceManagement: Service android.frameworks.cameraservice.service@2.2::ICameraService/default must be in VINTF manifest in order to register/get.
03-03 09:58:44.612     0     0 E init    : Control message: Could not find 'aidl/activity' for ctl.interface_start from pid: 239 (/system/bin/servicemanager)
03-03 09:58:45.294   489   489 E FeatureFlagsImplExport: android.os.flagging.AconfigStorageReadException: ERROR_PACKAGE_NOT_FOUND: package android.xr cannot be found on the device
03-03 09:58:45.627     0     0 E init    : Control message: Could not find 'aidl/activity' for ctl.interface_start from pid: 239 (/system/bin/servicemanager)
03-03 09:58:45.655   489   489 E ActivityRecognitionHardware: activity_recognition HAL is deprecated. class_init is effectively a no-op
03-03 09:58:46.628     0     0 E init    : Control message: Could not find 'aidl/activity' for ctl.interface_start from pid: 239 (/system/bin/servicemanager)
03-03 09:58:46.916   489   489 E zygote64: Unable to find pattern file or unable to map it for am
03-03 09:58:47.634     0     0 E init    : Control message: Could not find 'aidl/activity' for ctl.interface_start from pid: 239 (/system/bin/servicemanager)
03-03 09:58:47.758   630   630 E storaged: getService package_native failed
03-03 09:58:47.802   623   648 E ServiceUtilities: getCachedInfo: Cannot find package_native
03-03 09:58:48.639     0     0 E init    : Control message: Could not find 'aidl/activity' for ctl.interface_start from pid: 239 (/system/bin/servicemanager)
03-03 09:58:48.880   712   712 E system_server: Not starting debugger since process cannot load the jdwp agent.
03-03 09:58:49.644     0     0 E init    : Control message: Could not find 'aidl/activity' for ctl.interface_start from pid: 239 (/system/bin/servicemanager)
03-03 09:58:50.051   712   712 E HidlServiceManagement: Service android.frameworks.stats@1.0::IStats/default must be in VINTF manifest in order to register/get.
03-03 09:58:50.516   712   746 E DisplayManagerService: Default display is null for info request from uid 1000
03-03 09:58:50.656     0     0 E init    : Control message: Could not find 'aidl/activity' for ctl.interface_start from pid: 239 (/system/bin/servicemanager)
03-03 09:58:51.426   712   782 E AconfigFlags: Failed to load aconfig package com.android.update_engine
03-03 09:58:51.426   712   782 E AconfigFlags: android.os.flagging.AconfigStorageReadException: ERROR_PACKAGE_NOT_FOUND: package com.android.update_engine cannot be found on the device
03-03 09:58:51.426   712   782 E AconfigFlags: 	at android.os.flagging.AconfigPackage.load(AconfigPackage.java:132)
03-03 09:58:51.426   712   782 E AconfigFlags: 	at com.android.internal.pm.pkg.component.AconfigFlags.lambda$getFlagValueFromNewStorage$0(AconfigFlags.java:261)
03-03 09:58:51.426   712   782 E AconfigFlags: 	at com.android.internal.pm.pkg.component.AconfigFlags$$ExternalSyntheticLambda0.apply(D8$$SyntheticClass:0)
03-03 09:58:51.426   712   782 E AconfigFlags: 	at java.util.concurrent.ConcurrentHashMap.computeIfAbsent(ConcurrentHashMap.java:1713)
03-03 09:58:51.426   712   782 E AconfigFlags: 	at com.android.internal.pm.pkg.component.AconfigFlags.getFlagValueFromNewStorage(AconfigFlags.java:259)
03-03 09:58:51.426   712   782 E AconfigFlags: 	at com.android.internal.pm.pkg.component.AconfigFlags.getFlagValue(AconfigFlags.java:225)
03-03 09:58:51.426   712   782 E AconfigFlags: 	at com.android.server.pm.parsing.PackageCacher.getCachedResult(PackageCacher.java:214)
03-03 09:58:51.426   712   782 E AconfigFlags: 	at com.android.internal.pm.parsing.PackageParser2.parsePackage(PackageParser2.java:126)
03-03 09:58:51.426   712   782 E AconfigFlags: 	at com.android.server.pm.ParallelPackageParser.parsePackage(ParallelPackageParser.java:130)
03-03 09:58:51.426   712   782 E AconfigFlags: 	at com.android.server.pm.ParallelPackageParser.lambda$submit$0(ParallelPackageParser.java:108)
03-03 09:58:51.426   712   782 E AconfigFlags: 	at com.android.server.pm.ParallelPackageParser.$r8$lambda$uW6lAW1ixaCdJ_8ZINGbyQGIceg(ParallelPackageParser.java:0)
03-03 09:58:51.426   712   782 E AconfigFlags: 	at com.android.server.pm.ParallelPackageParser$$ExternalSyntheticLambda0.run(R8$$SyntheticClass:0)
03-03 09:58:51.426   712   782 E AconfigFlags: 	at java.util.concurrent.Executors$RunnableAdapter.call(Executors.java:524)
03-03 09:58:51.426   712   782 E AconfigFlags: 	at java.util.concurrent.FutureTask.run(FutureTask.java:317)
03-03 09:58:51.426   712   782 E AconfigFlags: 	at java.util.concurrent.ThreadPoolExecutor.runWorker(ThreadPoolExecutor.java:1156)
03-03 09:58:51.426   712   782 E AconfigFlags: 	at java.util.concurrent.ThreadPoolExecutor$Worker.run(ThreadPoolExecutor.java:651)
03-03 09:58:51.426   712   782 E AconfigFlags: 	at com.android.internal.util.ConcurrentUtils$1$1.run(ConcurrentUtils.java:65)
03-03 09:58:51.426   712   782 E AconfigFlags: Failed to load aconfig package android.xr
03-03 09:58:51.426   712   782 E AconfigFlags: android.os.flagging.AconfigStorageReadException: ERROR_PACKAGE_NOT_FOUND: package android.xr cannot be found on the device
03-03 09:58:51.426   712   782 E AconfigFlags: 	at android.os.flagging.AconfigPackage.load(AconfigPackage.java:132)
03-03 09:58:51.426   712   782 E AconfigFlags: 	at com.android.internal.pm.pkg.component.AconfigFlags.lambda$getFlagValueFromNewStorage$0(AconfigFlags.java:261)
03-03 09:58:51.426   712   782 E AconfigFlags: 	at com.android.internal.pm.pkg.component.AconfigFlags$$ExternalSyntheticLambda0.apply(D8$$SyntheticClass:0)
03-03 09:58:51.426   712   782 E AconfigFlags: 	at java.util.concurrent.ConcurrentHashMap.computeIfAbsent(ConcurrentHashMap.java:1713)
03-03 09:58:51.426   712   782 E AconfigFlags: 	at com.android.internal.pm.pkg.component.AconfigFlags.getFlagValueFromNewStorage(AconfigFlags.java:259)
03-03 09:58:51.426   712   782 E AconfigFlags: 	at com.android.internal.pm.pkg.component.AconfigFlags.getFlagValue(AconfigFlags.java:225)
03-03 09:58:51.426   712   782 E AconfigFlags: 	at com.android.server.pm.parsing.PackageCacher.getCachedResult(PackageCacher.java:214)
03-03 09:58:51.426   712   782 E AconfigFlags: 	at com.android.internal.pm.parsing.PackageParser2.parsePackage(PackageParser2.java:126)
03-03 09:58:51.426   712   782 E AconfigFlags: 	at com.android.server.pm.ParallelPackageParser.parsePackage(ParallelPackageParser.java:130)
03-03 09:58:51.426   712   782 E AconfigFlags: 	at com.android.server.pm.ParallelPackageParser.lambda$submit$0(ParallelPackageParser.java:108)
03-03 09:58:51.426   712   782 E AconfigFlags: 	at com.android.server.pm.ParallelPackageParser.$r8$lambda$uW6lAW1ixaCdJ_8ZINGbyQGIceg(ParallelPackageParser.java:0)
03-03 09:58:51.426   712   782 E AconfigFlags: 	at com.android.server.pm.ParallelPackageParser$$ExternalSyntheticLambda0.run(R8$$SyntheticClass:0)
03-03 09:58:51.426   712   782 E AconfigFlags: 	at java.util.concurrent.Executors$RunnableAdapter.call(Executors.java:524)
03-03 09:58:51.426   712   782 E AconfigFlags: 	at java.util.concurrent.FutureTask.run(FutureTask.java:317)
03-03 09:58:51.426   712   782 E AconfigFlags: 	at java.util.concurrent.ThreadPoolExecutor.runWorker(ThreadPoolExecutor.java:1156)
03-03 09:58:51.426   712   782 E AconfigFlags: 	at java.util.concurrent.ThreadPoolExecutor$Worker.run(ThreadPoolExecutor.java:651)
03-03 09:58:51.426   712   782 E AconfigFlags: 	at com.android.internal.util.ConcurrentUtils$1$1.run(ConcurrentUtils.java:65)
03-03 09:58:51.662     0     0 E init    : Control message: Could not find 'aidl/activity' for ctl.interface_start from pid: 239 (/system/bin/servicemanager)
03-03 09:58:52.532     0     0 E init    : Control message: Could not find 'aidl/sensor_privacy' for ctl.interface_start from pid: 239 (/system/bin/servicemanager)
03-03 09:58:52.651   617   617 E idmap2d : no resources were overlaid
03-03 09:58:52.690   617   617 E idmap2d : failed to retrieve loaded package at index 0 for '/product/overlay/TelephonyProvider__emulator__auto_generated_characteristics_rro.apk' -> failed to generate resource map for '/product/overlay/TelephonyProvider__emulator__auto_generated_characteristics_rro.apk'
03-03 09:58:52.875   617   794 E idmap2d : failed to retrieve loaded package at index 0 for '/product/overlay/TeleService__emulator__auto_generated_characteristics_rro.apk' -> failed to generate resource map for '/product/overlay/TeleService__emulator__auto_generated_characteristics_rro.apk'
03-03 09:58:52.998   617   617 E idmap2d : failed to retrieve loaded package at index 0 for '/product/overlay/CompanionDeviceManager__emulator__auto_generated_characteristics_rro.apk' -> failed to generate resource map for '/product/overlay/CompanionDeviceManager__emulator__auto_generated_characteristics_rro.apk'
03-03 09:58:53.575   712   712 E SettingsState: invalid override flag name device_personalization_services/Captions__ec_vocal_burst_v2_thresholds
03-03 09:58:53.575   712   712 E SettingsState: invalid override flag name adservices/fledge_custom_audience_max_ads_size_b
03-03 09:58:53.575   712   712 E SettingsState: invalid override flag name privacy/max_safety_labels_persisted_per_app
03-03 09:58:53.576   712   712 E SettingsState: invalid override flag name adservices/enable_tablet_region_fix
03-03 09:58:53.576   712   712 E SettingsState: invalid override flag name device_personalization_services/NowPlaying__ambient_music_get_model_state_cooldown_seconds_cloud_search
03-03 09:58:53.576   712   712 E SettingsState: invalid override flag name device_personalization_services/Captions__enable_ec_v2_integration
03-03 09:58:53.576   712   712 E SettingsState: invalid override flag name adservices/topics_disable_direct_app_calls
03-03 09:58:53.576   712   712 E SettingsState: invalid override flag name adservices/app_name_api_error_cobalt_logging_enabled
03-03 09:58:53.577   712   712 E SettingsState: invalid override flag name adservices/fledge_background_fetch_enabled
03-03 09:58:53.577   712   712 E SettingsState: invalid override flag name telephony/is_telephony_anomaly_report_enabled
03-03 09:58:53.577   712   712 E SettingsState: invalid override flag name device_personalization_services/EchoSmartspace__enable_weather_removal_as_secondary_card_home
03-03 09:58:53.577   712   712 E SettingsState: invalid override flag name device_personalization_services/NowPlaying__create_shortcut_on_np_enabled
03-03 09:58:53.577   712   712 E SettingsState: invalid override flag name device_personalization_services/SmartNotification__notification_summaries_manifest_config
03-03 09:58:53.578   712   712 E SettingsState: invalid override flag name runtime_native/use_app_image_startup_cache
03-03 09:58:53.578   712   712 E SettingsState: invalid override flag name adservices/ui_toggle_speed_bump_enabled
03-03 09:58:53.578   712   712 E SettingsState: invalid override flag name storage_native_boot/target_dirty_ratio
03-03 09:58:53.578   712   712 E SettingsState: invalid override flag name health_fitness/RateLimiter__max_data_push_limit_across_apps_15m_background
03-03 09:58:53.578   712   712 E SettingsState: invalid override flag name window_manager/SinglePointerPanning__enable_single_pointer_panning
03-03 09:58:53.579   712   712 E SettingsState: invalid override flag name device_personalization_services/AstreaFeedback__enable_view_data_dialog_v2_single_entity
03-03 09:58:53.579   712   712 E SettingsState: invalid override flag name tethering/mdns_type_allowlist_flags
03-03 09:58:53.579   712   712 E SettingsState: invalid override flag name privacy/safety_center_override_refresh_on_page_open_sources
03-03 09:58:53.579   712   712 E SettingsState: invalid override flag name adservices/enrollment_blocklist_ids
03-03 09:58:53.579   712   712 E SettingsState: invalid override flag name adservices/measurement_registration_input_event_valid_window_ms
03-03 09:58:53.579   712   712 E SettingsState: invalid override flag name aicore/AicSafety__use_flexible_safety_baymax_classifier
03-03 09:58:53.580   712   712 E SettingsState: invalid override flag name adservices/fledge_ad_counter_histogram_absolute_max_per_buyer_event_count
03-03 09:58:53.580   712   712 E SettingsState: invalid override flag name settings_stats/GlobalFeature__boolean_whitelist
03-03 09:58:53.580   712   712 E SettingsState: invalid override flag name aicore/AicSafety__use_flexible_safety_smart_reply_classifier
03-03 09:58:53.580   712   712 E SettingsState: invalid override flag name configuration/beta_launch
03-03 09:58:53.580   712   712 E SettingsState: invalid override flag name device_personalization_services/AicModels__mdd_manifest_config
03-03 09:58:53.580   712   712 E SettingsState: invalid override flag name configuration/flag_five
03-03 09:58:53.581   712   712 E SettingsState: invalid override flag name configuration/flag_four
03-03 09:58:53.581   712   712 E SettingsState: invalid override flag name on_device_personalization/isolated_service_deadline_seconds
03-03 09:58:53.582   712   712 E SettingsState: invalid override flag name device_personalization_services/Superpacks__require_charging_by_default
03-03 09:58:53.582   712   712 E SettingsState: invalid override flag name device_personalization_services/SmartNotification__no_cooldown_when_charging
03-03 09:58:53.582   712   712 E SettingsState: invalid override flag name device_policy_manager/enable_coexistence
03-03 09:58:53.582   712   712 E SettingsState: invalid override flag name aicore/AicDataRelease__build_id_1558569612950046780
03-03 09:58:53.582   712   712 E SettingsState: invalid override flag name adservices/fledge_auction_server_enable_debug_reporting
03-03 09:58:53.582   712   712 E SettingsState: invalid override flag name adservices/key_fledge_custom_audience_max_bidding_logic_uri_size_b
03-03 09:58:53.582   712   712 E SettingsState: invalid override flag name exo/enable_keyboard_switch
03-03 09:58:53.582   712   712 E SettingsState: invalid override flag name adservices/fledge_background_fetch_eligible_update_base_interval_s
03-03 09:58:53.582   712   712 E SettingsState: invalid override flag name adservices/measurement_reporting_job_service_enabled
03-03 09:58:53.582   712   712 E SettingsState: invalid override flag name device_personalization_services/NowPlaying__redirect_history_enabled
03-03 09:58:53.583   712   712 E SettingsState: invalid override flag name latency_tracker/action_show_voice_interaction_trace_threshold
03-03 09:58:53.583   712   712 E SettingsState: invalid override flag name odad/phl_threshold_score
03-03 09:58:53.583   712   712 E SettingsState: invalid override flag name adservices/measurement_enable_ara_deduplication_alignment_v1
03-03 09:58:53.583   712   712 E SettingsState: invalid override flag name device_personalization_services/NotificationAssistant__max_importance_variance
03-03 09:58:53.583   712   712 E SettingsState: invalid override flag name privacy/safety_center_background_refresh_is_enabled
03-03 09:58:53.583   712   712 E SettingsState: invalid override flag name textclassifier/generate_links_max_text_length
03-03 09:58:53.583   712   712 E SettingsState: invalid override flag name adservices/fledge_frequency_cap_filtering_metrics_enabled
03-03 09:58:53.583   712   712 E SettingsState: invalid override flag name adservices/fledge_ad_selection_from_outcomes_overall_timeout_ms
03-03 09:58:53.584   712   712 E SettingsState: invalid override flag name odad/phl_text_box_scores
03-03 09:58:53.584   712   712 E SettingsState: invalid override flag name aicore/AicSafety__use_qta_question_only
03-03 09:58:53.584   712   712 E SettingsState: invalid override flag name device_personalization_services/SmartNotification__max_string_length_for_summary
03-03 09:58:53.584   712   712 E SettingsState: invalid override flag name adservices/fledge_data_version_header_enabled
03-03 09:58:53.584   712   712 E SettingsState: invalid override flag name aicore/AicSafety__pixel_ai_long_text_segmenter_window_size
03-03 09:58:53.584   712   712 E SettingsState: invalid override flag name configuration/rescue_party_throttle_duration_min
03-03 09:58:53.584   712   712 E SettingsState: invalid override flag name on_device_personalization/transient_error_retry_delay_secs
03-03 09:58:53.584   712   712 E SettingsState: invalid override flag name device_personalization_services/Captions__ec_supported_languages
03-03 09:58:53.584   712   712 E SettingsState: invalid override flag name device_personalization_services/Echo__include_event_reservation_in_smartspace_upcoming_setting
03-03 09:58:53.584   712   712 E SettingsState: invalid override flag name device_personalization_services/EchoSmartspace__always_send_weather_to_home_screen
03-03 09:58:53.585   712   712 E SettingsState: invalid override flag name adservices/measurement_register_source_request_permits_per_second
03-03 09:58:53.585   712   712 E SettingsState: invalid override flag name adservices/fledge_fetch_custom_audience_max_retry_after_value_ms
03-03 09:58:53.585   712   712 E SettingsState: invalid override flag name adservices/ui_dialogs_feature_enabled
03-03 09:58:53.585   712   712 E SettingsState: invalid override flag name device_personalization_services/EchoSmartspace__enable_weather_removal_as_secondary_card_lockscreen
03-03 09:58:53.585   712   712 E SettingsState: invalid override flag name bluetooth/INIT_gd_hal_snoop_logger_filtering
03-03 09:58:53.585   712   712 E SettingsState: invalid override flag name storage_native_boot/take_over_get_content
03-03 09:58:53.585   712   712 E SettingsState: invalid override flag name adservices/measurement_receiver_delete_packages_kill_switch
03-03 09:58:53.586   712   712 E SettingsState: invalid override flag name activity_manager/bg_prompt_fgs_on_long_running
03-03 09:58:53.586   712   712 E SettingsState: invalid override flag name media/player_metrics_per_app_user_media_activity_blocklist
03-03 09:58:53.586   712   712 E SettingsState: invalid override flag name device_personalization_services/Pecan__disable_launcher_state_listener
03-03 09:58:53.587   712   712 E SettingsState: invalid override flag name health_fitness/execution_time_buffer_minutes
03-03 09:58:53.587   712   712 E SettingsState: invalid override flag name aicore/AicInference__enable_ssv2
03-03 09:58:53.587   712   712 E SettingsState: invalid override flag name device_personalization_services/SmartNotification__run_high_priority_thread
03-03 09:58:53.587   712   712 E SettingsState: invalid override flag name adservices/measurement_register_sources_request_permits_per_second
03-03 09:58:53.587   712   712 E SettingsState: invalid override flag name device_personalization_services/WalletSuggestions__enable_wallet_suggestions
03-03 09:58:53.587   712   712 E SettingsState: invalid override flag name device_personalization_services/SmartNotification__supported_notification_categories
03-03 09:58:53.588   712   712 E SettingsState: invalid override flag name launcher/INJECT_FALLBACK_APP_CORPUS_RESULTS
03-03 09:58:53.588   712   712 E SettingsState: invalid override flag name adservices/consent_already_interacted_fix_enable
03-03 09:58:53.588   712   712 E SettingsState: invalid override flag name device_personalization_services/PcsAttestationMeasurement__schedule_attestation_job
03-03 09:58:53.589   712   712 E SettingsState: invalid override flag name adservices/classifier_type
03-03 09:58:53.589   712   712 E SettingsState: invalid override flag name adservices/fledge_auction_server_kill_switch
03-03 09:58:53.589   712   712 E SettingsState: invalid override flag name device_personalization_services/AstreaFeedback__enable_ground_truth_selector_single_entity
03-03 09:58:53.589   712   712 E SettingsState: invalid override flag name device_personalization_services/SmartRecPixelSearch__enable_search_on_photos
03-03 09:58:53.589   712   712 E SettingsState: invalid override flag name privacy/data_sharing_update_period_millis
03-03 09:58:53.590   712   712 E SettingsState: invalid override flag name device_personalization_services/EchoSmartspace__enable_finance_recap_ambient_data
03-03 09:58:53.590   712   712 E SettingsState: invalid override flag name netd_native/parallel_lookup
03-03 09:58:53.590   712   712 E SettingsState: invalid override flag name adservices/pas_ux_enabled
03-03 09:58:53.591   712   712 E SettingsState: invalid override flag name odad/ci2_clfr_v2
03-03 09:58:53.598   712   712 E SettingsState: invalid override flag name health_fitness/RateLimiter__max_write_chunk_size
03-03 09:58:53.598   712   712 E SettingsState: invalid override flag name adservices/Fledge__enable_prod_debug_in_auction_server
03-03 09:58:53.598   712   712 E SettingsState: invalid override flag name device_personalization_services/PcsAttestationMeasurement__delay_seconds_from_hour
03-03 09:58:53.598   712   712 E SettingsState: invalid override flag name adservices/is_eea_device
03-03 09:58:53.599   712   712 E SettingsState: invalid override flag name adservices/measurement_enable_source_debug_report
03-03 09:58:53.599   712   712 E SettingsState: invalid override flag name device_personalization_services/Captions__enable_multilang
03-03 09:58:53.599   712   712 E SettingsState: invalid override flag name aicore/AicModels__filter_manifest_on_min_apk_version
03-03 09:58:53.599   712   712 E SettingsState: invalid override flag name adservices/measurement_async_registration_job_trigger_min_delay_ms
03-03 09:58:53.600   712   712 E SettingsState: invalid override flag name device_personalization_services/TrainerFeature__http_federated_compute_protocol_allowlist
03-03 09:58:53.600   712   712 E SettingsState: invalid override flag name odad/op_classifier_low_cost_enabled
03-03 09:58:53.600   712   712 E SettingsState: invalid override flag name wifi/bug_report_min_window_ms
03-03 09:58:53.600   712   712 E SettingsState: invalid override flag name systemui/use_back_gesture_ml_model
03-03 09:58:53.601   712   712 E SettingsState: invalid override flag name adservices/fledge_kanon_register_client_parameters_url
03-03 09:58:53.601   712   712 E SettingsState: invalid override flag name adservices/fledge_auction_server_background_key_fetch_job_flex_ms
03-03 09:58:53.601   712   712 E SettingsState: invalid override flag name adservices/fledge_kanon_get_tokens_url
03-03 09:58:53.602   712   712 E SettingsState: invalid override flag name device_personalization_services/SmartNotification__screen_on_summary_delay_millis
03-03 09:58:53.602   712   712 E SettingsState: invalid override flag name activity_manager/push_messaging_over_quota_behavior
03-03 09:58:53.603   712   712 E SettingsState: invalid override flag name adservices/kanon_fetch_parameters_url
03-03 09:58:53.603   712   712 E SettingsState: invalid override flag name device_personalization_services/SmartNotification__default_bundle_to_promo_threshold
03-03 09:58:53.603   712   712 E SettingsState: invalid override flag name aicore/AicSafety__get_feature_status_future_check_enabled
03-03 09:58:53.603   712   712 E SettingsState: invalid override flag name autofill/smart_suggestion_supported_modes
03-03 09:58:53.603   712   712 E SettingsState: invalid override flag name on_device_personalization/global_kill_switch
03-03 09:58:53.604   712   712 E SettingsState: invalid override flag name device_personalization_services/EchoSmartspace__ambient_data_trip_bundle_override_ttl_duration
03-03 09:58:53.604   712   712 E SettingsState: invalid override flag name odad/reputation_classifier_killswitch
03-03 09:58:53.604   712   712 E SettingsState: invalid override flag name adservices/measurement_debug_reporting_fallback_job_required_network_type
03-03 09:58:53.604   712   712 E SettingsState: invalid override flag name device_personalization_services/Autofill__check_aicore_persistent_mode
03-03 09:58:53.605   712   712 E SettingsState: invalid override flag name adservices/enable_u18_appsearch_migration
03-03 09:58:53.605   712   712 E SettingsState: invalid override flag name device_personalization_services/VisualCortex__enable_fast_view_hierarchy_parse
03-03 09:58:53.605   712   712 E SettingsState: invalid override flag name device_personalization_services/VisualCortex__fedex_log_enabled
03-03 09:58:53.605   712   712 E SettingsState: invalid override flag name adservices/ppapi_app_signature_allow_list
03-03 09:58:53.606   712   712 E SettingsState: invalid override flag name odad/op_enabled_phl_entity_ids
03-03 09:58:53.606   712   712 E SettingsState: invalid override flag name latency_tracker/enabled
03-03 09:58:53.606   712   712 E SettingsState: invalid override flag name device_personalization_services/NowPlaying__ambient_music_use_yt_domain_fife_urls
03-03 09:58:53.606   712   712 E SettingsState: invalid override flag name wifi/health_monitor_rssi_poll_valid_time_ms
03-03 09:58:53.607   712   712 E SettingsState: invalid override flag name wifi/assoc_rejection_count_min
03-03 09:58:53.607   712   712 E SettingsState: invalid override flag name adservices/measurement_enable_ara_parsing_alignment_v1
03-03 09:58:53.607   712   712 E SettingsState: invalid override flag name odad/coroutine_watchdog_enabled
03-03 09:58:53.607   712   712 E SettingsState: invalid override flag name aicore/AicSafety__use_flexible_safety_summarization_classifier
03-03 09:58:53.607   712   712 E SettingsState: invalid override flag name odad/low_sms_risk_utf_score
03-03 09:58:53.607   712   712 E SettingsState: invalid override flag name adservices/fledge_event_level_debug_report_send_immediately
03-03 09:58:53.608   712   712 E SettingsState: invalid override flag name textclassifier/model_url_blocklist
03-03 09:58:53.608   712   712 E SettingsState: invalid override flag name adservices/measurement_aggregate_fallback_reporting_job_required_network_type
03-03 09:58:53.608   712   712 E SettingsState: invalid override flag name content_capture/service_explicitly_enabled
03-03 09:58:53.609   712   712 E SettingsState: invalid override flag name adservices/ui_eea_countries
03-03 09:58:53.609   712   712 E SettingsState: invalid override flag name device_personalization_services/SmartNotification__enable_notification_classifier_mdd
03-03 09:58:53.609   712   712 E SettingsState: invalid override flag name telephony/anomaly_network_connecting_timeout
03-03 09:58:53.610   712   712 E SettingsState: invalid override flag name media/player_metrics_per_app_attribution_allowlist
03-03 09:58:53.610   712   712 E SettingsState: invalid override flag name device_personalization_services/SpeechPack__use_mdd_download_system
03-03 09:58:53.610   712   712 E SettingsState: invalid override flag name adservices/fledge_auction_server_auction_key_sharding
03-03 09:58:53.610   712   712 E SettingsState: invalid override flag name aicore/AicModels__early_download_feature_id
03-03 09:58:53.610   712   712 E SettingsState: invalid override flag name aicore/AicDataRelease__build_labels
03-03 09:58:53.610   712   712 E SettingsState: invalid override flag name aicore/AicSafety__config
03-03 09:58:53.610   712   712 E SettingsState: invalid override flag name adservices/measurement_debug_reporting_job_required_network_type
03-03 09:58:53.610   712   712 E SettingsState: invalid override flag name odad/safety_center_warnings_use_cert_bf_enabled
03-03 09:58:53.611   712   712 E SettingsState: invalid override flag name wifi/health_monitor_min_rssi_thr_dbm
03-03 09:58:53.611   712   712 E SettingsState: invalid override flag name autofill/package_and_activity_allowlist_for_triggering_fill_request
03-03 09:58:53.611   712   712 E SettingsState: invalid override flag name adservices/key_fledge_custom_audience_max_daily_update_uri_size_b
03-03 09:58:53.611   712   712 E SettingsState: invalid override flag name aicore/AicDataRelease__build_id_6109265619551471570
03-03 09:58:53.611   712   712 E SettingsState: invalid override flag name exo/copy_paste_data_size_limit_bytes
03-03 09:58:53.611   712   712 E SettingsState: invalid override flag name odad/cp_default_executor
03-03 09:58:53.612   712   712 E SettingsState: invalid override flag name aicore/AicSafety__hades_experiments_test
03-03 09:58:53.612   712   712 E SettingsState: invalid override flag name device_personalization_services/Captions__support_backup_and_restore
03-03 09:58:53.612   712   712 E SettingsState: invalid override flag name adservices/fledge_fetch_custom_audience_max_user_bidding_signals_size_b
03-03 09:58:53.612   712   712 E SettingsState: invalid override flag name device_personalization_services/Captions__supported_languages
03-03 09:58:53.612   712   712 E SettingsState: invalid override flag name adservices/measurement_flex_api_max_information_gain_event
03-03 09:58:53.612   712   712 E SettingsState: invalid override flag name systemui/back_gesture_ml_model_threshold
03-03 09:58:53.612   712   712 E SettingsState: invalid override flag name telephony/anomaly_setup_data_call_failure
03-03 09:58:53.613   712   712 E SettingsState: invalid override flag name adservices/app_config_returns_enabled_by_detault
03-03 09:58:53.613   712   712 E SettingsState: invalid override flag name aicore/AicQuota__quota
03-03 09:58:53.613   712   712 E SettingsState: invalid override flag name device_personalization_services/Captions__new_model_version
03-03 09:58:53.618   712   712 E SettingsState: invalid override flag name adservices/measurement_flex_api_max_information_gain_navigation
03-03 09:58:53.618   712   712 E SettingsState: invalid override flag name adservices/measurement_aggregation_coordination_origin_enabled
03-03 09:58:53.618   712   712 E SettingsState: invalid override flag name adservices/fledge_custom_audience_max_user_bidding_signals_size_b
03-03 09:58:53.618   712   712 E SettingsState: invalid override flag name device_personalization_services/Captions__visibility_stopped_duration_millis
03-03 09:58:53.618   712   712 E SettingsState: invalid override flag name wifi/assoc_timeout_count_min
03-03 09:58:53.619   712   712 E SettingsState: invalid override flag name device_personalization_services/SmartNotification__enable_message_style_notifications_as_exemption
03-03 09:58:53.619   712   712 E SettingsState: invalid override flag name odad/phl_entities
03-03 09:58:53.619   712   712 E SettingsState: invalid override flag name device_personalization_services/Captions__enable_westworld_logging
03-03 09:58:53.619   712   712 E SettingsState: invalid override flag name telephony/anomaly_qns_change_network
03-03 09:58:53.619   712   712 E SettingsState: invalid override flag name aicore/AicSafety__pixel_ai_long_text_segmenter_period
03-03 09:58:53.619   712   712 E SettingsState: invalid override flag name adservices/protected_signals_periodic_encoding_enabled
03-03 09:58:53.619   712   712 E SettingsState: invalid override flag name device_personalization_services/Brella__enable_lightweight_client_support
03-03 09:58:53.619   712   712 E SettingsState: invalid override flag name adservices/fledge_fetch_custom_audience_min_retry_after_value_ms
03-03 09:58:53.619   712   712 E SettingsState: invalid override flag name device_personalization_services/HearingHealth__enable_loud_sound_alerts
03-03 09:58:53.619   712   712 E SettingsState: invalid override flag name odad/incfs_enabled
03-03 09:58:53.619   712   712 E SettingsState: invalid override flag name adservices/enable_test_param
03-03 09:58:53.619   712   712 E SettingsState: invalid override flag name interaction_jank_monitor/trace_threshold_missed_frames
03-03 09:58:53.619   712   712 E SettingsState: invalid override flag name device_personalization_services/NowPlaying__ambient_music_enable_resource_download_logging
03-03 09:58:53.619   712   712 E SettingsState: invalid override flag name privacy/safety_center_refresh_fgs_allowlist_duration_millis
03-03 09:58:53.620   712   712 E SettingsState: invalid override flag name aicore/AicSafety__messages_long_text_segmenter_period
03-03 09:58:53.620   712   712 E SettingsState: invalid override flag name adservices/measurement_event_reporting_job_required_network_type
03-03 09:58:53.620   712   712 E SettingsState: invalid override flag name adservices/topics_encryption_metrics_enabled
03-03 09:58:53.620   712   712 E SettingsState: invalid override flag name aicore/AicModels__protected_download_v1_enabled
03-03 09:58:53.620   712   712 E SettingsState: invalid override flag name runtime_native_boot/use_generational_gc
03-03 09:58:53.620   712   712 E SettingsState: invalid override flag name adservices/fledge_report_impression_registered_ad_beacons_max_interaction_key_size_b
03-03 09:58:53.620   712   712 E SettingsState: invalid override flag name adservices/fledge_custom_audience_max_trusted_bidding_data_size_b
03-03 09:58:53.620   712   712 E SettingsState: invalid override flag name media/player_metrics_per_app_use_time_blocklist
03-03 09:58:53.620   712   712 E SettingsState: invalid override flag name odad/safety_center_refresh_sources_enabled_v4
03-03 09:58:53.620   712   712 E SettingsState: invalid override flag name device_personalization_services/EchoSmartspace__enable_semantic_location_wallet_pass_ambient_data
03-03 09:58:53.620   712   712 E SettingsState: invalid override flag name adservices/fledge_report_interaction_request_permits_per_second
03-03 09:58:53.620   712   712 E SettingsState: invalid override flag name odad/op_classifier_enabled
03-03 09:58:53.620   712   712 E SettingsState: invalid override flag name location/ignore_settings_allowlist
03-03 09:58:53.620   712   712 E SettingsState: invalid override flag name gantry/test_voyager_flag_4
03-03 09:58:53.620   712   712 E SettingsState: invalid override flag name device_personalization_services/SmartNotification__min_word_count_for_private_summary
03-03 09:58:53.620   712   712 E SettingsState: invalid override flag name connectivity_thermal_power_manager/criteria_4_lte_pref_mode
03-03 09:58:53.621   712   712 E SettingsState: invalid override flag name adservices/fledge_auction_server_ad_id_fetcher_timeout_ms
03-03 09:58:53.621   712   712 E SettingsState: invalid override flag name adservices/fledge_data_version_header_metrics_enabled
03-03 09:58:53.621   712   712 E SettingsState: invalid override flag name on_device_personalization/fcp_background_job_logging_sampling_rate
03-03 09:58:53.621   712   712 E SettingsState: invalid override flag name adservices/topics_kill_switch
03-03 09:58:53.622   712   712 E SettingsState: invalid override flag name health_fitness/enable_complete_state_change_jobs
03-03 09:58:53.622   712   712 E SettingsState: invalid override flag name pixel_pearl/AicInference__set_embedding_affinity_to_medium_large_core
03-03 09:58:53.622   712   712 E SettingsState: invalid override flag name privacy/SafetyCenter__safety_center_flag_version
03-03 09:58:53.623   712   712 E SettingsState: invalid override flag name aicore/AicOnDeviceIntelligence__should_forward_non_isolated_methods
03-03 09:58:53.623   712   712 E SettingsState: invalid override flag name storage_native_boot/smart_idle_maint_enabled
03-03 09:58:53.623   712   712 E SettingsState: invalid override flag name device_personalization_services/SmartNotification__enable_odi_manager
03-03 09:58:53.623   712   712 E SettingsState: invalid override flag name aicore/AicOnDeviceIntelligence__on_device_intelligence_cache_retention_seconds
03-03 09:58:53.623   712   712 E SettingsState: invalid override flag name exo/is_exo_eng
03-03 09:58:53.623   712   712 E SettingsState: invalid override flag name device_personalization_services/SmartNotification__app_category_to_default_bundle
03-03 09:58:53.623   712   712 E SettingsState: invalid override flag name wifi/dry_run_scorer_pkg_name
03-03 09:58:53.623   712   712 E SettingsState: invalid override flag name netd_native/dot_query_timeout_ms
03-03 09:58:53.624   712   712 E SettingsState: invalid override flag name device_personalization_services/NowPlaying__ambient_music_use_enhanced_matches_database
03-03 09:58:53.624   712   712 E SettingsState: invalid override flag name health_fitness/RateLimiter__max_write_requests_per_15m_background
03-03 09:58:53.624   712   712 E SettingsState: invalid override flag name pixel_pearl/AicInference__enable_persistent_tokenizer
