03-03 10:00:21.632  1614  3096 E PhenotypeFlagCommitter: 	at com.google.android.gms.clearcut.init.ClearcutInitChimeraIntentService.b(:com.google.android.gms@252635038@25.26.35 (260800-783060121):60)
03-03 10:00:21.632  1614  3096 E PhenotypeFlagCommitter: 	at augs.onHandleIntent(:com.google.android.gms@252635038@25.26.35 (260800-783060121):58)
03-03 10:00:21.632  1614  3096 E PhenotypeFlagCommitter: 	at com.google.android.gms.clearcut.init.DefaultPriorityClearcutInitChimeraIntentService.onHandleIntent(:com.google.android.gms@252635038@25.26.35 (260800-783060121):11)
03-03 10:00:21.632  1614  3096 E PhenotypeFlagCommitter: 	at com.google.android.chimera.IntentOperation.onHandleIntent(:com.google.android.gms@252635038@25.26.35 (260800-783060121):2)
03-03 10:00:21.632  1614  3096 E PhenotypeFlagCommitter: 	at aumo.onHandleIntent(:com.google.android.gms@252635038@25.26.35 (260800-783060121):8)
03-03 10:00:21.632  1614  3096 E PhenotypeFlagCommitter: 	at vzd.run(:com.google.android.gms@252635038@25.26.35 (260800-783060121):64)
03-03 10:00:21.632  1614  3096 E PhenotypeFlagCommitter: 	at vzc.run(:com.google.android.gms@252635038@25.26.35 (260800-783060121):132)
03-03 10:00:21.632  1614  3096 E PhenotypeFlagCommitter: 	at fyac.run(:com.google.android.gms@252635038@25.26.35 (260800-783060121):21)
03-03 10:00:21.632  1614  3096 E PhenotypeFlagCommitter: 	at java.util.concurrent.ThreadPoolExecutor.runWorker(ThreadPoolExecutor.java:1156)
03-03 10:00:21.632  1614  3096 E PhenotypeFlagCommitter: 	at java.util.concurrent.ThreadPoolExecutor$Worker.run(ThreadPoolExecutor.java:651)
03-03 10:00:21.632  1614  3096 E PhenotypeFlagCommitter: 	at java.lang.Thread.run(Thread.java:1119)
03-03 10:00:21.829  3470  3470 E st.exp.exponent: Not starting debugger since process cannot load the jdwp agent.
03-03 10:00:21.882  2942  3068 E GoogleApiManager: Failed to get service from broker. 
03-03 10:00:21.882  2942  3068 E GoogleApiManager: java.lang.SecurityException: Unknown calling package name 'com.google.android.gms'.
03-03 10:00:21.882  2942  3068 E GoogleApiManager: 	at android.os.Parcel.createExceptionOrNull(Parcel.java:3340)
03-03 10:00:21.882  2942  3068 E GoogleApiManager: 	at android.os.Parcel.createException(Parcel.java:3324)
03-03 10:00:21.882  2942  3068 E GoogleApiManager: 	at android.os.Parcel.readException(Parcel.java:3307)
03-03 10:00:21.882  2942  3068 E GoogleApiManager: 	at android.os.Parcel.readException(Parcel.java:3249)
03-03 10:00:21.882  2942  3068 E GoogleApiManager: 	at aywi.a(:com.google.android.gms@252635038@25.26.35 (260800-783060121):36)
03-03 10:00:21.882  2942  3068 E GoogleApiManager: 	at ayup.z(:com.google.android.gms@252635038@25.26.35 (260800-783060121):143)
03-03 10:00:21.882  2942  3068 E GoogleApiManager: 	at aybo.run(:com.google.android.gms@252635038@25.26.35 (260800-783060121):42)
03-03 10:00:21.882  2942  3068 E GoogleApiManager: 	at android.os.Handler.handleCallback(Handler.java:995)
03-03 10:00:21.882  2942  3068 E GoogleApiManager: 	at android.os.Handler.dispatchMessage(Handler.java:103)
03-03 10:00:21.882  2942  3068 E GoogleApiManager: 	at cirt.mw(:com.google.android.gms@252635038@25.26.35 (260800-783060121):1)
03-03 10:00:21.882  2942  3068 E GoogleApiManager: 	at cirt.dispatchMessage(:com.google.android.gms@252635038@25.26.35 (260800-783060121):5)
03-03 10:00:21.882  2942  3068 E GoogleApiManager: 	at android.os.Looper.loopOnce(Looper.java:248)
03-03 10:00:21.882  2942  3068 E GoogleApiManager: 	at android.os.Looper.loop(Looper.java:338)
03-03 10:00:21.882  2942  3068 E GoogleApiManager: 	at android.os.HandlerThread.run(HandlerThread.java:85)
03-03 10:00:21.993  1614  2582 E ZappPhoneskyConn: Unable to bind to Phonesky
03-03 10:00:22.154  1614  2582 E ZappPhoneskyConn: Unable to bind to Phonesky
03-03 10:00:22.242  2435  2698 E BugleRcs: RcsEngineLifecycleManagerV2: RcsServiceConnectionException was raised while waiting to connect to RcsEngineLifecycleServiceV2
03-03 10:00:22.242  2435  2698 E BugleRcs: cumf: RcsServiceConnectionException:com.google.android.rcs.client.lifecycle.RcsEngineLifecycleServiceV2:UNKNOWN
03-03 10:00:22.242  2435  2698 E BugleRcs: 	at culm.a(PG:54)
03-03 10:00:22.242  2435  2698 E BugleRcs: 	at kho.a(PG:19)
03-03 10:00:22.242  2435  2698 E BugleRcs: 	at culn.a(PG:14)
03-03 10:00:22.242  2435  2698 E BugleRcs: 	at elsk.a(PG:13)
03-03 10:00:22.242  2435  2698 E BugleRcs: 	at esfd.a(PG:3)
03-03 10:00:22.242  2435  2698 E BugleRcs: 	at eseb.run(PG:19)
03-03 10:00:22.242  2435  2698 E BugleRcs: 	at esff.run(PG:5)
03-03 10:00:22.242  2435  2698 E BugleRcs: 	at dubu.run(PG:7)
03-03 10:00:22.242  2435  2698 E BugleRcs: 	at java.util.concurrent.ThreadPoolExecutor.runWorker(ThreadPoolExecutor.java:1156)
03-03 10:00:22.242  2435  2698 E BugleRcs: 	at java.util.concurrent.ThreadPoolExecutor$Worker.run(ThreadPoolExecutor.java:651)
03-03 10:00:22.242  2435  2698 E BugleRcs: 	at dubb.run(PG:6)
03-03 10:00:22.242  2435  2698 E BugleRcs: 	at java.lang.Thread.run(Thread.java:1119)
03-03 10:00:22.242  2435  2698 E BugleRcs: 	at ducv.run(PG:61)
03-03 10:00:22.244  2435  2704 E BugleRcs: RcsEngineLifecycleManagerV2: RcsServiceConnectionException was raised while waiting to connect to RcsEngineLifecycleServiceV2
03-03 10:00:22.244  2435  2704 E BugleRcs: cumf: RcsServiceConnectionException:com.google.android.rcs.client.lifecycle.RcsEngineLifecycleServiceV2:UNKNOWN
03-03 10:00:22.244  2435  2704 E BugleRcs: 	at culm.a(PG:54)
03-03 10:00:22.244  2435  2704 E BugleRcs: 	at kho.a(PG:19)
03-03 10:00:22.244  2435  2704 E BugleRcs: 	at culn.a(PG:14)
03-03 10:00:22.244  2435  2704 E BugleRcs: 	at elsk.a(PG:13)
03-03 10:00:22.244  2435  2704 E BugleRcs: 	at esfd.a(PG:3)
03-03 10:00:22.244  2435  2704 E BugleRcs: 	at eseb.run(PG:19)
03-03 10:00:22.244  2435  2704 E BugleRcs: 	at esff.run(PG:5)
03-03 10:00:22.244  2435  2704 E BugleRcs: 	at dubu.run(PG:7)
03-03 10:00:22.244  2435  2704 E BugleRcs: 	at java.util.concurrent.ThreadPoolExecutor.runWorker(ThreadPoolExecutor.java:1156)
03-03 10:00:22.244  2435  2704 E BugleRcs: 	at java.util.concurrent.ThreadPoolExecutor$Worker.run(ThreadPoolExecutor.java:651)
03-03 10:00:22.244  2435  2704 E BugleRcs: 	at dubb.run(PG:6)
03-03 10:00:22.244  2435  2704 E BugleRcs: 	at java.lang.Thread.run(Thread.java:1119)
03-03 10:00:22.244  2435  2704 E BugleRcs: 	at ducv.run(PG:61)
03-03 10:00:22.364  2435  2704 E BugleRcs: RcsEngineLifecycleManagerV2: RcsServiceConnectionException was raised while waiting to connect to RcsEngineLifecycleServiceV2
03-03 10:00:22.364  2435  2704 E BugleRcs: cumf: RcsServiceConnectionException:com.google.android.rcs.client.lifecycle.RcsEngineLifecycleServiceV2:UNKNOWN
03-03 10:00:22.364  2435  2704 E BugleRcs: 	at culm.a(PG:54)
03-03 10:00:22.364  2435  2704 E BugleRcs: 	at kho.a(PG:19)
03-03 10:00:22.364  2435  2704 E BugleRcs: 	at culn.a(PG:14)
03-03 10:00:22.364  2435  2704 E BugleRcs: 	at elsk.a(PG:13)
03-03 10:00:22.364  2435  2704 E BugleRcs: 	at esfd.a(PG:3)
03-03 10:00:22.364  2435  2704 E BugleRcs: 	at eseb.run(PG:19)
03-03 10:00:22.364  2435  2704 E BugleRcs: 	at esff.run(PG:5)
03-03 10:00:22.364  2435  2704 E BugleRcs: 	at dubu.run(PG:7)
03-03 10:00:22.364  2435  2704 E BugleRcs: 	at java.util.concurrent.ThreadPoolExecutor.runWorker(ThreadPoolExecutor.java:1156)
03-03 10:00:22.364  2435  2704 E BugleRcs: 	at java.util.concurrent.ThreadPoolExecutor$Worker.run(ThreadPoolExecutor.java:651)
03-03 10:00:22.364  2435  2704 E BugleRcs: 	at dubb.run(PG:6)
03-03 10:00:22.364  2435  2704 E BugleRcs: 	at java.lang.Thread.run(Thread.java:1119)
03-03 10:00:22.364  2435  2704 E BugleRcs: 	at ducv.run(PG:61)
03-03 10:00:22.365  2435  2698 E BugleRcs: RcsEngineLifecycleManagerV2: RcsServiceConnectionException was raised while waiting to connect to RcsEngineLifecycleServiceV2
03-03 10:00:22.365  2435  2698 E BugleRcs: cumf: RcsServiceConnectionException:com.google.android.rcs.client.lifecycle.RcsEngineLifecycleServiceV2:UNKNOWN
03-03 10:00:22.365  2435  2698 E BugleRcs: 	at culm.a(PG:54)
03-03 10:00:22.365  2435  2698 E BugleRcs: 	at kho.a(PG:19)
03-03 10:00:22.365  2435  2698 E BugleRcs: 	at culn.a(PG:14)
03-03 10:00:22.365  2435  2698 E BugleRcs: 	at elsk.a(PG:13)
03-03 10:00:22.365  2435  2698 E BugleRcs: 	at esfd.a(PG:3)
03-03 10:00:22.365  2435  2698 E BugleRcs: 	at eseb.run(PG:19)
03-03 10:00:22.365  2435  2698 E BugleRcs: 	at esff.run(PG:5)
03-03 10:00:22.365  2435  2698 E BugleRcs: 	at dubu.run(PG:7)
03-03 10:00:22.365  2435  2698 E BugleRcs: 	at java.util.concurrent.ThreadPoolExecutor.runWorker(ThreadPoolExecutor.java:1156)
03-03 10:00:22.365  2435  2698 E BugleRcs: 	at java.util.concurrent.ThreadPoolExecutor$Worker.run(ThreadPoolExecutor.java:651)
03-03 10:00:22.365  2435  2698 E BugleRcs: 	at dubb.run(PG:6)
03-03 10:00:22.365  2435  2698 E BugleRcs: 	at java.lang.Thread.run(Thread.java:1119)
03-03 10:00:22.365  2435  2698 E BugleRcs: 	at ducv.run(PG:61)
03-03 10:00:22.376  1614  2582 E DynamicModuleDownloader: Zapp module request failed: null
03-03 10:00:22.631  1786  1786 E rdv     : onError
03-03 10:00:22.631  1786  1786 E rdv     : afvv: errorCode: 65561, engine: 2
03-03 10:00:22.631  1786  1786 E rdv     : 	at auki.a(PG:23)
03-03 10:00:22.631  1786  1786 E rdv     : 	at abhl.hv(PG:13)
03-03 10:00:22.631  1786  1786 E rdv     : 	at fyqd.e(PG:9)
03-03 10:00:22.631  1786  1786 E rdv     : 	at ahbi.d(PG:154)
03-03 10:00:22.631  1786  1786 E rdv     : 	at ahbi.iW(PG:26)
03-03 10:00:22.631  1786  1786 E rdv     : 	at abhm.c(PG:102)
03-03 10:00:22.631  1786  1786 E rdv     : 	at abhn.run(PG:1)
03-03 10:00:22.631  1786  1786 E rdv     : 	at java.util.concurrent.Executors$RunnableAdapter.call(Executors.java:524)
03-03 10:00:22.631  1786  1786 E rdv     : 	at java.util.concurrent.FutureTask.run(FutureTask.java:317)
03-03 10:00:22.631  1786  1786 E rdv     : 	at aggv.run(PG:20)
03-03 10:00:22.631  1786  1786 E rdv     : 	at aght.run(PG:3)
03-03 10:00:22.631  1786  1786 E rdv     : 	at aght.run(PG:3)
03-03 10:00:22.631  1786  1786 E rdv     : 	at java.util.concurrent.ThreadPoolExecutor.runWorker(ThreadPoolExecutor.java:1156)
03-03 10:00:22.631  1786  1786 E rdv     : 	at java.util.concurrent.ThreadPoolExecutor$Worker.run(ThreadPoolExecutor.java:651)
03-03 10:00:22.631  1786  1786 E rdv     : 	at java.lang.Thread.run(Thread.java:1119)
03-03 10:00:22.631  1786  1786 E rdv     : 	at aggj.run(PG:42)
03-03 10:00:22.631  1786  1786 E rdv     : Caused by: afvx: errorCode: 65586, engine: 2
03-03 10:00:22.631  1786  1786 E rdv     : 	at abhl.hv(PG:6)
03-03 10:00:22.631  1786  1786 E rdv     : 	... 14 more
03-03 10:00:22.631  1786  1786 E rdv     : Caused by: afvt: errorCode: 401, engine: 2
03-03 10:00:22.631  1786  1786 E rdv     : 	at rds.b(PG:30)
03-03 10:00:22.631  1786  1786 E rdv     : 	at abii.hJ(PG:11)
03-03 10:00:22.631  1786  1786 E rdv     : 	at ahbi.d(PG:129)
03-03 10:00:22.631  1786  1786 E rdv     : 	... 12 more
03-03 10:00:22.964  3071  3149 E PhenotypeFlagCommitter: Retrieving snapshot for com.google.android.partnersetup#com.google.android.gm failed
03-03 10:00:22.964  3071  3149 E PhenotypeFlagCommitter: java.util.concurrent.TimeoutException: Timed out waiting for Task
03-03 10:00:22.964  3071  3149 E PhenotypeFlagCommitter: 	at aerp.O(PG:48)
03-03 10:00:22.964  3071  3149 E PhenotypeFlagCommitter: 	at txs.i(PG:11)
03-03 10:00:22.964  3071  3149 E PhenotypeFlagCommitter: 	at txs.j(PG:42)
03-03 10:00:22.964  3071  3149 E PhenotypeFlagCommitter: 	at txs.k(PG:5)
03-03 10:00:22.964  3071  3149 E PhenotypeFlagCommitter: 	at txs.j(PG:150)
03-03 10:00:22.964  3071  3149 E PhenotypeFlagCommitter: 	at txs.g(PG:7)
03-03 10:00:22.964  3071  3149 E PhenotypeFlagCommitter: 	at androidx.compose.ui.Actual_androidKt$$ExternalSyntheticLambda0.run(PG:505)
03-03 10:00:22.964  3071  3149 E PhenotypeFlagCommitter: 	at java.util.concurrent.ThreadPoolExecutor.runWorker(ThreadPoolExecutor.java:1156)
03-03 10:00:22.964  3071  3149 E PhenotypeFlagCommitter: 	at java.util.concurrent.ThreadPoolExecutor$Worker.run(ThreadPoolExecutor.java:651)
03-03 10:00:22.964  3071  3149 E PhenotypeFlagCommitter: 	at java.lang.Thread.run(Thread.java:1119)
03-03 10:00:23.521  3470  3520 E ashmem  : Pinning is deprecated since Android Q. Please use trim or other methods.
03-03 10:00:23.693   712   934 E JobScheduler.JobStatus: App com.google.android.apps.photos became active but still in NEVER bucket
03-03 10:00:24.828  3571  3571 E android.rkpdapp: Not starting debugger since process cannot load the jdwp agent.
03-03 10:00:24.908  3268  3552 E ashmem  : Pinning is deprecated since Android Q. Please use trim or other methods.
03-03 10:00:25.397  3610  3610 E oid.photopicker: Not starting debugger since process cannot load the jdwp agent.
03-03 10:00:25.427  1286  2360 E PhenotypeFlagCommitter: Retrieving snapshot for com.google.android.gms.lockbox failed
03-03 10:00:25.427  1286  2360 E PhenotypeFlagCommitter: java.util.concurrent.TimeoutException: Timed out waiting for Task
03-03 10:00:25.427  1286  2360 E PhenotypeFlagCommitter: 	at eque.o(:com.google.android.gms@252635038@25.26.35 (260800-783060121):53)
03-03 10:00:25.427  1286  2360 E PhenotypeFlagCommitter: 	at eeaf.f(:com.google.android.gms@252635038@25.26.35 (260800-783060121):11)
03-03 10:00:25.427  1286  2360 E PhenotypeFlagCommitter: 	at eeaf.j(:com.google.android.gms@252635038@25.26.35 (260800-783060121):42)
03-03 10:00:25.427  1286  2360 E PhenotypeFlagCommitter: 	at eeaf.h(:com.google.android.gms@252635038@25.26.35 (260800-783060121):4)
03-03 10:00:25.427  1286  2360 E PhenotypeFlagCommitter: 	at com.google.android.gms.lockbox.LockboxIntentOperation.onHandleIntent(:com.google.android.gms@252635038@25.26.35 (260800-783060121):57)
03-03 10:00:25.427  1286  2360 E PhenotypeFlagCommitter: 	at com.google.android.chimera.IntentOperation.onHandleIntent(:com.google.android.gms@252635038@25.26.35 (260800-783060121):2)
03-03 10:00:25.427  1286  2360 E PhenotypeFlagCommitter: 	at aumo.onHandleIntent(:com.google.android.gms@252635038@25.26.35 (260800-783060121):8)
03-03 10:00:25.427  1286  2360 E PhenotypeFlagCommitter: 	at vzd.run(:com.google.android.gms@252635038@25.26.35 (260800-783060121):64)
03-03 10:00:25.427  1286  2360 E PhenotypeFlagCommitter: 	at vzc.run(:com.google.android.gms@252635038@25.26.35 (260800-783060121):132)
03-03 10:00:25.427  1286  2360 E PhenotypeFlagCommitter: 	at fyac.run(:com.google.android.gms@252635038@25.26.35 (260800-783060121):21)
03-03 10:00:25.427  1286  2360 E PhenotypeFlagCommitter: 	at java.util.concurrent.ThreadPoolExecutor.runWorker(ThreadPoolExecutor.java:1156)
03-03 10:00:25.427  1286  2360 E PhenotypeFlagCommitter: 	at java.util.concurrent.ThreadPoolExecutor$Worker.run(ThreadPoolExecutor.java:651)
03-03 10:00:25.427  1286  2360 E PhenotypeFlagCommitter: 	at java.lang.Thread.run(Thread.java:1119)
03-03 10:00:25.859  3571  3631 E ashmem  : Pinning is deprecated since Android Q. Please use trim or other methods.
03-03 10:00:26.014  1614  3532 E PhenotypeFlagCommitter: Retrieving snapshot for com.google.lighter.android#com.google.android.gms failed
03-03 10:00:26.014  1614  3532 E PhenotypeFlagCommitter: java.util.concurrent.TimeoutException: Timed out waiting for Task
03-03 10:00:26.014  1614  3532 E PhenotypeFlagCommitter: 	at eque.o(:com.google.android.gms@252635038@25.26.35 (260800-783060121):53)
03-03 10:00:26.014  1614  3532 E PhenotypeFlagCommitter: 	at eeaf.f(:com.google.android.gms@252635038@25.26.35 (260800-783060121):11)
03-03 10:00:26.014  1614  3532 E PhenotypeFlagCommitter: 	at eeaf.j(:com.google.android.gms@252635038@25.26.35 (260800-783060121):42)
03-03 10:00:26.014  1614  3532 E PhenotypeFlagCommitter: 	at eeaf.h(:com.google.android.gms@252635038@25.26.35 (260800-783060121):4)
03-03 10:00:26.014  1614  3532 E PhenotypeFlagCommitter: 	at ffwn.apply(:com.google.android.gms@252635038@25.26.35 (260800-783060121):125)
03-03 10:00:26.014  1614  3532 E PhenotypeFlagCommitter: 	at ggbl.d(:com.google.android.gms@252635038@25.26.35 (260800-783060121):3)
03-03 10:00:26.014  1614  3532 E PhenotypeFlagCommitter: 	at ggbm.run(:com.google.android.gms@252635038@25.26.35 (260800-783060121):38)
03-03 10:00:26.014  1614  3532 E PhenotypeFlagCommitter: 	at ggcy.execute(:com.google.android.gms@252635038@25.26.35 (260800-783060121):1)
03-03 10:00:26.014  1614  3532 E PhenotypeFlagCommitter: 	at ggaz.f(:com.google.android.gms@252635038@25.26.35 (260800-783060121):1)
03-03 10:00:26.014  1614  3532 E PhenotypeFlagCommitter: 	at ggaz.m(:com.google.android.gms@252635038@25.26.35 (260800-783060121):99)
03-03 10:00:26.014  1614  3532 E PhenotypeFlagCommitter: 	at ggaz.q(:com.google.android.gms@252635038@25.26.35 (260800-783060121):13)
03-03 10:00:26.014  1614  3532 E PhenotypeFlagCommitter: 	at ggfk.e(:com.google.android.gms@252635038@25.26.35 (260800-783060121):3)
03-03 10:00:26.014  1614  3532 E PhenotypeFlagCommitter: 	at ggek.run(:com.google.android.gms@252635038@25.26.35 (260800-783060121):73)
03-03 10:00:26.014  1614  3532 E PhenotypeFlagCommitter: 	at ggfl.run(:com.google.android.gms@252635038@25.26.35 (260800-783060121):5)
03-03 10:00:26.014  1614  3532 E PhenotypeFlagCommitter: 	at ffws.run(:com.google.android.gms@252635038@25.26.35 (260800-783060121):3)
03-03 10:00:26.014  1614  3532 E PhenotypeFlagCommitter: 	at java.util.concurrent.ThreadPoolExecutor.runWorker(ThreadPoolExecutor.java:1156)
03-03 10:00:26.014  1614  3532 E PhenotypeFlagCommitter: 	at java.util.concurrent.ThreadPoolExecutor$Worker.run(ThreadPoolExecutor.java:651)
03-03 10:00:26.014  1614  3532 E PhenotypeFlagCommitter: 	at ffxm.run(:com.google.android.gms@252635038@25.26.35 (260800-783060121):10)
03-03 10:00:26.014  1614  3532 E PhenotypeFlagCommitter: 	at java.lang.Thread.run(Thread.java:1119)
03-03 10:00:26.637  3647  3647 E externalstorage: Not starting debugger since process cannot load the jdwp agent.
03-03 10:00:27.170  3647  3647 E ashmem  : Pinning is deprecated since Android Q. Please use trim or other methods.
03-03 10:00:27.656  3682  3682 E droid.deskclock: Not starting debugger since process cannot load the jdwp agent.
03-03 10:00:28.485   558   558 E WVCdm   : [oemcrypto_adapter_dynamic.cpp(1352):ValidateOrInstallL1KeyboxOrCert] L1 not initialized. Falling back to L3
03-03 10:00:28.512   558   558 E WVCdm   : [oemcrypto_adapter_dynamic.cpp(1352):ValidateOrInstallL1KeyboxOrCert] L1 not initialized. Falling back to L3
03-03 10:00:28.822  3682  3746 E droid.deskclock: hiddenapi: Accessing hidden field Ljava/util/Collections$SynchronizedCollection;->mutex:Ljava/lang/Object; (runtime_flags=0, domain=core-platform, api=max-target-o) from Lj$/util/DesugarCollections; (domain=app) using reflection: denied
03-03 10:00:28.824  3682  3746 E droid.deskclock: hiddenapi: Accessing hidden method Ljava/util/Collections$SynchronizedSet;-><init>(Ljava/util/Set;Ljava/lang/Object;)V (runtime_flags=0, domain=core-platform, api=max-target-o) from Lj$/util/DesugarCollections; (domain=app) using reflection: denied
03-03 10:00:28.824  3682  3746 E droid.deskclock: hiddenapi: Accessing hidden method Ljava/util/Collections$SynchronizedCollection;-><init>(Ljava/util/Collection;Ljava/lang/Object;)V (runtime_flags=0, domain=core-platform, api=max-target-o) from Lj$/util/DesugarCollections; (domain=app) using reflection: denied
03-03 10:00:28.888  3682  3747 E ashmem  : Pinning is deprecated since Android Q. Please use trim or other methods.
03-03 10:00:30.247  1614  3099 E GoogleSettingsUtils: Cannot write token, exception in Context lookup [CONTEXT service_id=130 ]
03-03 10:00:30.247  1614  3099 E GoogleSettingsUtils: java.io.FileNotFoundException: /data/user/0/com.google.android.gsf/files/security_token: open failed: ENOENT (No such file or directory)
03-03 10:00:30.247  1614  3099 E GoogleSettingsUtils: 	at libcore.io.IoBridge.open(IoBridge.java:574)
03-03 10:00:30.247  1614  3099 E GoogleSettingsUtils: 	at java.io.FileOutputStream.<init>(FileOutputStream.java:259)
03-03 10:00:30.247  1614  3099 E GoogleSettingsUtils: 	at android.app.ContextImpl.openFileOutput(ContextImpl.java:794)
03-03 10:00:30.247  1614  3099 E GoogleSettingsUtils: 	at atym.a(:com.google.android.gms@252635038@25.26.35 (260800-783060121):1738)
03-03 10:00:30.247  1614  3099 E GoogleSettingsUtils: 	at atzw.a(:com.google.android.gms@252635038@25.26.35 (260800-783060121):834)
03-03 10:00:30.247  1614  3099 E GoogleSettingsUtils: 	at com.google.android.gms.checkin.CheckinIntentOperation.onHandleIntent(:com.google.android.gms@252635038@25.26.35 (260800-783060121):30)
03-03 10:00:30.247  1614  3099 E GoogleSettingsUtils: 	at com.google.android.chimera.IntentOperation.onHandleIntent(:com.google.android.gms@252635038@25.26.35 (260800-783060121):2)
03-03 10:00:30.247  1614  3099 E GoogleSettingsUtils: 	at aumo.onHandleIntent(:com.google.android.gms@252635038@25.26.35 (260800-783060121):8)
03-03 10:00:30.247  1614  3099 E GoogleSettingsUtils: 	at vzd.run(:com.google.android.gms@252635038@25.26.35 (260800-783060121):64)
03-03 10:00:30.247  1614  3099 E GoogleSettingsUtils: 	at vzc.run(:com.google.android.gms@252635038@25.26.35 (260800-783060121):132)
03-03 10:00:30.247  1614  3099 E GoogleSettingsUtils: 	at fyac.run(:com.google.android.gms@252635038@25.26.35 (260800-783060121):21)
03-03 10:00:30.247  1614  3099 E GoogleSettingsUtils: 	at java.util.concurrent.ThreadPoolExecutor.runWorker(ThreadPoolExecutor.java:1156)
03-03 10:00:30.247  1614  3099 E GoogleSettingsUtils: 	at java.util.concurrent.ThreadPoolExecutor$Worker.run(ThreadPoolExecutor.java:651)
03-03 10:00:30.247  1614  3099 E GoogleSettingsUtils: 	at java.lang.Thread.run(Thread.java:1119)
03-03 10:00:30.247  1614  3099 E GoogleSettingsUtils: Caused by: android.system.ErrnoException: open failed: ENOENT (No such file or directory)
03-03 10:00:30.247  1614  3099 E GoogleSettingsUtils: 	at libcore.io.Linux.open(Native Method)
03-03 10:00:30.247  1614  3099 E GoogleSettingsUtils: 	at libcore.io.ForwardingOs.open(ForwardingOs.java:568)
03-03 10:00:30.247  1614  3099 E GoogleSettingsUtils: 	at libcore.io.BlockGuardOs.open(BlockGuardOs.java:274)
03-03 10:00:30.247  1614  3099 E GoogleSettingsUtils: 	at libcore.io.ForwardingOs.open(ForwardingOs.java:568)
03-03 10:00:30.247  1614  3099 E GoogleSettingsUtils: 	at android.app.ActivityThread$AndroidOs.open(ActivityThread.java:8953)
03-03 10:00:30.247  1614  3099 E GoogleSettingsUtils: 	at libcore.io.IoBridge.open(IoBridge.java:560)
03-03 10:00:30.247  1614  3099 E GoogleSettingsUtils: 	... 13 more
03-03 10:00:30.261  1614  2031 E SharedPreferencesImpl: Couldn't create directory for SharedPreferences file /data/user/0/com.google.android.gsf/shared_prefs/CheckinService.xml
03-03 10:00:31.508  1614  2142 E Pay     : NfcAdapter is null while obtaining CardEmulation instance. [CONTEXT service_id=198 ]
03-03 10:00:31.509  1614  2142 E Pay     : CardEmulation is null while checking aid registration. [CONTEXT service_id=198 ]
03-03 10:01:02.701  1786  1786 E rdv     : onError
03-03 10:01:02.701  1786  1786 E rdv     : afvv: errorCode: 65561, engine: 2
03-03 10:01:02.701  1786  1786 E rdv     : 	at auki.a(PG:23)
03-03 10:01:02.701  1786  1786 E rdv     : 	at abhl.hv(PG:13)
03-03 10:01:02.701  1786  1786 E rdv     : 	at fyqd.e(PG:9)
03-03 10:01:02.701  1786  1786 E rdv     : 	at ahbi.d(PG:154)
03-03 10:01:02.701  1786  1786 E rdv     : 	at ahbi.iW(PG:26)
03-03 10:01:02.701  1786  1786 E rdv     : 	at abhm.c(PG:102)
03-03 10:01:02.701  1786  1786 E rdv     : 	at abhn.run(PG:1)
03-03 10:01:02.701  1786  1786 E rdv     : 	at java.util.concurrent.Executors$RunnableAdapter.call(Executors.java:524)
03-03 10:01:02.701  1786  1786 E rdv     : 	at java.util.concurrent.FutureTask.run(FutureTask.java:317)
03-03 10:01:02.701  1786  1786 E rdv     : 	at aggv.run(PG:20)
03-03 10:01:02.701  1786  1786 E rdv     : 	at aght.run(PG:3)
03-03 10:01:02.701  1786  1786 E rdv     : 	at aght.run(PG:3)
03-03 10:01:02.701  1786  1786 E rdv     : 	at java.util.concurrent.ThreadPoolExecutor.runWorker(ThreadPoolExecutor.java:1156)
03-03 10:01:02.701  1786  1786 E rdv     : 	at java.util.concurrent.ThreadPoolExecutor$Worker.run(ThreadPoolExecutor.java:651)
03-03 10:01:02.701  1786  1786 E rdv     : 	at java.lang.Thread.run(Thread.java:1119)
03-03 10:01:02.701  1786  1786 E rdv     : 	at aggj.run(PG:42)
03-03 10:01:02.701  1786  1786 E rdv     : Caused by: afvx: errorCode: 65586, engine: 2
03-03 10:01:02.701  1786  1786 E rdv     : 	at abhl.hv(PG:6)
03-03 10:01:02.701  1786  1786 E rdv     : 	... 14 more
03-03 10:01:02.701  1786  1786 E rdv     : Caused by: afvt: errorCode: 401, engine: 2
03-03 10:01:02.701  1786  1786 E rdv     : 	at rds.b(PG:30)
03-03 10:01:02.701  1786  1786 E rdv     : 	at abii.hJ(PG:11)
03-03 10:01:02.701  1786  1786 E rdv     : 	at ahbi.d(PG:129)
03-03 10:01:02.701  1786  1786 E rdv     : 	... 12 more
03-03 10:01:02.919  1923  2354 E DialerRestVvmCarrierService: com.android.dialer.voicemail.service.impl.vvmclients.rest.RestVvmCarrierService.getMsisdn:420 Retrieved phone number in an unexpected format: +15551234567 [CONTEXT disable_client_error_logging=true ]
03-03 10:01:02.919  1923  2354 E DialerRestVvmCarrierService: zxo: MEDIUM
03-03 10:01:02.919  1923  2354 E DialerRestVvmCarrierService: 	at a.cN(PG:15)
03-03 10:01:02.919  1923  2354 E DialerRestVvmCarrierService: 	at pxq.apply(PG:489)
03-03 10:01:02.919  1923  2354 E DialerRestVvmCarrierService: 	at zcp.apply(PG:13)
03-03 10:01:02.919  1923  2354 E DialerRestVvmCarrierService: 	at aaka.d(PG:3)
03-03 10:01:02.919  1923  2354 E DialerRestVvmCarrierService: 	at aakb.run(PG:38)
03-03 10:01:02.919  1923  2354 E DialerRestVvmCarrierService: 	at umz.run(PG:7)
03-03 10:01:02.919  1923  2354 E DialerRestVvmCarrierService: 	at aadu.run(PG:44)
03-03 10:01:02.919  1923  2354 E DialerRestVvmCarrierService: 	at tdt.run(PG:78)
03-03 10:01:02.919  1923  2354 E DialerRestVvmCarrierService: 	at cp.run(PG:143)
03-03 10:01:02.919  1923  2354 E DialerRestVvmCarrierService: 	at java.lang.Thread.run(Thread.java:1119)
03-03 10:01:02.919  1923  2354 E DialerRestVvmCarrierService: 	at uoe.run(PG:61)
03-03 10:01:03.104  1923  2382 E DialerRestVvmCarrierService: com.android.dialer.voicemail.service.impl.vvmclients.rest.RestVvmCarrierService.getMsisdn:420 Retrieved phone number in an unexpected format: +15551234567 [CONTEXT disable_client_error_logging=true ]
03-03 10:01:03.104  1923  2382 E DialerRestVvmCarrierService: zxo: MEDIUM
03-03 10:01:03.104  1923  2382 E DialerRestVvmCarrierService: 	at a.cN(PG:15)
03-03 10:01:03.104  1923  2382 E DialerRestVvmCarrierService: 	at pxq.apply(PG:489)
03-03 10:01:03.104  1923  2382 E DialerRestVvmCarrierService: 	at zcp.apply(PG:13)
03-03 10:01:03.104  1923  2382 E DialerRestVvmCarrierService: 	at aaka.d(PG:3)
03-03 10:01:03.104  1923  2382 E DialerRestVvmCarrierService: 	at aakb.run(PG:38)
03-03 10:01:03.104  1923  2382 E DialerRestVvmCarrierService: 	at umz.run(PG:7)
03-03 10:01:03.104  1923  2382 E DialerRestVvmCarrierService: 	at aadu.run(PG:44)
03-03 10:01:03.104  1923  2382 E DialerRestVvmCarrierService: 	at tdt.run(PG:78)
03-03 10:01:03.104  1923  2382 E DialerRestVvmCarrierService: 	at cp.run(PG:143)
03-03 10:01:03.104  1923  2382 E DialerRestVvmCarrierService: 	at java.lang.Thread.run(Thread.java:1119)
03-03 10:01:03.104  1923  2382 E DialerRestVvmCarrierService: 	at uoe.run(PG:61)
03-03 10:01:03.196  1923  2354 E DialerRestVvmCarrierService: com.android.dialer.voicemail.service.impl.vvmclients.rest.RestVvmCarrierService.getMsisdn:420 Retrieved phone number in an unexpected format: +15551234567 [CONTEXT disable_client_error_logging=true ]
03-03 10:01:03.196  1923  2354 E DialerRestVvmCarrierService: zxo: MEDIUM
03-03 10:01:03.196  1923  2354 E DialerRestVvmCarrierService: 	at a.cN(PG:15)
03-03 10:01:03.196  1923  2354 E DialerRestVvmCarrierService: 	at pxq.apply(PG:489)
03-03 10:01:03.196  1923  2354 E DialerRestVvmCarrierService: 	at zcp.apply(PG:13)
03-03 10:01:03.196  1923  2354 E DialerRestVvmCarrierService: 	at aaka.d(PG:3)
03-03 10:01:03.196  1923  2354 E DialerRestVvmCarrierService: 	at aakb.run(PG:38)
03-03 10:01:03.196  1923  2354 E DialerRestVvmCarrierService: 	at umz.run(PG:7)
03-03 10:01:03.196  1923  2354 E DialerRestVvmCarrierService: 	at aadu.run(PG:44)
03-03 10:01:03.196  1923  2354 E DialerRestVvmCarrierService: 	at tdt.run(PG:78)
03-03 10:01:03.196  1923  2354 E DialerRestVvmCarrierService: 	at cp.run(PG:143)
03-03 10:01:03.196  1923  2354 E DialerRestVvmCarrierService: 	at java.lang.Thread.run(Thread.java:1119)
03-03 10:01:03.196  1923  2354 E DialerRestVvmCarrierService: 	at uoe.run(PG:61)
03-03 10:01:04.117  1923  2354 E DialerRestVvmCarrierService: com.android.dialer.voicemail.service.impl.vvmclients.rest.RestVvmCarrierService.getMsisdn:420 Retrieved phone number in an unexpected format: +15551234567 [CONTEXT disable_client_error_logging=true ]
03-03 10:01:04.117  1923  2354 E DialerRestVvmCarrierService: zxo: MEDIUM
03-03 10:01:04.117  1923  2354 E DialerRestVvmCarrierService: 	at a.cN(PG:15)
03-03 10:01:04.117  1923  2354 E DialerRestVvmCarrierService: 	at pxq.apply(PG:489)
03-03 10:01:04.117  1923  2354 E DialerRestVvmCarrierService: 	at zcp.apply(PG:13)
03-03 10:01:04.117  1923  2354 E DialerRestVvmCarrierService: 	at aaka.d(PG:3)
03-03 10:01:04.117  1923  2354 E DialerRestVvmCarrierService: 	at aakb.run(PG:38)
03-03 10:01:04.117  1923  2354 E DialerRestVvmCarrierService: 	at umz.run(PG:7)
03-03 10:01:04.117  1923  2354 E DialerRestVvmCarrierService: 	at aadu.run(PG:44)
03-03 10:01:04.117  1923  2354 E DialerRestVvmCarrierService: 	at tdt.run(PG:78)
03-03 10:01:04.117  1923  2354 E DialerRestVvmCarrierService: 	at cp.run(PG:143)
03-03 10:01:04.117  1923  2354 E DialerRestVvmCarrierService: 	at java.lang.Thread.run(Thread.java:1119)
03-03 10:01:04.117  1923  2354 E DialerRestVvmCarrierService: 	at uoe.run(PG:61)
03-03 10:01:30.109  1191  3821 E WifiScanner: listener does not exist
03-03 10:01:30.161   712  1221 E WifiService: Attempt to retrieve passpoint with invalid scanResult List
03-03 10:02:18.936  1786  1786 E rdv     : onError
03-03 10:02:18.936  1786  1786 E rdv     : afvv: errorCode: 65561, engine: 2
03-03 10:02:18.936  1786  1786 E rdv     : 	at auki.a(PG:23)
03-03 10:02:18.936  1786  1786 E rdv     : 	at abhl.hv(PG:13)
03-03 10:02:18.936  1786  1786 E rdv     : 	at fyqd.e(PG:9)
03-03 10:02:18.936  1786  1786 E rdv     : 	at ahbi.d(PG:154)
03-03 10:02:18.936  1786  1786 E rdv     : 	at ahbi.iW(PG:26)
03-03 10:02:18.936  1786  1786 E rdv     : 	at abhm.c(PG:102)
03-03 10:02:18.936  1786  1786 E rdv     : 	at abhn.run(PG:1)
03-03 10:02:18.936  1786  1786 E rdv     : 	at java.util.concurrent.Executors$RunnableAdapter.call(Executors.java:524)
03-03 10:02:18.936  1786  1786 E rdv     : 	at java.util.concurrent.FutureTask.run(FutureTask.java:317)
03-03 10:02:18.936  1786  1786 E rdv     : 	at aggv.run(PG:20)
03-03 10:02:18.936  1786  1786 E rdv     : 	at aght.run(PG:3)
03-03 10:02:18.936  1786  1786 E rdv     : 	at aght.run(PG:3)
03-03 10:02:18.936  1786  1786 E rdv     : 	at java.util.concurrent.ThreadPoolExecutor.runWorker(ThreadPoolExecutor.java:1156)
03-03 10:02:18.936  1786  1786 E rdv     : 	at java.util.concurrent.ThreadPoolExecutor$Worker.run(ThreadPoolExecutor.java:651)
03-03 10:02:18.936  1786  1786 E rdv     : 	at java.lang.Thread.run(Thread.java:1119)
03-03 10:02:18.936  1786  1786 E rdv     : 	at aggj.run(PG:42)
03-03 10:02:18.936  1786  1786 E rdv     : Caused by: afvx: errorCode: 65586, engine: 2
03-03 10:02:18.936  1786  1786 E rdv     : 	at abhl.hv(PG:6)
03-03 10:02:18.936  1786  1786 E rdv     : 	... 14 more
03-03 10:02:18.936  1786  1786 E rdv     : Caused by: afvt: errorCode: 401, engine: 2
03-03 10:02:18.936  1786  1786 E rdv     : 	at rds.b(PG:30)
03-03 10:02:18.936  1786  1786 E rdv     : 	at abii.hJ(PG:11)
03-03 10:02:18.936  1786  1786 E rdv     : 	at ahbi.d(PG:129)
03-03 10:02:18.936  1786  1786 E rdv     : 	... 12 more
03-03 10:02:19.014  1923  2354 E DialerRestVvmCarrierService: com.android.dialer.voicemail.service.impl.vvmclients.rest.RestVvmCarrierService.getMsisdn:420 Retrieved phone number in an unexpected format: +15551234567 [CONTEXT disable_client_error_logging=true ]
03-03 10:02:19.014  1923  2354 E DialerRestVvmCarrierService: zxo: MEDIUM
03-03 10:02:19.014  1923  2354 E DialerRestVvmCarrierService: 	at a.cN(PG:15)
03-03 10:02:19.014  1923  2354 E DialerRestVvmCarrierService: 	at pxq.apply(PG:489)
03-03 10:02:19.014  1923  2354 E DialerRestVvmCarrierService: 	at zcp.apply(PG:13)
03-03 10:02:19.014  1923  2354 E DialerRestVvmCarrierService: 	at aaka.d(PG:3)
03-03 10:02:19.014  1923  2354 E DialerRestVvmCarrierService: 	at aakb.run(PG:38)
03-03 10:02:19.014  1923  2354 E DialerRestVvmCarrierService: 	at umz.run(PG:7)
03-03 10:02:19.014  1923  2354 E DialerRestVvmCarrierService: 	at aadu.run(PG:44)
03-03 10:02:19.014  1923  2354 E DialerRestVvmCarrierService: 	at tdt.run(PG:78)
03-03 10:02:19.014  1923  2354 E DialerRestVvmCarrierService: 	at cp.run(PG:143)
03-03 10:02:19.014  1923  2354 E DialerRestVvmCarrierService: 	at java.lang.Thread.run(Thread.java:1119)
03-03 10:02:19.014  1923  2354 E DialerRestVvmCarrierService: 	at uoe.run(PG:61)
03-03 10:02:19.104  1923  2382 E DialerRestVvmCarrierService: com.android.dialer.voicemail.service.impl.vvmclients.rest.RestVvmCarrierService.getMsisdn:420 Retrieved phone number in an unexpected format: +15551234567 [CONTEXT disable_client_error_logging=true ]
03-03 10:02:19.104  1923  2382 E DialerRestVvmCarrierService: zxo: MEDIUM
03-03 10:02:19.104  1923  2382 E DialerRestVvmCarrierService: 	at a.cN(PG:15)
03-03 10:02:19.104  1923  2382 E DialerRestVvmCarrierService: 	at pxq.apply(PG:489)
03-03 10:02:19.104  1923  2382 E DialerRestVvmCarrierService: 	at zcp.apply(PG:13)
03-03 10:02:19.104  1923  2382 E DialerRestVvmCarrierService: 	at aaka.d(PG:3)
03-03 10:02:19.104  1923  2382 E DialerRestVvmCarrierService: 	at aakb.run(PG:38)
03-03 10:02:19.104  1923  2382 E DialerRestVvmCarrierService: 	at umz.run(PG:7)
03-03 10:02:19.104  1923  2382 E DialerRestVvmCarrierService: 	at aadu.run(PG:44)
03-03 10:02:19.104  1923  2382 E DialerRestVvmCarrierService: 	at tdt.run(PG:78)
03-03 10:02:19.104  1923  2382 E DialerRestVvmCarrierService: 	at cp.run(PG:143)
03-03 10:02:19.104  1923  2382 E DialerRestVvmCarrierService: 	at java.lang.Thread.run(Thread.java:1119)
03-03 10:02:19.104  1923  2382 E DialerRestVvmCarrierService: 	at uoe.run(PG:61)
03-03 10:02:19.217  1923  2382 E DialerRestVvmCarrierService: com.android.dialer.voicemail.service.impl.vvmclients.rest.RestVvmCarrierService.getMsisdn:420 Retrieved phone number in an unexpected format: +15551234567 [CONTEXT disable_client_error_logging=true ]
03-03 10:02:19.217  1923  2382 E DialerRestVvmCarrierService: zxo: MEDIUM
03-03 10:02:19.217  1923  2382 E DialerRestVvmCarrierService: 	at a.cN(PG:15)
03-03 10:02:19.217  1923  2382 E DialerRestVvmCarrierService: 	at pxq.apply(PG:489)
03-03 10:02:19.217  1923  2382 E DialerRestVvmCarrierService: 	at zcp.apply(PG:13)
03-03 10:02:19.217  1923  2382 E DialerRestVvmCarrierService: 	at aaka.d(PG:3)
03-03 10:02:19.217  1923  2382 E DialerRestVvmCarrierService: 	at aakb.run(PG:38)
03-03 10:02:19.217  1923  2382 E DialerRestVvmCarrierService: 	at umz.run(PG:7)
03-03 10:02:19.217  1923  2382 E DialerRestVvmCarrierService: 	at aadu.run(PG:44)
03-03 10:02:19.217  1923  2382 E DialerRestVvmCarrierService: 	at tdt.run(PG:78)
03-03 10:02:19.217  1923  2382 E DialerRestVvmCarrierService: 	at cp.run(PG:143)
03-03 10:02:19.217  1923  2382 E DialerRestVvmCarrierService: 	at java.lang.Thread.run(Thread.java:1119)
03-03 10:02:19.217  1923  2382 E DialerRestVvmCarrierService: 	at uoe.run(PG:61)
03-03 10:02:19.265  1923  2354 E DialerRestVvmCarrierService: com.android.dialer.voicemail.service.impl.vvmclients.rest.RestVvmCarrierService.getMsisdn:420 Retrieved phone number in an unexpected format: +15551234567 [CONTEXT disable_client_error_logging=true ]
03-03 10:02:19.265  1923  2354 E DialerRestVvmCarrierService: zxo: MEDIUM
03-03 10:02:19.265  1923  2354 E DialerRestVvmCarrierService: 	at a.cN(PG:15)
03-03 10:02:19.265  1923  2354 E DialerRestVvmCarrierService: 	at pxq.apply(PG:489)
03-03 10:02:19.265  1923  2354 E DialerRestVvmCarrierService: 	at zcp.apply(PG:13)
03-03 10:02:19.265  1923  2354 E DialerRestVvmCarrierService: 	at aaka.d(PG:3)
03-03 10:02:19.265  1923  2354 E DialerRestVvmCarrierService: 	at aakb.run(PG:38)
03-03 10:02:19.265  1923  2354 E DialerRestVvmCarrierService: 	at umz.run(PG:7)
03-03 10:02:19.265  1923  2354 E DialerRestVvmCarrierService: 	at aadu.run(PG:44)
03-03 10:02:19.265  1923  2354 E DialerRestVvmCarrierService: 	at tdt.run(PG:78)
03-03 10:02:19.265  1923  2354 E DialerRestVvmCarrierService: 	at cp.run(PG:143)
03-03 10:02:19.265  1923  2354 E DialerRestVvmCarrierService: 	at java.lang.Thread.run(Thread.java:1119)
03-03 10:02:19.265  1923  2354 E DialerRestVvmCarrierService: 	at uoe.run(PG:61)
03-03 10:04:05.164   712   993 E SettingsToPropertiesMapper: key=persist.device_config.storage_native_boot.transcode_compat_manifest value=com.yelp.android,0,com.yy.biu,0,com.groupme.android,0,air.tv.douyu.android,0,com.baidu.mbaby,0,com.vlocker.locker,0,com.znxh.hyhuo,0,com.yixia.xiaokaxiu,0 exceeds system property max length.
03-03 10:04:05.357  3610  3610 E ashmem  : Pinning is deprecated since Android Q. Please use trim or other methods.
03-03 10:04:06.495   712   993 E SettingsToPropertiesMapper: key=persist.device_config.configuration.AdbWritableFlags__adb_writable_flags_list value=adservices/disable_sdk_sandbox,adservices/enforce_broadcast_receiver_restrictions,adservices/fledge_ad_selection_enforce_foreground_status_custom_audience,adservices/fledge_custom_audience_max_count,adservices/fledge_custom_audience_max_num_ads,adservices/fledge_custom_audience_max_owner_count,adservices/fledge_custom_audience_per_app_max_count,adservices/fledge_js_isolate_enforce_max_heap_size,adservices/fledge_js_isolate_max_heap_size_bytes,adservices/sdk_request_permits_per_second,adservices/sdksandbox_customized_sdk_context_enabled,configuration/namespace_to_package_mapping,constrain_display_apis/always_constrain_display_apis,constrain_display_apis/never_constrain_display_apis,constrain_display_apis/never_constrain_display_apis_all_packages,device_policy_manager/disable_resources_updatability,flipendo/default_savings_mode_launch,flipendo/essential_apps,flipendo/flipendo_enabled_launch,flipendo/grayscale_enabled_launch,flipendo/lever_ble_scanning_enabled_launch,flipendo/lever_hotspot_enabled_launch,flipendo/lever_work_profile_enabled_launch,flipendo/resuspend_delay_minutes,namespace/key,namespace1/key1,namespace1/key2,namespace2/key1,namespace2/key2,package_manager_service/incfs_default_timeouts,package_manager_service/known_digesters_list,privacy/location_access_check_periodic_interval_millis,rollback/enable_rollback_timeout,rollback/watchdog_explicit_health_check_enabled,rollback/watchdog_request_timeout_millis,rollback/watchdog_trigger_failure_count,rollback/watchdog_trigger_failure_duration_millis,rollback_boot/rollback_lifetime_in_millis,systemui/nas_generate_actions,systemui/nas_generate_replies,systemui/nas_max_messages_to_extract,systemui/nas_max_suggestions,testspace/another,testspace/flagname,textclassifier/config_updater_model_enabled,textclassifier/key,textclassifier/key2,textclassifier/manifest_url_annotator_en,textclassifier/manifest_url_annotator_ru,textclassifier/model_download_backoff_delay_in_millis,textclassifier/model_download_manager_enabled,textclassifier/multi_language_support_enabled,textclassifier/testing_locale_list_override,textclassifier/textclassifier_service_package_override,window_manager/enable_default_rescind_bal_privileges_from_pending_intent_sender,wrong/nas_generate_replies, exceeds system property max length.
03-03 10:04:07.042   712   712 E DeviceConfig: Parsing int failed for location_mode
03-03 10:04:34.309   712  3902 E GnssPsdsDownloader: No Long-Term PSDS servers were specified in the GnssConfiguration
03-03 10:04:57.405  1786  1786 E rdv     : onError
03-03 10:04:57.405  1786  1786 E rdv     : afvv: errorCode: 65561, engine: 2
03-03 10:04:57.405  1786  1786 E rdv     : 	at auki.a(PG:23)
03-03 10:04:57.405  1786  1786 E rdv     : 	at abhl.hv(PG:13)
03-03 10:04:57.405  1786  1786 E rdv     : 	at fyqd.e(PG:9)
03-03 10:04:57.405  1786  1786 E rdv     : 	at ahbi.d(PG:154)
03-03 10:04:57.405  1786  1786 E rdv     : 	at ahbi.iW(PG:26)
03-03 10:04:57.405  1786  1786 E rdv     : 	at abhm.c(PG:102)
03-03 10:04:57.405  1786  1786 E rdv     : 	at abhn.run(PG:1)
03-03 10:04:57.405  1786  1786 E rdv     : 	at java.util.concurrent.Executors$RunnableAdapter.call(Executors.java:524)
03-03 10:04:57.405  1786  1786 E rdv     : 	at java.util.concurrent.FutureTask.run(FutureTask.java:317)
03-03 10:04:57.405  1786  1786 E rdv     : 	at aggv.run(PG:20)
03-03 10:04:57.405  1786  1786 E rdv     : 	at aght.run(PG:3)
03-03 10:04:57.405  1786  1786 E rdv     : 	at aght.run(PG:3)
03-03 10:04:57.405  1786  1786 E rdv     : 	at java.util.concurrent.ThreadPoolExecutor.runWorker(ThreadPoolExecutor.java:1156)
03-03 10:04:57.405  1786  1786 E rdv     : 	at java.util.concurrent.ThreadPoolExecutor$Worker.run(ThreadPoolExecutor.java:651)
03-03 10:04:57.405  1786  1786 E rdv     : 	at java.lang.Thread.run(Thread.java:1119)
03-03 10:04:57.405  1786  1786 E rdv     : 	at aggj.run(PG:42)
03-03 10:04:57.405  1786  1786 E rdv     : Caused by: afvx: errorCode: 65586, engine: 2
03-03 10:04:57.405  1786  1786 E rdv     : 	at abhl.hv(PG:6)
03-03 10:04:57.405  1786  1786 E rdv     : 	... 14 more
03-03 10:04:57.405  1786  1786 E rdv     : Caused by: afvt: errorCode: 401, engine: 2
03-03 10:04:57.405  1786  1786 E rdv     : 	at rds.b(PG:30)
03-03 10:04:57.405  1786  1786 E rdv     : 	at abii.hJ(PG:11)
03-03 10:04:57.405  1786  1786 E rdv     : 	at ahbi.d(PG:129)
03-03 10:04:57.405  1786  1786 E rdv     : 	... 12 more
03-03 10:04:57.600  1923  2382 E DialerRestVvmCarrierService: com.android.dialer.voicemail.service.impl.vvmclients.rest.RestVvmCarrierService.getMsisdn:420 Retrieved phone number in an unexpected format: +15551234567 [CONTEXT disable_client_error_logging=true ]
03-03 10:04:57.600  1923  2382 E DialerRestVvmCarrierService: zxo: MEDIUM
03-03 10:04:57.600  1923  2382 E DialerRestVvmCarrierService: 	at a.cN(PG:15)
03-03 10:04:57.600  1923  2382 E DialerRestVvmCarrierService: 	at pxq.apply(PG:489)
03-03 10:04:57.600  1923  2382 E DialerRestVvmCarrierService: 	at zcp.apply(PG:13)
03-03 10:04:57.600  1923  2382 E DialerRestVvmCarrierService: 	at aaka.d(PG:3)
03-03 10:04:57.600  1923  2382 E DialerRestVvmCarrierService: 	at aakb.run(PG:38)
03-03 10:04:57.600  1923  2382 E DialerRestVvmCarrierService: 	at umz.run(PG:7)
03-03 10:04:57.600  1923  2382 E DialerRestVvmCarrierService: 	at aadu.run(PG:44)
03-03 10:04:57.600  1923  2382 E DialerRestVvmCarrierService: 	at tdt.run(PG:78)
03-03 10:04:57.600  1923  2382 E DialerRestVvmCarrierService: 	at cp.run(PG:143)
03-03 10:04:57.600  1923  2382 E DialerRestVvmCarrierService: 	at java.lang.Thread.run(Thread.java:1119)
03-03 10:04:57.600  1923  2382 E DialerRestVvmCarrierService: 	at uoe.run(PG:61)
03-03 10:04:57.831  1923  2354 E DialerRestVvmCarrierService: com.android.dialer.voicemail.service.impl.vvmclients.rest.RestVvmCarrierService.getMsisdn:420 Retrieved phone number in an unexpected format: +15551234567 [CONTEXT disable_client_error_logging=true ]
03-03 10:04:57.831  1923  2354 E DialerRestVvmCarrierService: zxo: MEDIUM
03-03 10:04:57.831  1923  2354 E DialerRestVvmCarrierService: 	at a.cN(PG:15)
03-03 10:04:57.831  1923  2354 E DialerRestVvmCarrierService: 	at pxq.apply(PG:489)
03-03 10:04:57.831  1923  2354 E DialerRestVvmCarrierService: 	at zcp.apply(PG:13)
03-03 10:04:57.831  1923  2354 E DialerRestVvmCarrierService: 	at aaka.d(PG:3)
03-03 10:04:57.831  1923  2354 E DialerRestVvmCarrierService: 	at aakb.run(PG:38)
03-03 10:04:57.831  1923  2354 E DialerRestVvmCarrierService: 	at umz.run(PG:7)
03-03 10:04:57.831  1923  2354 E DialerRestVvmCarrierService: 	at aadu.run(PG:44)
03-03 10:04:57.831  1923  2354 E DialerRestVvmCarrierService: 	at tdt.run(PG:78)
03-03 10:04:57.831  1923  2354 E DialerRestVvmCarrierService: 	at cp.run(PG:143)
03-03 10:04:57.831  1923  2354 E DialerRestVvmCarrierService: 	at java.lang.Thread.run(Thread.java:1119)
03-03 10:04:57.831  1923  2354 E DialerRestVvmCarrierService: 	at uoe.run(PG:61)
03-03 10:04:58.056  1923  2354 E DialerVvmExecutorImpl: com.android.dialer.voicemail.service.impl.scheduler.VvmExecutorImpl.executeWorkOnCarrierService:399 Exception during vvm work for ComponentInfo{com.android.phone/com.android.services.telephony.TelephonyConnectionService}, 1, UserHandle{0} [CONTEXT enable_persistent_logger=true ]
03-03 10:04:58.056  1923  2354 E DialerVvmExecutorImpl: pul: VVM failure reason: 2
03-03 10:04:58.056  1923  2354 E DialerVvmExecutorImpl: 	at qca.onAuthenticationFailure(PG:93)
03-03 10:04:58.056  1923  2354 E DialerVvmExecutorImpl: 	at android.telephony.TelephonyManager$18.lambda$onAuthenticationFailure$1(TelephonyManager.java:18343)
03-03 10:04:58.056  1923  2354 E DialerVvmExecutorImpl: 	at android.telephony.TelephonyManager$18$$ExternalSyntheticLambda0.run(D8$$SyntheticClass:0)
03-03 10:04:58.056  1923  2354 E DialerVvmExecutorImpl: 	at umz.run(PG:7)
03-03 10:04:58.056  1923  2354 E DialerVvmExecutorImpl: 	at aadu.run(PG:44)
03-03 10:04:58.056  1923  2354 E DialerVvmExecutorImpl: 	at tdt.run(PG:78)
03-03 10:04:58.056  1923  2354 E DialerVvmExecutorImpl: 	at cp.run(PG:143)
03-03 10:04:58.056  1923  2354 E DialerVvmExecutorImpl: 	at java.lang.Thread.run(Thread.java:1119)
03-03 10:04:58.056  1923  2354 E DialerVvmExecutorImpl: 	at uoe.run(PG:61)
03-03 10:04:58.619  1923  2354 E DialerRestVvmCarrierService: com.android.dialer.voicemail.service.impl.vvmclients.rest.RestVvmCarrierService.getMsisdn:420 Retrieved phone number in an unexpected format: +15551234567 [CONTEXT disable_client_error_logging=true ]
03-03 10:04:58.619  1923  2354 E DialerRestVvmCarrierService: zxo: MEDIUM
03-03 10:04:58.619  1923  2354 E DialerRestVvmCarrierService: 	at a.cN(PG:15)
03-03 10:04:58.619  1923  2354 E DialerRestVvmCarrierService: 	at pxq.apply(PG:489)
03-03 10:04:58.619  1923  2354 E DialerRestVvmCarrierService: 	at zcp.apply(PG:13)
03-03 10:04:58.619  1923  2354 E DialerRestVvmCarrierService: 	at aaka.d(PG:3)
03-03 10:04:58.619  1923  2354 E DialerRestVvmCarrierService: 	at aakb.run(PG:38)
03-03 10:04:58.619  1923  2354 E DialerRestVvmCarrierService: 	at umz.run(PG:7)
03-03 10:04:58.619  1923  2354 E DialerRestVvmCarrierService: 	at aadu.run(PG:44)
03-03 10:04:58.619  1923  2354 E DialerRestVvmCarrierService: 	at tdt.run(PG:78)
03-03 10:04:58.619  1923  2354 E DialerRestVvmCarrierService: 	at cp.run(PG:143)
03-03 10:04:58.619  1923  2354 E DialerRestVvmCarrierService: 	at java.lang.Thread.run(Thread.java:1119)
03-03 10:04:58.619  1923  2354 E DialerRestVvmCarrierService: 	at uoe.run(PG:61)
03-03 10:04:58.742  1923  2354 E DialerRestVvmCarrierService: com.android.dialer.voicemail.service.impl.vvmclients.rest.RestVvmCarrierService.getMsisdn:420 Retrieved phone number in an unexpected format: +15551234567 [CONTEXT disable_client_error_logging=true ]
03-03 10:04:58.742  1923  2354 E DialerRestVvmCarrierService: zxo: MEDIUM
03-03 10:04:58.742  1923  2354 E DialerRestVvmCarrierService: 	at a.cN(PG:15)
03-03 10:04:58.742  1923  2354 E DialerRestVvmCarrierService: 	at pxq.apply(PG:489)
03-03 10:04:58.742  1923  2354 E DialerRestVvmCarrierService: 	at zcp.apply(PG:13)
03-03 10:04:58.742  1923  2354 E DialerRestVvmCarrierService: 	at aaka.d(PG:3)
03-03 10:04:58.742  1923  2354 E DialerRestVvmCarrierService: 	at aakb.run(PG:38)
03-03 10:04:58.742  1923  2354 E DialerRestVvmCarrierService: 	at umz.run(PG:7)
03-03 10:04:58.742  1923  2354 E DialerRestVvmCarrierService: 	at aadu.run(PG:44)
03-03 10:04:58.742  1923  2354 E DialerRestVvmCarrierService: 	at tdt.run(PG:78)
03-03 10:04:58.742  1923  2354 E DialerRestVvmCarrierService: 	at cp.run(PG:143)
03-03 10:04:58.742  1923  2354 E DialerRestVvmCarrierService: 	at java.lang.Thread.run(Thread.java:1119)
03-03 10:04:58.742  1923  2354 E DialerRestVvmCarrierService: 	at uoe.run(PG:61)
03-03 10:05:00.839  1094  1312 E SatelliteController: registerForSatelliteCommunicationAccessStateChanged: SatelliteManager is null
03-03 10:05:01.095   712   737 E WifiService: Attempt to retrieve passpoint with invalid scanResult List
03-03 10:05:01.497  1406  3933 E NotificationCenter: NotificationCenter.registerListenerInternal():378 Listener kel@4109f98 is already registered for notification class kdz
03-03 10:05:02.360  1094  1312 E SatelliteController: registerForSatelliteCommunicationAccessStateChanged: SatelliteManager is null
03-03 10:05:02.774  1406  3933 E NotificationCenter: NotificationCenter.registerListenerInternal():378 Listener kel@4109f98 is already registered for notification class kdz
03-03 10:05:02.904   712  1221 E WifiService: Attempt to retrieve passpoint with invalid scanResult List
03-03 10:05:03.029  1406  3957 E HandwritingSuperpacksUtil: HandwritingSuperpacksUtil.getPackMappingPackName():40 No pack mapping pack found in []
03-03 10:05:03.534  1406  3950 E HandwritingSuperpacksUtil: HandwritingSuperpacksUtil.getPackMappingPackName():40 No pack mapping pack found in []
03-03 10:05:04.443   712   762 E BluetoothPowerStatsCollector: Cannot acquire BluetoothActivityEnergyInfo
03-03 10:05:04.443   712   762 E BluetoothPowerStatsCollector: java.util.concurrent.ExecutionException: java.lang.RuntimeException: error: 11
03-03 10:05:04.443   712   762 E BluetoothPowerStatsCollector: 	at java.util.concurrent.CompletableFuture.reportGet(CompletableFuture.java:372)
03-03 10:05:04.443   712   762 E BluetoothPowerStatsCollector: 	at java.util.concurrent.CompletableFuture.get(CompletableFuture.java:2072)
