03-03 10:00:03.479  2800  2800 E ystem:dynsystem: Not starting debugger since process cannot load the jdwp agent.
03-03 10:00:03.552  1923  2382 E DialerRestVvmCarrierService: com.android.dialer.voicemail.service.impl.vvmclients.rest.RestVvmCarrierService.getMsisdn:420 Retrieved phone number in an unexpected format: +15551234567 [CONTEXT disable_client_error_logging=true ]
03-03 10:00:03.552  1923  2382 E DialerRestVvmCarrierService: zxo: MEDIUM
03-03 10:00:03.552  1923  2382 E DialerRestVvmCarrierService: 	at a.cN(PG:15)
03-03 10:00:03.552  1923  2382 E DialerRestVvmCarrierService: 	at pxq.apply(PG:489)
03-03 10:00:03.552  1923  2382 E DialerRestVvmCarrierService: 	at zcp.apply(PG:13)
03-03 10:00:03.552  1923  2382 E DialerRestVvmCarrierService: 	at aaka.d(PG:3)
03-03 10:00:03.552  1923  2382 E DialerRestVvmCarrierService: 	at aakb.run(PG:38)
03-03 10:00:03.552  1923  2382 E DialerRestVvmCarrierService: 	at umz.run(PG:7)
03-03 10:00:03.552  1923  2382 E DialerRestVvmCarrierService: 	at aadu.run(PG:44)
03-03 10:00:03.552  1923  2382 E DialerRestVvmCarrierService: 	at tdt.run(PG:78)
03-03 10:00:03.552  1923  2382 E DialerRestVvmCarrierService: 	at cp.run(PG:143)
03-03 10:00:03.552  1923  2382 E DialerRestVvmCarrierService: 	at java.lang.Thread.run(Thread.java:1119)
03-03 10:00:03.552  1923  2382 E DialerRestVvmCarrierService: 	at uoe.run(PG:61)
03-03 10:00:03.806  1923  2354 E DialerRestVvmCarrierService: com.android.dialer.voicemail.service.impl.vvmclients.rest.RestVvmCarrierService.getMsisdn:420 Retrieved phone number in an unexpected format: +15551234567 [CONTEXT disable_client_error_logging=true ]
03-03 10:00:03.806  1923  2354 E DialerRestVvmCarrierService: zxo: MEDIUM
03-03 10:00:03.806  1923  2354 E DialerRestVvmCarrierService: 	at a.cN(PG:15)
03-03 10:00:03.806  1923  2354 E DialerRestVvmCarrierService: 	at pxq.apply(PG:489)
03-03 10:00:03.806  1923  2354 E DialerRestVvmCarrierService: 	at zcp.apply(PG:13)
03-03 10:00:03.806  1923  2354 E DialerRestVvmCarrierService: 	at aaka.d(PG:3)
03-03 10:00:03.806  1923  2354 E DialerRestVvmCarrierService: 	at aakb.run(PG:38)
03-03 10:00:03.806  1923  2354 E DialerRestVvmCarrierService: 	at umz.run(PG:7)
03-03 10:00:03.806  1923  2354 E DialerRestVvmCarrierService: 	at aadu.run(PG:44)
03-03 10:00:03.806  1923  2354 E DialerRestVvmCarrierService: 	at tdt.run(PG:78)
03-03 10:00:03.806  1923  2354 E DialerRestVvmCarrierService: 	at cp.run(PG:143)
03-03 10:00:03.806  1923  2354 E DialerRestVvmCarrierService: 	at java.lang.Thread.run(Thread.java:1119)
03-03 10:00:03.806  1923  2354 E DialerRestVvmCarrierService: 	at uoe.run(PG:61)
03-03 10:00:04.183  2820  2820 E gedprovisioning: Not starting debugger since process cannot load the jdwp agent.
03-03 10:00:05.067  1286  2615 E AbstractGmsTracer: Traced class shouldn't be obfuscated: cykt [CONTEXT service_id=259 ]
03-03 10:00:05.197  2820  2820 E ashmem  : Pinning is deprecated since Android Q. Please use trim or other methods.
03-03 10:00:05.496  1786  2338 E ajwr    : Couldn't get logged in Google account.
03-03 10:00:05.639  2847  2847 E id.apps.restore: Not starting debugger since process cannot load the jdwp agent.
03-03 10:00:05.665  1786  1786 E rdv     : onError
03-03 10:00:05.665  1786  1786 E rdv     : afvv: errorCode: 65561, engine: 2
03-03 10:00:05.665  1786  1786 E rdv     : 	at auki.a(PG:23)
03-03 10:00:05.665  1786  1786 E rdv     : 	at abhl.hv(PG:13)
03-03 10:00:05.665  1786  1786 E rdv     : 	at fyqd.e(PG:9)
03-03 10:00:05.665  1786  1786 E rdv     : 	at ahbi.d(PG:154)
03-03 10:00:05.665  1786  1786 E rdv     : 	at ahbi.iW(PG:26)
03-03 10:00:05.665  1786  1786 E rdv     : 	at abhm.c(PG:102)
03-03 10:00:05.665  1786  1786 E rdv     : 	at abhn.run(PG:1)
03-03 10:00:05.665  1786  1786 E rdv     : 	at java.util.concurrent.Executors$RunnableAdapter.call(Executors.java:524)
03-03 10:00:05.665  1786  1786 E rdv     : 	at java.util.concurrent.FutureTask.run(FutureTask.java:317)
03-03 10:00:05.665  1786  1786 E rdv     : 	at aggv.run(PG:20)
03-03 10:00:05.665  1786  1786 E rdv     : 	at aght.run(PG:3)
03-03 10:00:05.665  1786  1786 E rdv     : 	at aght.run(PG:3)
03-03 10:00:05.665  1786  1786 E rdv     : 	at java.util.concurrent.ThreadPoolExecutor.runWorker(ThreadPoolExecutor.java:1156)
03-03 10:00:05.665  1786  1786 E rdv     : 	at java.util.concurrent.ThreadPoolExecutor$Worker.run(ThreadPoolExecutor.java:651)
03-03 10:00:05.665  1786  1786 E rdv     : 	at java.lang.Thread.run(Thread.java:1119)
03-03 10:00:05.665  1786  1786 E rdv     : 	at aggj.run(PG:42)
03-03 10:00:05.665  1786  1786 E rdv     : Caused by: afvx: errorCode: 65586, engine: 2
03-03 10:00:05.665  1786  1786 E rdv     : 	at abhl.hv(PG:6)
03-03 10:00:05.665  1786  1786 E rdv     : 	... 14 more
03-03 10:00:05.665  1786  1786 E rdv     : Caused by: afvt: errorCode: 401, engine: 2
03-03 10:00:05.665  1786  1786 E rdv     : 	at rds.b(PG:30)
03-03 10:00:05.665  1786  1786 E rdv     : 	at abii.hJ(PG:11)
03-03 10:00:05.665  1786  1786 E rdv     : 	at ahbi.d(PG:129)
03-03 10:00:05.665  1786  1786 E rdv     : 	... 12 more
03-03 10:00:05.764  1286  1286 E GmsCoreLogger: Missing account for FACET_USAGE_GAIA_UNSAMPLED [CONTEXT service_id=299 ]
03-03 10:00:06.265  1286  1286 E GmsCoreLogger: Missing account for FACET_USAGE_GAIA_UNSAMPLED [CONTEXT service_id=299 ]
03-03 10:00:06.740   712   861 E WifiChipAidlImpl: getUsableChannels failed with service-specific exception: android.os.ServiceSpecificException:  (code 4)
03-03 10:00:06.805  2847  2882 E ashmem  : Pinning is deprecated since Android Q. Please use trim or other methods.
03-03 10:00:07.048  2895  2895 E viders.calendar: Not starting debugger since process cannot load the jdwp agent.
03-03 10:00:07.281  2895  2895 E ashmem  : Pinning is deprecated since Android Q. Please use trim or other methods.
03-03 10:00:07.300  2909  2909 E gs.intelligence: Not starting debugger since process cannot load the jdwp agent.
03-03 10:00:07.596  2923  2923 E m.android.shell: Not starting debugger since process cannot load the jdwp agent.
03-03 10:00:07.813  1519  2002 E SP.Service.AiAi: captions_i18n_v0_en-US is opened by other clients. It will stay open until all clients close it.
03-03 10:00:07.822  1519  2002 E SP.Service.AiAi: captions_i18n_v0_mandatory is opened by other clients. It will stay open until all clients close it.
03-03 10:00:08.108  1786  2137 E fbby    : (REDACTED) Failed to recover geofences for LBT Routines using Geller data
03-03 10:00:08.108  1786  2137 E fbby    : com.google.android.libraries.geller.portable.GellerException: Code: INVALID_ARGUMENT, Message: Account name is null.
03-03 10:00:08.108  1786  2137 E fbby    : 	at emtm.a(PG:21)
03-03 10:00:08.108  1786  2137 E fbby    : 	at emtv.a(PG:9)
03-03 10:00:08.108  1786  2137 E fbby    : 	at fcqs.a(PG:13)
03-03 10:00:08.108  1786  2137 E fbby    : 	at fmpm.a(PG:3)
03-03 10:00:08.108  1786  2137 E fbby    : 	at fmrb.run(PG:19)
03-03 10:00:08.108  1786  2137 E fbby    : 	at djui.run(PG:5)
03-03 10:00:08.108  1786  2137 E fbby    : 	at fler.run(PG:44)
03-03 10:00:08.108  1786  2137 E fbby    : 	at djtz.run(PG:42)
03-03 10:00:08.108  1786  2137 E fbby    : 	at java.lang.Thread.run(Thread.java:1119)
03-03 10:00:08.108  1786  2137 E fbby    : 	at djvl.run(PG:62)
03-03 10:00:08.119  2435  2698 E BugleRcs: RcsEngineLifecycleManagerV2: RcsServiceConnectionException was raised while waiting to connect to RcsEngineLifecycleServiceV2
03-03 10:00:08.119  2435  2698 E BugleRcs: cumf: RcsServiceConnectionException:com.google.android.rcs.client.lifecycle.RcsEngineLifecycleServiceV2:UNKNOWN
03-03 10:00:08.119  2435  2698 E BugleRcs: 	at culm.a(PG:54)
03-03 10:00:08.119  2435  2698 E BugleRcs: 	at kho.a(PG:19)
03-03 10:00:08.119  2435  2698 E BugleRcs: 	at culn.a(PG:14)
03-03 10:00:08.119  2435  2698 E BugleRcs: 	at elsk.a(PG:13)
03-03 10:00:08.119  2435  2698 E BugleRcs: 	at esfd.a(PG:3)
03-03 10:00:08.119  2435  2698 E BugleRcs: 	at eseb.run(PG:19)
03-03 10:00:08.119  2435  2698 E BugleRcs: 	at esff.run(PG:5)
03-03 10:00:08.119  2435  2698 E BugleRcs: 	at dubu.run(PG:7)
03-03 10:00:08.119  2435  2698 E BugleRcs: 	at java.util.concurrent.ThreadPoolExecutor.runWorker(ThreadPoolExecutor.java:1156)
03-03 10:00:08.119  2435  2698 E BugleRcs: 	at java.util.concurrent.ThreadPoolExecutor$Worker.run(ThreadPoolExecutor.java:651)
03-03 10:00:08.119  2435  2698 E BugleRcs: 	at dubb.run(PG:6)
03-03 10:00:08.119  2435  2698 E BugleRcs: 	at java.lang.Thread.run(Thread.java:1119)
03-03 10:00:08.119  2435  2698 E BugleRcs: 	at ducv.run(PG:61)
03-03 10:00:08.125  2435  2704 E BugleRcs: RcsEngineLifecycleManagerV2: RcsServiceConnectionException was raised while waiting to connect to RcsEngineLifecycleServiceV2
03-03 10:00:08.125  2435  2704 E BugleRcs: cumf: RcsServiceConnectionException:com.google.android.rcs.client.lifecycle.RcsEngineLifecycleServiceV2:UNKNOWN
03-03 10:00:08.125  2435  2704 E BugleRcs: 	at culm.a(PG:54)
03-03 10:00:08.125  2435  2704 E BugleRcs: 	at kho.a(PG:19)
03-03 10:00:08.125  2435  2704 E BugleRcs: 	at culn.a(PG:14)
03-03 10:00:08.125  2435  2704 E BugleRcs: 	at elsk.a(PG:13)
03-03 10:00:08.125  2435  2704 E BugleRcs: 	at esfd.a(PG:3)
03-03 10:00:08.125  2435  2704 E BugleRcs: 	at eseb.run(PG:19)
03-03 10:00:08.125  2435  2704 E BugleRcs: 	at esff.run(PG:5)
03-03 10:00:08.125  2435  2704 E BugleRcs: 	at dubu.run(PG:7)
03-03 10:00:08.125  2435  2704 E BugleRcs: 	at java.util.concurrent.ThreadPoolExecutor.runWorker(ThreadPoolExecutor.java:1156)
03-03 10:00:08.125  2435  2704 E BugleRcs: 	at java.util.concurrent.ThreadPoolExecutor$Worker.run(ThreadPoolExecutor.java:651)
03-03 10:00:08.125  2435  2704 E BugleRcs: 	at dubb.run(PG:6)
03-03 10:00:08.125  2435  2704 E BugleRcs: 	at java.lang.Thread.run(Thread.java:1119)
03-03 10:00:08.125  2435  2704 E BugleRcs: 	at ducv.run(PG:61)
03-03 10:00:08.157  2435  2698 E BugleRcs: RcsEngineLifecycleManagerV2: RcsServiceConnectionException was raised while waiting to connect to RcsEngineLifecycleServiceV2
03-03 10:00:08.157  2435  2698 E BugleRcs: cumf: RcsServiceConnectionException:com.google.android.rcs.client.lifecycle.RcsEngineLifecycleServiceV2:UNKNOWN
03-03 10:00:08.157  2435  2698 E BugleRcs: 	at culm.a(PG:54)
03-03 10:00:08.157  2435  2698 E BugleRcs: 	at kho.a(PG:19)
03-03 10:00:08.157  2435  2698 E BugleRcs: 	at culn.a(PG:14)
03-03 10:00:08.157  2435  2698 E BugleRcs: 	at elsk.a(PG:13)
03-03 10:00:08.157  2435  2698 E BugleRcs: 	at esfd.a(PG:3)
03-03 10:00:08.157  2435  2698 E BugleRcs: 	at eseb.run(PG:19)
03-03 10:00:08.157  2435  2698 E BugleRcs: 	at esff.run(PG:5)
03-03 10:00:08.157  2435  2698 E BugleRcs: 	at dubu.run(PG:7)
03-03 10:00:08.157  2435  2698 E BugleRcs: 	at java.util.concurrent.ThreadPoolExecutor.runWorker(ThreadPoolExecutor.java:1156)
03-03 10:00:08.157  2435  2698 E BugleRcs: 	at java.util.concurrent.ThreadPoolExecutor$Worker.run(ThreadPoolExecutor.java:651)
03-03 10:00:08.157  2435  2698 E BugleRcs: 	at dubb.run(PG:6)
03-03 10:00:08.157  2435  2698 E BugleRcs: 	at java.lang.Thread.run(Thread.java:1119)
03-03 10:00:08.157  2435  2698 E BugleRcs: 	at ducv.run(PG:61)
03-03 10:00:08.172  2435  2698 E BugleRcs: RcsEngineLifecycleManagerV2: RcsServiceConnectionException was raised while waiting to connect to RcsEngineLifecycleServiceV2
03-03 10:00:08.172  2435  2698 E BugleRcs: cumf: RcsServiceConnectionException:com.google.android.rcs.client.lifecycle.RcsEngineLifecycleServiceV2:UNKNOWN
03-03 10:00:08.172  2435  2698 E BugleRcs: 	at culm.a(PG:54)
03-03 10:00:08.172  2435  2698 E BugleRcs: 	at kho.a(PG:19)
03-03 10:00:08.172  2435  2698 E BugleRcs: 	at culn.a(PG:14)
03-03 10:00:08.172  2435  2698 E BugleRcs: 	at elsk.a(PG:13)
03-03 10:00:08.172  2435  2698 E BugleRcs: 	at esfd.a(PG:3)
03-03 10:00:08.172  2435  2698 E BugleRcs: 	at eseb.run(PG:19)
03-03 10:00:08.172  2435  2698 E BugleRcs: 	at esff.run(PG:5)
03-03 10:00:08.172  2435  2698 E BugleRcs: 	at dubu.run(PG:7)
03-03 10:00:08.172  2435  2698 E BugleRcs: 	at java.util.concurrent.ThreadPoolExecutor.runWorker(ThreadPoolExecutor.java:1156)
03-03 10:00:08.172  2435  2698 E BugleRcs: 	at java.util.concurrent.ThreadPoolExecutor$Worker.run(ThreadPoolExecutor.java:651)
03-03 10:00:08.172  2435  2698 E BugleRcs: 	at dubb.run(PG:6)
03-03 10:00:08.172  2435  2698 E BugleRcs: 	at java.lang.Thread.run(Thread.java:1119)
03-03 10:00:08.172  2435  2698 E BugleRcs: 	at ducv.run(PG:61)
03-03 10:00:08.200  2435  2698 E BugleRcs: RcsEngineLifecycleManagerV2: RcsServiceConnectionException was raised while waiting to connect to RcsEngineLifecycleServiceV2
03-03 10:00:08.200  2435  2698 E BugleRcs: cumf: RcsServiceConnectionException:com.google.android.rcs.client.lifecycle.RcsEngineLifecycleServiceV2:UNKNOWN
03-03 10:00:08.200  2435  2698 E BugleRcs: 	at culm.a(PG:54)
03-03 10:00:08.200  2435  2698 E BugleRcs: 	at kho.a(PG:19)
03-03 10:00:08.200  2435  2698 E BugleRcs: 	at culn.a(PG:14)
03-03 10:00:08.200  2435  2698 E BugleRcs: 	at elsk.a(PG:13)
03-03 10:00:08.200  2435  2698 E BugleRcs: 	at esfd.a(PG:3)
03-03 10:00:08.200  2435  2698 E BugleRcs: 	at eseb.run(PG:19)
03-03 10:00:08.200  2435  2698 E BugleRcs: 	at esff.run(PG:5)
03-03 10:00:08.200  2435  2698 E BugleRcs: 	at dubu.run(PG:7)
03-03 10:00:08.200  2435  2698 E BugleRcs: 	at java.util.concurrent.ThreadPoolExecutor.runWorker(ThreadPoolExecutor.java:1156)
03-03 10:00:08.200  2435  2698 E BugleRcs: 	at java.util.concurrent.ThreadPoolExecutor$Worker.run(ThreadPoolExecutor.java:651)
03-03 10:00:08.200  2435  2698 E BugleRcs: 	at dubb.run(PG:6)
03-03 10:00:08.200  2435  2698 E BugleRcs: 	at java.lang.Thread.run(Thread.java:1119)
03-03 10:00:08.200  2435  2698 E BugleRcs: 	at ducv.run(PG:61)
03-03 10:00:08.203  2435  2704 E BugleRcs: RcsEngineLifecycleManagerV2: RcsServiceConnectionException was raised while waiting to connect to RcsEngineLifecycleServiceV2
03-03 10:00:08.203  2435  2704 E BugleRcs: cumf: RcsServiceConnectionException:com.google.android.rcs.client.lifecycle.RcsEngineLifecycleServiceV2:UNKNOWN
03-03 10:00:08.203  2435  2704 E BugleRcs: 	at culm.a(PG:54)
03-03 10:00:08.203  2435  2704 E BugleRcs: 	at kho.a(PG:19)
03-03 10:00:08.203  2435  2704 E BugleRcs: 	at culn.a(PG:14)
03-03 10:00:08.203  2435  2704 E BugleRcs: 	at elsk.a(PG:13)
03-03 10:00:08.203  2435  2704 E BugleRcs: 	at esfd.a(PG:3)
03-03 10:00:08.203  2435  2704 E BugleRcs: 	at eseb.run(PG:19)
03-03 10:00:08.203  2435  2704 E BugleRcs: 	at esff.run(PG:5)
03-03 10:00:08.203  2435  2704 E BugleRcs: 	at dubu.run(PG:7)
03-03 10:00:08.203  2435  2704 E BugleRcs: 	at java.util.concurrent.ThreadPoolExecutor.runWorker(ThreadPoolExecutor.java:1156)
03-03 10:00:08.203  2435  2704 E BugleRcs: 	at java.util.concurrent.ThreadPoolExecutor$Worker.run(ThreadPoolExecutor.java:651)
03-03 10:00:08.203  2435  2704 E BugleRcs: 	at dubb.run(PG:6)
03-03 10:00:08.203  2435  2704 E BugleRcs: 	at java.lang.Thread.run(Thread.java:1119)
03-03 10:00:08.203  2435  2704 E BugleRcs: 	at ducv.run(PG:61)
03-03 10:00:08.269  2942  2942 E droid.apps.docs: Not starting debugger since process cannot load the jdwp agent.
03-03 10:00:08.445  2909  2943 E ashmem  : Pinning is deprecated since Android Q. Please use trim or other methods.
03-03 10:00:09.158   964  1095 E ServiceManager: error in isDeclared
03-03 10:00:09.158   964  1095 E ServiceManager: java.lang.SecurityException: SELinux denied for service.
03-03 10:00:09.158   964  1095 E ServiceManager: 	at android.os.Parcel.createExceptionOrNull(Parcel.java:3340)
03-03 10:00:09.158   964  1095 E ServiceManager: 	at android.os.Parcel.createException(Parcel.java:3324)
03-03 10:00:09.158   964  1095 E ServiceManager: 	at android.os.Parcel.readException(Parcel.java:3307)
03-03 10:00:09.158   964  1095 E ServiceManager: 	at android.os.Parcel.readException(Parcel.java:3249)
03-03 10:00:09.158   964  1095 E ServiceManager: 	at android.os.IServiceManager$Stub$Proxy.isDeclared(IServiceManager.java:656)
03-03 10:00:09.158   964  1095 E ServiceManager: 	at android.os.ServiceManagerProxy.isDeclared(ServiceManagerNative.java:104)
03-03 10:00:09.158   964  1095 E ServiceManager: 	at android.os.ServiceManager.isDeclared(ServiceManager.java:297)
03-03 10:00:09.158   964  1095 E ServiceManager: 	at android.os.ServiceManager.waitForDeclaredService(ServiceManager.java:353)
03-03 10:00:09.158   964  1095 E ServiceManager: 	at com.google.android.systemui.googlebattery.GoogleBatteryManager.initHalInterface(go/retraceme 5ef7505f3172d45c77e95a8eba788f1ba3487bafbb4dd5bf3a1ad9be0371fc04:16)
03-03 10:00:09.158   964  1095 E ServiceManager: 	at com.google.android.systemui.power.batteryhealth.HealthManager$initHalInterface$2.invokeSuspend(go/retraceme 5ef7505f3172d45c77e95a8eba788f1ba3487bafbb4dd5bf3a1ad9be0371fc04:21)
03-03 10:00:09.158   964  1095 E ServiceManager: 	at com.google.android.systemui.power.batteryhealth.HealthManager$initHalInterface$2.invoke(go/retraceme 5ef7505f3172d45c77e95a8eba788f1ba3487bafbb4dd5bf3a1ad9be0371fc04:13)
03-03 10:00:09.158   964  1095 E ServiceManager: 	at com.google.android.systemui.power.batteryhealth.HealthManager$runOnBackground$2.invokeSuspend(go/retraceme 5ef7505f3172d45c77e95a8eba788f1ba3487bafbb4dd5bf3a1ad9be0371fc04:33)
03-03 10:00:09.158   964  1095 E ServiceManager: 	at kotlin.coroutines.jvm.internal.BaseContinuationImpl.resumeWith(go/retraceme 5ef7505f3172d45c77e95a8eba788f1ba3487bafbb4dd5bf3a1ad9be0371fc04:8)
03-03 10:00:09.158   964  1095 E ServiceManager: 	at kotlinx.coroutines.DispatchedTask.run(go/retraceme 5ef7505f3172d45c77e95a8eba788f1ba3487bafbb4dd5bf3a1ad9be0371fc04:112)
03-03 10:00:09.158   964  1095 E ServiceManager: 	at java.util.concurrent.Executors$RunnableAdapter.call(Executors.java:524)
03-03 10:00:09.158   964  1095 E ServiceManager: 	at java.util.concurrent.FutureTask.run(FutureTask.java:317)
03-03 10:00:09.158   964  1095 E ServiceManager: 	at java.util.concurrent.ScheduledThreadPoolExecutor$ScheduledFutureTask.run(ScheduledThreadPoolExecutor.java:348)
03-03 10:00:09.158   964  1095 E ServiceManager: 	at java.util.concurrent.ThreadPoolExecutor.runWorker(ThreadPoolExecutor.java:1156)
03-03 10:00:09.158   964  1095 E ServiceManager: 	at java.util.concurrent.ThreadPoolExecutor$Worker.run(ThreadPoolExecutor.java:651)
03-03 10:00:09.158   964  1095 E ServiceManager: 	at java.lang.Thread.run(Thread.java:1119)
03-03 10:00:09.749  1191  2574 E DataProcessor: abnormal entry list in the timestamp:Mar 02, 2026, 12:00:00
03-03 10:00:09.749  1191  2574 E DataProcessor: abnormal entry list in the timestamp:Mar 02, 2026, 13:00:00
03-03 10:00:09.750  1191  2574 E DataProcessor: abnormal entry list in the timestamp:Mar 02, 2026, 14:00:00
03-03 10:00:09.754  1191  2574 E DataProcessor: abnormal entry list in the timestamp:Mar 02, 2026, 15:00:00
03-03 10:00:09.756  1191  2574 E DataProcessor: abnormal entry list in the timestamp:Mar 02, 2026, 16:00:00
03-03 10:00:09.757  1191  2574 E DataProcessor: abnormal entry list in the timestamp:Mar 02, 2026, 17:00:00
03-03 10:00:09.757  1191  2574 E DataProcessor: abnormal entry list in the timestamp:Mar 02, 2026, 18:00:00
03-03 10:00:09.767  1191  2574 E DataProcessor: abnormal entry list in the timestamp:Mar 02, 2026, 19:00:00
03-03 10:00:09.768  1191  2574 E DataProcessor: abnormal entry list in the timestamp:Mar 02, 2026, 20:00:00
03-03 10:00:09.777  1191  2574 E DataProcessor: abnormal entry list in the timestamp:Mar 02, 2026, 21:00:00
03-03 10:00:09.778  1191  2574 E DataProcessor: abnormal entry list in the timestamp:Mar 02, 2026, 22:00:00
03-03 10:00:09.779  1191  2574 E DataProcessor: abnormal entry list in the timestamp:Mar 02, 2026, 23:00:00
03-03 10:00:09.780  1191  2574 E DataProcessor: abnormal entry list in the timestamp:Mar 03, 2026, 01:00:00
03-03 10:00:09.780  1191  2574 E DataProcessor: abnormal entry list in the timestamp:Mar 03, 2026, 02:00:00
03-03 10:00:09.780  1191  2574 E DataProcessor: abnormal entry list in the timestamp:Mar 03, 2026, 03:00:00
03-03 10:00:09.781  1191  2574 E DataProcessor: abnormal entry list in the timestamp:Mar 03, 2026, 04:00:00
03-03 10:00:09.798  1191  2574 E DataProcessor: abnormal entry list in the timestamp:Mar 03, 2026, 05:00:00
03-03 10:00:09.804  1191  2574 E DataProcessor: abnormal entry list in the timestamp:Mar 03, 2026, 06:00:00
03-03 10:00:09.812  1191  2574 E DataProcessor: abnormal entry list in the timestamp:Mar 03, 2026, 07:00:00
03-03 10:00:09.813  1191  2574 E DataProcessor: abnormal entry list in the timestamp:Mar 03, 2026, 08:00:00
03-03 10:00:09.940  2942  3008 E DocsApplication: from onCreate Completable for sending summary about blocked SyncRequests
03-03 10:00:09.940  2942  3008 E DocsApplication: java.lang.IllegalStateException
03-03 10:00:09.940  2942  3008 E DocsApplication: 	at gcl.i(PG:64)
03-03 10:00:09.940  2942  3008 E DocsApplication: 	at fpw.lambda$onCreate$2(PG:281)
03-03 10:00:09.940  2942  3008 E DocsApplication: 	at fpw.$r8$lambda$M-tqsz8QJK2QrqieVTlg-c3Lhbo(PG:1)
03-03 10:00:09.940  2942  3008 E DocsApplication: 	at fpv.run(PG:717)
03-03 10:00:09.940  2942  3008 E DocsApplication: 	at wql.d(PG:13)
03-03 10:00:09.940  2942  3008 E DocsApplication: 	at wnv.e(PG:3)
03-03 10:00:09.940  2942  3008 E DocsApplication: 	at wqt$a.run(PG:3)
03-03 10:00:09.940  2942  3008 E DocsApplication: 	at wog$a.run(PG:10)
03-03 10:00:09.940  2942  3008 E DocsApplication: 	at wuv.run(PG:14)
03-03 10:00:09.940  2942  3008 E DocsApplication: 	at wuv.call(PG:1)
03-03 10:00:09.940  2942  3008 E DocsApplication: 	at java.util.concurrent.FutureTask.run(FutureTask.java:317)
03-03 10:00:09.940  2942  3008 E DocsApplication: 	at java.util.concurrent.ScheduledThreadPoolExecutor$ScheduledFutureTask.run(ScheduledThreadPoolExecutor.java:348)
03-03 10:00:09.940  2942  3008 E DocsApplication: 	at java.util.concurrent.ThreadPoolExecutor.runWorker(ThreadPoolExecutor.java:1156)
03-03 10:00:09.940  2942  3008 E DocsApplication: 	at java.util.concurrent.ThreadPoolExecutor$Worker.run(ThreadPoolExecutor.java:651)
03-03 10:00:09.940  2942  3008 E DocsApplication: 	at java.lang.Thread.run(Thread.java:1119)
03-03 10:00:09.942  2942  3008 E DocsApplication: from onCreate Completable for sending summary about blocked SyncRequests
03-03 10:00:09.942  2942  3008 E DocsApplication: java.lang.IllegalStateException
03-03 10:00:09.942  2942  3008 E DocsApplication: 	at gcl.i(PG:64)
03-03 10:00:09.942  2942  3008 E DocsApplication: 	at fpw.lambda$onCreate$2(PG:281)
03-03 10:00:09.942  2942  3008 E DocsApplication: 	at fpw.$r8$lambda$M-tqsz8QJK2QrqieVTlg-c3Lhbo(PG:1)
03-03 10:00:09.942  2942  3008 E DocsApplication: 	at fpv.run(PG:717)
03-03 10:00:09.942  2942  3008 E DocsApplication: 	at wql.d(PG:13)
03-03 10:00:09.942  2942  3008 E DocsApplication: 	at wnv.e(PG:3)
03-03 10:00:09.942  2942  3008 E DocsApplication: 	at wqt$a.run(PG:3)
03-03 10:00:09.942  2942  3008 E DocsApplication: 	at wog$a.run(PG:10)
03-03 10:00:09.942  2942  3008 E DocsApplication: 	at wuv.run(PG:14)
03-03 10:00:09.942  2942  3008 E DocsApplication: 	at wuv.call(PG:1)
03-03 10:00:09.942  2942  3008 E DocsApplication: 	at java.util.concurrent.FutureTask.run(FutureTask.java:317)
03-03 10:00:09.942  2942  3008 E DocsApplication: 	at java.util.concurrent.ScheduledThreadPoolExecutor$ScheduledFutureTask.run(ScheduledThreadPoolExecutor.java:348)
03-03 10:00:09.942  2942  3008 E DocsApplication: 	at java.util.concurrent.ThreadPoolExecutor.runWorker(ThreadPoolExecutor.java:1156)
03-03 10:00:09.942  2942  3008 E DocsApplication: 	at java.util.concurrent.ThreadPoolExecutor$Worker.run(ThreadPoolExecutor.java:651)
03-03 10:00:09.942  2942  3008 E DocsApplication: 	at java.lang.Thread.run(Thread.java:1119)
03-03 10:00:10.033  3025  3025 E d.configupdater: Not starting debugger since process cannot load the jdwp agent.
03-03 10:00:10.148  1286  1950 E ctxmgr  : [ShushGestureSensor] Context hub handle not found [CONTEXT service_id=47 ]
03-03 10:00:10.241  2942  3033 E ashmem  : Pinning is deprecated since Android Q. Please use trim or other methods.
03-03 10:00:10.552  1286  2413 E ctxmgr  : [ShushGestureSensor] Context hub handle not found [CONTEXT service_id=47 ]
03-03 10:00:10.681  3050  3050 E ederatedcompute: Not starting debugger since process cannot load the jdwp agent.
03-03 10:00:10.696  1191  1191 E SmsApplication: com.google.android.apps.messaging lost android:read_cell_broadcasts:  (fixing)
03-03 10:00:10.835  3025  3025 E ConfigUpdater: ignoring update request
03-03 10:00:10.866  3025  3025 E ConfigUpdater: ignoring update request
03-03 10:00:10.965  3025  3025 E ConfigUpdater: ignoring update request
03-03 10:00:11.072  3025  3025 E ConfigUpdater: ignoring update request
03-03 10:00:11.075  1094  1094 E SmsApplication: com.google.android.apps.messaging lost android:read_cell_broadcasts:  (fixing)
03-03 10:00:11.130  3025  3025 E ConfigUpdater: ignoring update request
03-03 10:00:11.232  3025  3025 E ConfigUpdater: ignoring update request
03-03 10:00:11.280  3025  3025 E ConfigUpdater: ignoring update request
03-03 10:00:11.349  3025  3025 E ConfigUpdater: ignoring update request
03-03 10:00:11.355   712   915 E system_server: No package ID 7f found for resource ID 0x7f0803b2.
03-03 10:00:11.355   712   915 E system_server: No package ID 7f found for resource ID 0x7f150798.
03-03 10:00:11.355   712   915 E system_server: No package ID 7f found for resource ID 0x7f150798.
03-03 10:00:11.357   712   915 E system_server: No package ID 7f found for resource ID 0x7f0803ae.
03-03 10:00:11.357   712   915 E system_server: No package ID 7f found for resource ID 0x7f150796.
03-03 10:00:11.357   712   915 E system_server: No package ID 7f found for resource ID 0x7f150796.
03-03 10:00:11.371   712   915 E system_server: No package ID 7f found for resource ID 0x7f0803b0.
03-03 10:00:11.372   712   915 E system_server: No package ID 7f found for resource ID 0x7f150797.
03-03 10:00:11.372   712   915 E system_server: No package ID 7f found for resource ID 0x7f150797.
03-03 10:00:11.407   712   915 E ShortcutService: Ignoring excessive intent tag.
03-03 10:00:11.475  3025  3025 E ConfigUpdater: ignoring update request
03-03 10:00:11.538  1094  1094 E SmsApplication: com.google.android.apps.messaging lost android:read_cell_broadcasts:  (fixing)
03-03 10:00:11.552  3025  3025 E ConfigUpdater: ignoring update request
03-03 10:00:11.608  3025  3025 E ConfigUpdater: ignoring update request
03-03 10:00:11.643  3025  3025 E ConfigUpdater: ignoring update request
03-03 10:00:11.656  2942  3068 E GoogleApiManager: Failed to get service from broker. 
03-03 10:00:11.656  2942  3068 E GoogleApiManager: java.lang.SecurityException: Unknown calling package name 'com.google.android.gms'.
03-03 10:00:11.656  2942  3068 E GoogleApiManager: 	at android.os.Parcel.createExceptionOrNull(Parcel.java:3340)
03-03 10:00:11.656  2942  3068 E GoogleApiManager: 	at android.os.Parcel.createException(Parcel.java:3324)
03-03 10:00:11.656  2942  3068 E GoogleApiManager: 	at android.os.Parcel.readException(Parcel.java:3307)
03-03 10:00:11.656  2942  3068 E GoogleApiManager: 	at android.os.Parcel.readException(Parcel.java:3249)
03-03 10:00:11.656  2942  3068 E GoogleApiManager: 	at aywi.a(:com.google.android.gms@252635038@25.26.35 (260800-783060121):36)
03-03 10:00:11.656  2942  3068 E GoogleApiManager: 	at ayup.z(:com.google.android.gms@252635038@25.26.35 (260800-783060121):143)
03-03 10:00:11.656  2942  3068 E GoogleApiManager: 	at aybo.run(:com.google.android.gms@252635038@25.26.35 (260800-783060121):42)
03-03 10:00:11.656  2942  3068 E GoogleApiManager: 	at android.os.Handler.handleCallback(Handler.java:995)
03-03 10:00:11.656  2942  3068 E GoogleApiManager: 	at android.os.Handler.dispatchMessage(Handler.java:103)
03-03 10:00:11.656  2942  3068 E GoogleApiManager: 	at cirt.mw(:com.google.android.gms@252635038@25.26.35 (260800-783060121):1)
03-03 10:00:11.656  2942  3068 E GoogleApiManager: 	at cirt.dispatchMessage(:com.google.android.gms@252635038@25.26.35 (260800-783060121):5)
03-03 10:00:11.656  2942  3068 E GoogleApiManager: 	at android.os.Looper.loopOnce(Looper.java:248)
03-03 10:00:11.656  2942  3068 E GoogleApiManager: 	at android.os.Looper.loop(Looper.java:338)
03-03 10:00:11.656  2942  3068 E GoogleApiManager: 	at android.os.HandlerThread.run(HandlerThread.java:85)
03-03 10:00:12.214   712   915 E system_server: No package ID 7f found for resource ID 0x7f0803b2.
03-03 10:00:12.214   712   915 E system_server: No package ID 7f found for resource ID 0x7f150798.
03-03 10:00:12.214   712   915 E system_server: No package ID 7f found for resource ID 0x7f150798.
03-03 10:00:12.214   712   915 E system_server: No package ID 7f found for resource ID 0x7f0803ae.
03-03 10:00:12.214   712   915 E system_server: No package ID 7f found for resource ID 0x7f150796.
03-03 10:00:12.215   712   915 E system_server: No package ID 7f found for resource ID 0x7f150796.
03-03 10:00:12.215   712   915 E system_server: No package ID 7f found for resource ID 0x7f0803b0.
03-03 10:00:12.215   712   915 E system_server: No package ID 7f found for resource ID 0x7f150797.
03-03 10:00:12.225   712   915 E system_server: No package ID 7f found for resource ID 0x7f150797.
03-03 10:00:12.227   712   915 E ShortcutService: Ignoring excessive intent tag.
03-03 10:00:12.272   712  1731 E JobScheduler.JobStatus: App com.google.android.apps.photos became active but still in NEVER bucket
03-03 10:00:12.456   712  3091 E RoleControllerServiceImpl: Default/fallback role holder package doesn't qualify for the role, package: com.google.android.gms.supervision, role: android.app.role.SYSTEM_SUPERVISION
03-03 10:00:12.456  2435  2769 E GoogleApiManager: Failed to get service from broker. 
03-03 10:00:12.456  2435  2769 E GoogleApiManager: java.lang.SecurityException: Unknown calling package name 'com.google.android.gms'.
03-03 10:00:12.456  2435  2769 E GoogleApiManager: 	at android.os.Parcel.createExceptionOrNull(Parcel.java:3340)
03-03 10:00:12.456  2435  2769 E GoogleApiManager: 	at android.os.Parcel.createException(Parcel.java:3324)
03-03 10:00:12.456  2435  2769 E GoogleApiManager: 	at android.os.Parcel.readException(Parcel.java:3307)
03-03 10:00:12.456  2435  2769 E GoogleApiManager: 	at android.os.Parcel.readException(Parcel.java:3249)
03-03 10:00:12.456  2435  2769 E GoogleApiManager: 	at aywi.a(:com.google.android.gms@252635038@25.26.35 (260800-783060121):36)
03-03 10:00:12.456  2435  2769 E GoogleApiManager: 	at ayup.z(:com.google.android.gms@252635038@25.26.35 (260800-783060121):143)
03-03 10:00:12.456  2435  2769 E GoogleApiManager: 	at aybo.run(:com.google.android.gms@252635038@25.26.35 (260800-783060121):42)
03-03 10:00:12.456  2435  2769 E GoogleApiManager: 	at android.os.Handler.handleCallback(Handler.java:995)
03-03 10:00:12.456  2435  2769 E GoogleApiManager: 	at android.os.Handler.dispatchMessage(Handler.java:103)
03-03 10:00:12.456  2435  2769 E GoogleApiManager: 	at cirt.mw(:com.google.android.gms@252635038@25.26.35 (260800-783060121):1)
03-03 10:00:12.456  2435  2769 E GoogleApiManager: 	at cirt.dispatchMessage(:com.google.android.gms@252635038@25.26.35 (260800-783060121):5)
03-03 10:00:12.456  2435  2769 E GoogleApiManager: 	at android.os.Looper.loopOnce(Looper.java:248)
03-03 10:00:12.456  2435  2769 E GoogleApiManager: 	at android.os.Looper.loop(Looper.java:338)
03-03 10:00:12.456  2435  2769 E GoogleApiManager: 	at android.os.HandlerThread.run(HandlerThread.java:85)
03-03 10:00:12.476  1191  1208 E DSRotLockSettingsMngr: No matching device state for posture: 0
03-03 10:00:12.480  1191  1208 E DSRotLockSettingsMngr: No matching device state for posture: 2
03-03 10:00:12.489  1191  1205 E DSRotLockSettingsMngr: No matching device state for posture: 0
03-03 10:00:12.490  1191  1208 E DSRotLockSettingsMngr: No matching device state for posture: 1
03-03 10:00:12.496  1191  1205 E DSRotLockSettingsMngr: No matching device state for posture: 2
03-03 10:00:12.499  1191  1205 E DSRotLockSettingsMngr: No matching device state for posture: 1
03-03 10:00:12.677  1191  1208 E ScreenResolutionController: No support
03-03 10:00:12.797  1191  1208 E FeatureFlagsImplExport: android.os.flagging.AconfigStorageReadException: ERROR_PACKAGE_NOT_FOUND: package com.android.settingslib.widget.theme.flags cannot be found on the device
03-03 10:00:12.824   712  3091 E RoleControllerServiceImpl: Default/fallback role holder package doesn't qualify for the role, package: com.google.android.gms, role: android.app.role.WALLET
03-03 10:00:12.893  1191  1205 E SystemServiceRegistry: No service published for: ethernet
03-03 10:00:12.893  1191  1205 E SystemServiceRegistry: android.os.ServiceManager$ServiceNotFoundException: No service published for: ethernet
03-03 10:00:12.893  1191  1205 E SystemServiceRegistry: 	at android.os.ServiceManager.getServiceOrThrow(ServiceManager.java:203)
03-03 10:00:12.893  1191  1205 E SystemServiceRegistry: 	at android.app.SystemServiceRegistry$149.createService(SystemServiceRegistry.java:2232)
03-03 10:00:12.893  1191  1205 E SystemServiceRegistry: 	at android.app.SystemServiceRegistry$CachedServiceFetcher.getService(SystemServiceRegistry.java:2343)
03-03 10:00:12.893  1191  1205 E SystemServiceRegistry: 	at android.app.SystemServiceRegistry.getSystemService(SystemServiceRegistry.java:1918)
03-03 10:00:12.893  1191  1205 E SystemServiceRegistry: 	at android.app.ContextImpl.getSystemService(ContextImpl.java:2315)
03-03 10:00:12.893  1191  1205 E SystemServiceRegistry: 	at android.content.ContextWrapper.getSystemService(ContextWrapper.java:964)
03-03 10:00:12.893  1191  1205 E SystemServiceRegistry: 	at android.content.Context.getSystemService(Context.java:4630)
03-03 10:00:12.893  1191  1205 E SystemServiceRegistry: 	at com.android.settings.network.tether.TetherSettings$2.getNonIndexableKeys(TetherSettings.java:673)
03-03 10:00:12.893  1191  1205 E SystemServiceRegistry: 	at com.android.settings.search.SettingsSearchIndexablesProvider.getNonIndexableKeysFromProvider(SettingsSearchIndexablesProvider.java:285)
03-03 10:00:12.893  1191  1205 E SystemServiceRegistry: 	at com.android.settings.search.SettingsSearchIndexablesProvider.queryNonIndexableKeys(SettingsSearchIndexablesProvider.java:158)
03-03 10:00:12.893  1191  1205 E SystemServiceRegistry: 	at android.provider.SearchIndexablesProvider.query(SearchIndexablesProvider.java:127)
03-03 10:00:12.893  1191  1205 E SystemServiceRegistry: 	at android.content.ContentProvider.query(ContentProvider.java:1625)
03-03 10:00:12.893  1191  1205 E SystemServiceRegistry: 	at android.content.ContentProvider.query(ContentProvider.java:1721)
03-03 10:00:12.893  1191  1205 E SystemServiceRegistry: 	at android.content.ContentProvider$Transport.query(ContentProvider.java:296)
03-03 10:00:12.893  1191  1205 E SystemServiceRegistry: 	at android.content.ContentProviderNative.onTransact(ContentProviderNative.java:107)
03-03 10:00:12.893  1191  1205 E SystemServiceRegistry: 	at android.os.Binder.execTransactInternal(Binder.java:1421)
03-03 10:00:12.893  1191  1205 E SystemServiceRegistry: 	at android.os.Binder.execTransact(Binder.java:1365)
03-03 10:00:12.956  1191  1205 E ScreenResolutionController: No support
03-03 10:00:14.412  1191  1205 E ConvertToEsimPreference: Fail to check pSIM conversion supported carrier: Attempt to invoke virtual method 'boolean android.telephony.euicc.EuiccManager.isPsimConversionSupported(int)' on a null object reference
03-03 10:00:14.416  1191  1205 E ConvertToEsimPreference: Fail to check pSIM conversion supported carrier: Attempt to invoke virtual method 'boolean android.telephony.euicc.EuiccManager.isPsimConversionSupported(int)' on a null object reference
03-03 10:00:14.445  1191  1208 E HardwareInfoFeatureProviderImpl: Could not parse manufactured year from serial.
03-03 10:00:14.445  1191  1208 E HardwareInfoFeatureProviderImpl: java.lang.NumberFormatException: For input string: "E"
03-03 10:00:14.445  1191  1208 E HardwareInfoFeatureProviderImpl: 	at java.lang.Integer.parseInt(Integer.java:781)
03-03 10:00:14.445  1191  1208 E HardwareInfoFeatureProviderImpl: 	at java.lang.Integer.valueOf(Integer.java:1108)
03-03 10:00:14.445  1191  1208 E HardwareInfoFeatureProviderImpl: 	at com.google.android.settings.hardwareinfo.HardwareInfoFeatureProviderGoogleImpl.getManufacturedYear(HardwareInfoFeatureProviderGoogleImpl.kt:24)
03-03 10:00:14.445  1191  1208 E HardwareInfoFeatureProviderImpl: 	at com.android.settings.deviceinfo.hardwareinfo.ManufacturedYearPreferenceController.<init>(ManufacturedYearPreferenceController.kt:26)
03-03 10:00:14.445  1191  1208 E HardwareInfoFeatureProviderImpl: 	at java.lang.reflect.Constructor.newInstance0(Native Method)
03-03 10:00:14.445  1191  1208 E HardwareInfoFeatureProviderImpl: 	at java.lang.reflect.Constructor.newInstance(Constructor.java:343)
03-03 10:00:14.445  1191  1208 E HardwareInfoFeatureProviderImpl: 	at com.android.settings.core.BasePreferenceController.createInstance(BasePreferenceController.java:190)
03-03 10:00:14.445  1191  1208 E HardwareInfoFeatureProviderImpl: 	at com.android.settings.core.PreferenceControllerListHelper.getPreferenceControllersFromXml(PreferenceControllerListHelper.java:86)
03-03 10:00:14.445  1191  1208 E HardwareInfoFeatureProviderImpl: 	at com.android.settings.search.BaseSearchIndexProvider.getPreferenceControllers(BaseSearchIndexProvider.java:195)
03-03 10:00:14.445  1191  1208 E HardwareInfoFeatureProviderImpl: 	at com.android.settings.search.BaseSearchIndexProvider.getDynamicRawDataToIndex(BaseSearchIndexProvider.java:102)
03-03 10:00:14.445  1191  1208 E HardwareInfoFeatureProviderImpl: 	at com.android.settings.search.SettingsSearchIndexablesProvider.getDynamicSearchIndexableRawData(SettingsSearchIndexablesProvider.java:379)
03-03 10:00:14.445  1191  1208 E HardwareInfoFeatureProviderImpl: 	at com.android.settings.search.SettingsSearchIndexablesProvider.queryDynamicRawData(SettingsSearchIndexablesProvider.java:181)
03-03 10:00:14.445  1191  1208 E HardwareInfoFeatureProviderImpl: 	at android.provider.SearchIndexablesProvider.query(SearchIndexablesProvider.java:133)
03-03 10:00:14.445  1191  1208 E HardwareInfoFeatureProviderImpl: 	at android.content.ContentProvider.query(ContentProvider.java:1625)
03-03 10:00:14.445  1191  1208 E HardwareInfoFeatureProviderImpl: 	at android.content.ContentProvider.query(ContentProvider.java:1721)
03-03 10:00:14.445  1191  1208 E HardwareInfoFeatureProviderImpl: 	at android.content.ContentProvider$Transport.query(ContentProvider.java:296)
03-03 10:00:14.445  1191  1208 E HardwareInfoFeatureProviderImpl: 	at android.content.ContentProviderNative.onTransact(ContentProviderNative.java:107)
03-03 10:00:14.445  1191  1208 E HardwareInfoFeatureProviderImpl: 	at android.os.Binder.execTransactInternal(Binder.java:1421)
03-03 10:00:14.445  1191  1208 E HardwareInfoFeatureProviderImpl: 	at android.os.Binder.execTransact(Binder.java:1365)
03-03 10:00:14.597  1191  1208 E ScreenResolutionController: No support
03-03 10:00:14.661  1286  1363 E ggdc    : RuntimeException while executing runnable ggdr{ajmv@3ba78c4} with executor MoreExecutors.directExecutor()
03-03 10:00:14.661  1286  1363 E ggdc    : java.lang.NullPointerException: Attempt to get length of null array
03-03 10:00:14.661  1286  1363 E ggdc    : 	at android.util.Base64.encode(Base64.java:497)
03-03 10:00:14.661  1286  1363 E ggdc    : 	at android.util.Base64.encodeToString(Base64.java:459)
03-03 10:00:14.661  1286  1363 E ggdc    : 	at com.google.android.gms.auth.proximity.RemoteDevice.a(:com.google.android.gms@252635038@25.26.35 (260800-783060121):3)
03-03 10:00:14.661  1286  1363 E ggdc    : 	at ajmv.b(:com.google.android.gms@252635038@25.26.35 (260800-783060121):3)
03-03 10:00:14.661  1286  1363 E ggdc    : 	at ggdr.run(:com.google.android.gms@252635038@25.26.35 (260800-783060121):29)
03-03 10:00:14.661  1286  1363 E ggdc    : 	at ggcy.execute(:com.google.android.gms@252635038@25.26.35 (260800-783060121):1)
03-03 10:00:14.661  1286  1363 E ggdc    : 	at ggdc.c(:com.google.android.gms@252635038@25.26.35 (260800-783060121):1)
03-03 10:00:14.661  1286  1363 E ggdc    : 	at ggdc.b(:com.google.android.gms@252635038@25.26.35 (260800-783060121):32)
03-03 10:00:14.661  1286  1363 E ggdc    : 	at azpo.done(:com.google.android.gms@252635038@25.26.35 (260800-783060121):6)
03-03 10:00:14.661  1286  1363 E ggdc    : 	at java.util.concurrent.FutureTask.finishCompletion(FutureTask.java:434)
03-03 10:00:14.661  1286  1363 E ggdc    : 	at java.util.concurrent.FutureTask.set(FutureTask.java:285)
03-03 10:00:14.661  1286  1363 E ggdc    : 	at java.util.concurrent.FutureTask.run(FutureTask.java:325)
03-03 10:00:14.661  1286  1363 E ggdc    : 	at azpj.c(:com.google.android.gms@252635038@25.26.35 (260800-783060121):50)
03-03 10:00:14.661  1286  1363 E ggdc    : 	at azpj.run(:com.google.android.gms@252635038@25.26.35 (260800-783060121):70)
03-03 10:00:14.661  1286  1363 E ggdc    : 	at java.util.concurrent.ThreadPoolExecutor.runWorker(ThreadPoolExecutor.java:1156)
03-03 10:00:14.661  1286  1363 E ggdc    : 	at java.util.concurrent.ThreadPoolExecutor$Worker.run(ThreadPoolExecutor.java:651)
03-03 10:00:14.661  1286  1363 E ggdc    : 	at azva.run(:com.google.android.gms@252635038@25.26.35 (260800-783060121):8)
03-03 10:00:14.661  1286  1363 E ggdc    : 	at java.lang.Thread.run(Thread.java:1119)
03-03 10:00:14.653     0     0 E SELinux : avc:  denied  { find } for pid=1191 uid=1000 name=vendor.google.wireless_charger.IWirelessCharger/default scontext=u:r:system_app:s0 tcontext=u:object_r:default_android_service:s0 tclass=service_manager permissive=0
03-03 10:00:15.314  1191  1205 E HardwareInfoFeatureProviderImpl: Could not parse manufactured year from serial.
03-03 10:00:15.314  1191  1205 E HardwareInfoFeatureProviderImpl: java.lang.NumberFormatException: For input string: "E"
03-03 10:00:15.314  1191  1205 E HardwareInfoFeatureProviderImpl: 	at java.lang.Integer.parseInt(Integer.java:781)
03-03 10:00:15.314  1191  1205 E HardwareInfoFeatureProviderImpl: 	at java.lang.Integer.valueOf(Integer.java:1108)
03-03 10:00:15.314  1191  1205 E HardwareInfoFeatureProviderImpl: 	at com.google.android.settings.hardwareinfo.HardwareInfoFeatureProviderGoogleImpl.getManufacturedYear(HardwareInfoFeatureProviderGoogleImpl.kt:24)
03-03 10:00:15.314  1191  1205 E HardwareInfoFeatureProviderImpl: 	at com.android.settings.deviceinfo.hardwareinfo.ManufacturedYearPreferenceController.<init>(ManufacturedYearPreferenceController.kt:26)
03-03 10:00:15.314  1191  1205 E HardwareInfoFeatureProviderImpl: 	at java.lang.reflect.Constructor.newInstance0(Native Method)
03-03 10:00:15.314  1191  1205 E HardwareInfoFeatureProviderImpl: 	at java.lang.reflect.Constructor.newInstance(Constructor.java:343)
03-03 10:00:15.314  1191  1205 E HardwareInfoFeatureProviderImpl: 	at com.android.settings.core.BasePreferenceController.createInstance(BasePreferenceController.java:190)
03-03 10:00:15.314  1191  1205 E HardwareInfoFeatureProviderImpl: 	at com.android.settings.core.PreferenceControllerListHelper.getPreferenceControllersFromXml(PreferenceControllerListHelper.java:86)
03-03 10:00:15.314  1191  1205 E HardwareInfoFeatureProviderImpl: 	at com.android.settings.search.BaseSearchIndexProvider.getPreferenceControllers(BaseSearchIndexProvider.java:195)
03-03 10:00:15.314  1191  1205 E HardwareInfoFeatureProviderImpl: 	at com.android.settings.search.BaseSearchIndexProvider.updateNonIndexableKeysFromControllers(BaseSearchIndexProvider.java:142)
03-03 10:00:15.314  1191  1205 E HardwareInfoFeatureProviderImpl: 	at com.android.settings.search.BaseSearchIndexProvider.getNonIndexableKeys(BaseSearchIndexProvider.java:136)
03-03 10:00:15.314  1191  1205 E HardwareInfoFeatureProviderImpl: 	at com.android.settings.search.SettingsSearchIndexablesProvider.getNonIndexableKeysFromProvider(SettingsSearchIndexablesProvider.java:285)
03-03 10:00:15.314  1191  1205 E HardwareInfoFeatureProviderImpl: 	at com.android.settings.search.SettingsSearchIndexablesProvider.queryNonIndexableKeys(SettingsSearchIndexablesProvider.java:158)
03-03 10:00:15.314  1191  1205 E HardwareInfoFeatureProviderImpl: 	at android.provider.SearchIndexablesProvider.query(SearchIndexablesProvider.java:127)
03-03 10:00:15.314  1191  1205 E HardwareInfoFeatureProviderImpl: 	at android.content.ContentProvider.query(ContentProvider.java:1625)
03-03 10:00:15.314  1191  1205 E HardwareInfoFeatureProviderImpl: 	at android.content.ContentProvider.query(ContentProvider.java:1721)
03-03 10:00:15.314  1191  1205 E HardwareInfoFeatureProviderImpl: 	at android.content.ContentProvider$Transport.query(ContentProvider.java:296)
03-03 10:00:15.314  1191  1205 E HardwareInfoFeatureProviderImpl: 	at android.content.ContentProviderNative.onTransact(ContentProviderNative.java:107)
03-03 10:00:15.314  1191  1205 E HardwareInfoFeatureProviderImpl: 	at android.os.Binder.execTransactInternal(Binder.java:1421)
03-03 10:00:15.314  1191  1205 E HardwareInfoFeatureProviderImpl: 	at android.os.Binder.execTransact(Binder.java:1365)
03-03 10:00:15.486  3071  3137 E ashmem  : Pinning is deprecated since Android Q. Please use trim or other methods.
03-03 10:00:15.511  1191  1205 E ScreenResolutionController: No support
03-03 10:00:15.661  3167  3167 E nect.controller: Not starting debugger since process cannot load the jdwp agent.
03-03 10:00:15.965  1614  3117 E CastAuth: [CastAuthModuleInitIntent] Feature is not available, reason = CastAuth feature is disabled on this 1p device.. [CONTEXT service_id=360 ]
03-03 10:00:16.253  3181  3181 E id.gms.unstable: Not starting debugger since process cannot load the jdwp agent.
03-03 10:00:16.687  3198  3198 E zation.services: Not starting debugger since process cannot load the jdwp agent.
03-03 10:00:17.177  3219  3219 E ackageinstaller: Not starting debugger since process cannot load the jdwp agent.
03-03 10:00:17.200  3071  3149 E PhenotypeFlagCommitter: Retrieving snapshot for hub_android.device#com.google.android.gm failed
03-03 10:00:17.200  3071  3149 E PhenotypeFlagCommitter: java.util.concurrent.TimeoutException: Timed out waiting for Task
03-03 10:00:17.200  3071  3149 E PhenotypeFlagCommitter: 	at aerp.O(PG:48)
03-03 10:00:17.200  3071  3149 E PhenotypeFlagCommitter: 	at txs.i(PG:11)
03-03 10:00:17.200  3071  3149 E PhenotypeFlagCommitter: 	at txs.j(PG:42)
03-03 10:00:17.200  3071  3149 E PhenotypeFlagCommitter: 	at txs.g(PG:7)
03-03 10:00:17.200  3071  3149 E PhenotypeFlagCommitter: 	at androidx.compose.ui.Actual_androidKt$$ExternalSyntheticLambda0.run(PG:458)
03-03 10:00:17.200  3071  3149 E PhenotypeFlagCommitter: 	at java.util.concurrent.ThreadPoolExecutor.runWorker(ThreadPoolExecutor.java:1156)
03-03 10:00:17.200  3071  3149 E PhenotypeFlagCommitter: 	at java.util.concurrent.ThreadPoolExecutor$Worker.run(ThreadPoolExecutor.java:651)
03-03 10:00:17.200  3071  3149 E PhenotypeFlagCommitter: 	at java.lang.Thread.run(Thread.java:1119)
03-03 10:00:17.359  1286  3237 E .gms.persistent: hiddenapi: Accessing hidden method Landroid/net/ConnectivityManager;->isNetworkSupported(I)Z (runtime_flags=0, domain=platform, api=max-target-p) from Laztk; (domain=app) using reflection: denied
03-03 10:00:17.375  1614  3098 E IPCThreadState: Binder transaction failure. id: 107083, BR_*: 29201, error: -28 (No space left on device)
03-03 10:00:17.375  1614  3098 E JavaBinder: !!! FAILED BINDER TRANSACTION !!!  (parcel size = 1056768)
03-03 10:00:17.585  3248  3248 E id.partnersetup: Not starting debugger since process cannot load the jdwp agent.
03-03 10:00:17.677  1286  1377 E IPCThreadState: Process seems to be sending too many oneway calls.
03-03 10:00:18.138  3181  3192 E ashmem  : Pinning is deprecated since Android Q. Please use trim or other methods.
03-03 10:00:18.375  3287  3287 E .android.gms.ui: Not starting debugger since process cannot load the jdwp agent.
03-03 10:00:18.651  3268  3268 E .apps.safetyhub: Not starting debugger since process cannot load the jdwp agent.
03-03 10:00:18.736  3330  3330 E marvin.talkback: Not starting debugger since process cannot load the jdwp agent.
03-03 10:00:18.793  3284  3284 E ty.switchaccess: Not starting debugger since process cannot load the jdwp agent.
03-03 10:00:18.932  2653  2663 E ashmem  : Pinning is deprecated since Android Q. Please use trim or other methods.
03-03 10:00:19.174   712   915 E system_server: No package ID 7f found for resource ID 0x7f0806b3.
03-03 10:00:19.177   712   915 E system_server: No package ID 7f found for resource ID 0x7f15072d.
03-03 10:00:20.264  3248  3248 E ashmem  : Pinning is deprecated since Android Q. Please use trim or other methods.
03-03 10:00:20.755  3330  3451 E ashmem  : Pinning is deprecated since Android Q. Please use trim or other methods.
03-03 10:00:21.010  3287  3444 E ashmem  : Pinning is deprecated since Android Q. Please use trim or other methods.
03-03 10:00:21.457  1786  2087 E ajwr    : Couldn't get logged in Google account.
03-03 10:00:21.632  1614  3096 E PhenotypeFlagCommitter: Retrieving snapshot for com.google.android.gms.playlog.uploader failed
03-03 10:00:21.632  1614  3096 E PhenotypeFlagCommitter: java.util.concurrent.TimeoutException: Timed out waiting for Task
03-03 10:00:21.632  1614  3096 E PhenotypeFlagCommitter: 	at eque.o(:com.google.android.gms@252635038@25.26.35 (260800-783060121):53)
03-03 10:00:21.632  1614  3096 E PhenotypeFlagCommitter: 	at eeaf.f(:com.google.android.gms@252635038@25.26.35 (260800-783060121):11)
03-03 10:00:21.632  1614  3096 E PhenotypeFlagCommitter: 	at eeaf.j(:com.google.android.gms@252635038@25.26.35 (260800-783060121):42)
03-03 10:00:21.632  1614  3096 E PhenotypeFlagCommitter: 	at eeaf.k(:com.google.android.gms@252635038@25.26.35 (260800-783060121):20)
03-03 10:00:21.632  1614  3096 E PhenotypeFlagCommitter: 	at eeaf.j(:com.google.android.gms@252635038@25.26.35 (260800-783060121):121)
03-03 10:00:21.632  1614  3096 E PhenotypeFlagCommitter: 	at eeaf.h(:com.google.android.gms@252635038@25.26.35 (260800-783060121):4)
