03-03 09:58:59.695   712   712 E LocationManagerService: no population density provider found
03-03 09:58:59.696   712   712 E ActivityRecognitionHardware: activity_recognition HAL is deprecated. is_supported is effectively a no-op
03-03 09:58:59.674     0     0 E servicemanager: VINTF HALs require names in the format type/instance (e.g. some.package.foo.IFoo/default) but got: media_quality
03-03 09:58:59.710   712   968 E MediaCodec: Media Quality Service not found.
03-03 09:58:59.744   712  1011 E system_server: Failed to query component interface for required system resources: 6
03-03 09:58:59.755   638   998 E Codec2-ComponentInterface: We have a failed config
03-03 09:58:59.776   712   967 E MediaCodec: Media Quality Service not found.
03-03 09:58:59.751     0     0 E servicemanager: VINTF HALs require names in the format type/instance (e.g. some.package.foo.IFoo/default) but got: media_quality
03-03 09:58:59.789   712  1020 E system_server: Failed to query component interface for required system resources: 6
03-03 09:58:59.800   638   998 E Codec2-ComponentInterface: We have a failed config
03-03 09:58:59.925   712   968 E MediaCodec: Media Quality Service not found.
03-03 09:58:59.900     0     0 E servicemanager: VINTF HALs require names in the format type/instance (e.g. some.package.foo.IFoo/default) but got: media_quality
03-03 09:58:59.930   712  1025 E system_server: Failed to query component interface for required system resources: 6
03-03 09:58:59.948   638   674 E Codec2-ComponentInterface: We have a failed config
03-03 09:59:00.007   964   964 E ashmem  : Pinning is deprecated since Android Q. Please use trim or other methods.
03-03 09:59:00.203   712   762 E BluetoothPowerStatsCollector: Cannot acquire BluetoothActivityEnergyInfo
03-03 09:59:00.203   712   762 E BluetoothPowerStatsCollector: java.util.concurrent.ExecutionException: java.lang.RuntimeException: error: 9
03-03 09:59:00.203   712   762 E BluetoothPowerStatsCollector: 	at java.util.concurrent.CompletableFuture.reportGet(CompletableFuture.java:372)
03-03 09:59:00.203   712   762 E BluetoothPowerStatsCollector: 	at java.util.concurrent.CompletableFuture.get(CompletableFuture.java:2072)
03-03 09:59:00.203   712   762 E BluetoothPowerStatsCollector: 	at com.android.server.power.stats.BluetoothPowerStatsCollector.collectBluetoothActivityInfo(BluetoothPowerStatsCollector.java:192)
03-03 09:59:00.203   712   762 E BluetoothPowerStatsCollector: 	at com.android.server.power.stats.BluetoothPowerStatsCollector.collectStats(BluetoothPowerStatsCollector.java:155)
03-03 09:59:00.203   712   762 E BluetoothPowerStatsCollector: 	at com.android.server.power.stats.PowerStatsCollector.collectAndDeliverStats(PowerStatsCollector.java:176)
03-03 09:59:00.203   712   762 E BluetoothPowerStatsCollector: 	at com.android.server.power.stats.PowerStatsCollector$$ExternalSyntheticLambda0.run(R8$$SyntheticClass:0)
03-03 09:59:00.203   712   762 E BluetoothPowerStatsCollector: 	at android.os.Handler.handleCallback(Handler.java:995)
03-03 09:59:00.203   712   762 E BluetoothPowerStatsCollector: 	at android.os.Handler.dispatchMessage(Handler.java:103)
03-03 09:59:00.203   712   762 E BluetoothPowerStatsCollector: 	at android.os.Looper.loopOnce(Looper.java:248)
03-03 09:59:00.203   712   762 E BluetoothPowerStatsCollector: 	at android.os.Looper.loop(Looper.java:338)
03-03 09:59:00.203   712   762 E BluetoothPowerStatsCollector: 	at android.os.HandlerThread.run(HandlerThread.java:85)
03-03 09:59:00.203   712   762 E BluetoothPowerStatsCollector: Caused by: java.lang.RuntimeException: error: 9
03-03 09:59:00.203   712   762 E BluetoothPowerStatsCollector: 	at com.android.server.power.stats.BluetoothPowerStatsCollector$1.onBluetoothActivityEnergyInfoError(BluetoothPowerStatsCollector.java:181)
03-03 09:59:00.203   712   762 E BluetoothPowerStatsCollector: 	at android.bluetooth.BluetoothAdapter$OnBluetoothActivityEnergyInfoProxy.lambda$onError$2(BluetoothAdapter.java:1059)
03-03 09:59:00.203   712   762 E BluetoothPowerStatsCollector: 	at android.bluetooth.BluetoothAdapter$OnBluetoothActivityEnergyInfoProxy$$ExternalSyntheticLambda0.run(D8$$SyntheticClass:0)
03-03 09:59:00.203   712   762 E BluetoothPowerStatsCollector: 	at android.bluetooth.BluetoothUtils.lambda$executeFromBinder$0(BluetoothUtils.java:343)
03-03 09:59:00.203   712   762 E BluetoothPowerStatsCollector: 	at android.bluetooth.BluetoothUtils$$ExternalSyntheticLambda1.run(D8$$SyntheticClass:0)
03-03 09:59:00.203   712   762 E BluetoothPowerStatsCollector: 	at com.android.server.SystemServerInitThreadPool$$ExternalSyntheticLambda0.execute(R8$$SyntheticClass:0)
03-03 09:59:00.203   712   762 E BluetoothPowerStatsCollector: 	at android.bluetooth.BluetoothUtils.executeFromBinder(BluetoothUtils.java:343)
03-03 09:59:00.203   712   762 E BluetoothPowerStatsCollector: 	at android.bluetooth.BluetoothAdapter$OnBluetoothActivityEnergyInfoProxy.onError(BluetoothAdapter.java:1058)
03-03 09:59:00.203   712   762 E BluetoothPowerStatsCollector: 	at android.bluetooth.BluetoothAdapter.requestControllerActivityEnergyInfo(BluetoothAdapter.java:2694)
03-03 09:59:00.203   712   762 E BluetoothPowerStatsCollector: 	at com.android.server.power.stats.BatteryStatsImpl$BluetoothStatsRetrieverImpl.requestControllerActivityEnergyInfo(BatteryStatsImpl.java:485)
03-03 09:59:00.203   712   762 E BluetoothPowerStatsCollector: 	at com.android.server.power.stats.BluetoothPowerStatsCollector.collectBluetoothActivityInfo(BluetoothPowerStatsCollector.java:170)
03-03 09:59:00.203   712   762 E BluetoothPowerStatsCollector: 	... 8 more
03-03 09:59:00.218   712  1032 E StatsCompanionService: Could not get installer for package: com.google.android.trichromelibrary
03-03 09:59:00.218   712  1032 E StatsCompanionService: android.content.pm.PackageManager$NameNotFoundException: com.google.android.trichromelibrary
03-03 09:59:00.218   712  1032 E StatsCompanionService: 	at android.app.ApplicationPackageManager.getInstallSourceInfo(ApplicationPackageManager.java:2687)
03-03 09:59:00.218   712  1032 E StatsCompanionService: 	at com.android.server.stats.StatsCompanionService.getInstallerPackageName(StatsCompanionService.java:153)
03-03 09:59:00.218   712  1032 E StatsCompanionService: 	at com.android.server.stats.StatsCompanionService.$r8$lambda$MBPStrBhgnmbybdtzkoTAe-YOYw(StatsCompanionService.java:229)
03-03 09:59:00.218   712  1032 E StatsCompanionService: 	at com.android.server.stats.StatsCompanionService$$ExternalSyntheticLambda1.run(R8$$SyntheticClass:0)
03-03 09:59:00.218   712  1032 E StatsCompanionService: 	at android.os.Handler.handleCallback(Handler.java:995)
03-03 09:59:00.218   712  1032 E StatsCompanionService: 	at android.os.Handler.dispatchMessage(Handler.java:103)
03-03 09:59:00.218   712  1032 E StatsCompanionService: 	at android.os.Looper.loopOnce(Looper.java:248)
03-03 09:59:00.218   712  1032 E StatsCompanionService: 	at android.os.Looper.loop(Looper.java:338)
03-03 09:59:00.218   712  1032 E StatsCompanionService: 	at android.os.HandlerThread.run(HandlerThread.java:85)
03-03 09:59:00.222  1035  1035 E rkstack.process: Not starting debugger since process cannot load the jdwp agent.
03-03 09:59:00.224   712   751 E CountryDetector: Could not instantiate the custom country detector class
03-03 09:59:00.482  1070  1070 E droid.bluetooth: Not starting debugger since process cannot load the jdwp agent.
03-03 09:59:00.643  1035  1035 E ashmem  : Pinning is deprecated since Android Q. Please use trim or other methods.
03-03 09:59:00.689  1084  1084 E com.android.se: Not starting debugger since process cannot load the jdwp agent.
03-03 09:59:00.786  1094  1094 E m.android.phone: Not starting debugger since process cannot load the jdwp agent.
03-03 09:59:00.826  1098  1098 E s.nexuslauncher: Not starting debugger since process cannot load the jdwp agent.
03-03 09:59:01.107   964   964 E UdfpsOverlayInteractor: invalid pixelPitch: -1.0. Pixel pitch must be updated per device.
03-03 09:59:01.170   712   790 E TransitionController: Set visible without transition ActivityRecord{60093257 u0 com.google.android.apps.nexuslauncher/.NexusLauncherActivity t2} playing=false caller=com.android.server.wm.ActivityRecord.makeVisibleIfNeeded:5960 
03-03 09:59:01.285  1139  1139 E id.ext.services: Not starting debugger since process cannot load the jdwp agent.
03-03 09:59:01.321   712   712 E WiredAccessoryManager: No state change.
03-03 09:59:01.328  1098  1098 E ashmem  : Pinning is deprecated since Android Q. Please use trim or other methods.
03-03 09:59:01.470   964  1022 E ViewRootImpl: SensitiveContentProtectionService shouldn't be null
03-03 09:59:01.482  1035  1035 E SystemServiceRegistry: No service published for: ethernet
03-03 09:59:01.482  1035  1035 E SystemServiceRegistry: android.os.ServiceManager$ServiceNotFoundException: No service published for: ethernet
03-03 09:59:01.482  1035  1035 E SystemServiceRegistry: 	at android.os.ServiceManager.getServiceOrThrow(ServiceManager.java:203)
03-03 09:59:01.482  1035  1035 E SystemServiceRegistry: 	at android.app.SystemServiceRegistry$149.createService(SystemServiceRegistry.java:2232)
03-03 09:59:01.482  1035  1035 E SystemServiceRegistry: 	at android.app.SystemServiceRegistry$CachedServiceFetcher.getService(SystemServiceRegistry.java:2343)
03-03 09:59:01.482  1035  1035 E SystemServiceRegistry: 	at android.app.SystemServiceRegistry.getSystemService(SystemServiceRegistry.java:1918)
03-03 09:59:01.482  1035  1035 E SystemServiceRegistry: 	at android.app.ContextImpl.getSystemService(ContextImpl.java:2315)
03-03 09:59:01.482  1035  1035 E SystemServiceRegistry: 	at android.content.ContextWrapper.getSystemService(ContextWrapper.java:964)
03-03 09:59:01.482  1035  1035 E SystemServiceRegistry: 	at com.android.networkstack.tethering.Tethering.isEthernetSupported(Tethering.java:1862)
03-03 09:59:01.482  1035  1035 E SystemServiceRegistry: 	at com.android.networkstack.tethering.Tethering.makeSupportedDownstreams(Tethering.java:2843)
03-03 09:59:01.482  1035  1035 E SystemServiceRegistry: 	at com.android.networkstack.tethering.Tethering.updateSupportedDownstreams(Tethering.java:2817)
03-03 09:59:01.482  1035  1035 E SystemServiceRegistry: 	at com.android.networkstack.tethering.Tethering.updateConfiguration(Tethering.java:564)
03-03 09:59:01.482  1035  1035 E SystemServiceRegistry: 	at com.android.networkstack.tethering.Tethering.<init>(Tethering.java:374)
03-03 09:59:01.482  1035  1035 E SystemServiceRegistry: 	at com.android.networkstack.tethering.TetheringService.makeTethering(TetheringService.java:95)
03-03 09:59:01.482  1035  1035 E SystemServiceRegistry: 	at com.android.networkstack.tethering.TetheringService.onCreate(TetheringService.java:84)
03-03 09:59:01.482  1035  1035 E SystemServiceRegistry: 	at android.app.ActivityThread.handleCreateService(ActivityThread.java:5282)
03-03 09:59:01.482  1035  1035 E SystemServiceRegistry: 	at android.app.ActivityThread.-$$Nest$mhandleCreateService(Unknown Source:0)
03-03 09:59:01.482  1035  1035 E SystemServiceRegistry: 	at android.app.ActivityThread$H.handleMessage(ActivityThread.java:2597)
03-03 09:59:01.482  1035  1035 E SystemServiceRegistry: 	at android.os.Handler.dispatchMessage(Handler.java:110)
03-03 09:59:01.482  1035  1035 E SystemServiceRegistry: 	at android.os.Looper.loopOnce(Looper.java:248)
03-03 09:59:01.482  1035  1035 E SystemServiceRegistry: 	at android.os.Looper.loop(Looper.java:338)
03-03 09:59:01.482  1035  1035 E SystemServiceRegistry: 	at android.app.ActivityThread.main(ActivityThread.java:9067)
03-03 09:59:01.482  1035  1035 E SystemServiceRegistry: 	at java.lang.reflect.Method.invoke(Native Method)
03-03 09:59:01.482  1035  1035 E SystemServiceRegistry: 	at com.android.internal.os.RuntimeInit$MethodAndArgsCaller.run(RuntimeInit.java:593)
03-03 09:59:01.482  1035  1035 E SystemServiceRegistry: 	at com.android.internal.os.ZygoteInit.main(ZygoteInit.java:932)
03-03 09:59:01.522  1098  1098 E ViewRootImpl: SensitiveContentProtectionService shouldn't be null
03-03 09:59:01.655   712   790 E TransitionChain: Can't collect into a chain with no transition
03-03 09:59:01.655   712   790 E TransitionChain: Can't collect into a chain with no transition
03-03 09:59:01.944  1098  1174 E ViewRootImpl: SensitiveContentProtectionService shouldn't be null
03-03 09:59:02.230   712   712 E AppOps  : package com.android.server.telecom.callsequencing.voip not found, can't check for attributionTag null
03-03 09:59:02.230   712   712 E AppOps  : Bad call made by uid 1000. Package "com.android.server.telecom.callsequencing.voip" does not belong to uid 1000.
03-03 09:59:02.231   712   712 E AppOps  : Cannot noteOperation: non-application UID 1000
03-03 09:59:02.292   712   712 E ContentSuggestionsPerUserService: Bad service name: com.google.android.as/com.google.android.apps.miphone.aiai.app.AiAiContentSuggestionsService
03-03 09:59:02.470  1191  1191 E ndroid.settings: Not starting debugger since process cannot load the jdwp agent.
03-03 09:59:02.489  1094  1094 E ashmem  : Pinning is deprecated since Android Q. Please use trim or other methods.
03-03 09:59:02.524  1094  1094 E CarrierIdProvider: read carrier list from ota pb failure: java.io.FileNotFoundException: /data/misc/carrierid/carrier_list.pb: open failed: ENOENT (No such file or directory)
03-03 09:59:02.593  1070  1070 E ashmem  : Pinning is deprecated since Android Q. Please use trim or other methods.
03-03 09:59:02.762   964  1083 E AppWidgetManager: Notify service of inheritance info
03-03 09:59:02.762   964  1083 E AppWidgetManager: java.lang.IllegalStateException: User 0 must be unlocked for widgets to be available
03-03 09:59:02.762   964  1083 E AppWidgetManager: 	at android.os.Parcel.createExceptionOrNull(Parcel.java:3348)
03-03 09:59:02.762   964  1083 E AppWidgetManager: 	at android.os.Parcel.createException(Parcel.java:3324)
03-03 09:59:02.762   964  1083 E AppWidgetManager: 	at android.os.Parcel.readException(Parcel.java:3307)
03-03 09:59:02.762   964  1083 E AppWidgetManager: 	at android.os.Parcel.readException(Parcel.java:3249)
03-03 09:59:02.762   964  1083 E AppWidgetManager: 	at com.android.internal.appwidget.IAppWidgetService$Stub$Proxy.getInstalledProvidersForProfile(IAppWidgetService.java:1071)
03-03 09:59:02.762   964  1083 E AppWidgetManager: 	at android.appwidget.AppWidgetManager.getInstalledProvidersForProfile(AppWidgetManager.java:1107)
03-03 09:59:02.762   964  1083 E AppWidgetManager: 	at android.appwidget.AppWidgetManager.getInstalledProvidersForPackage(AppWidgetManager.java:1041)
03-03 09:59:02.762   964  1083 E AppWidgetManager: 	at android.appwidget.AppWidgetManager.lambda$new$3(AppWidgetManager.java:639)
03-03 09:59:02.762   964  1083 E AppWidgetManager: 	at android.appwidget.AppWidgetManager.$r8$lambda$WKLPyaeqLNLNb3560d7QJuq2DwQ(Unknown Source:0)
03-03 09:59:02.762   964  1083 E AppWidgetManager: 	at android.appwidget.AppWidgetManager$$ExternalSyntheticLambda7.run(D8$$SyntheticClass:0)
03-03 09:59:02.762   964  1083 E AppWidgetManager: 	at android.os.Handler.handleCallback(Handler.java:995)
03-03 09:59:02.762   964  1083 E AppWidgetManager: 	at android.os.Handler.dispatchMessage(Handler.java:103)
03-03 09:59:02.762   964  1083 E AppWidgetManager: 	at android.os.Looper.loopOnce(Looper.java:248)
03-03 09:59:02.762   964  1083 E AppWidgetManager: 	at android.os.Looper.loop(Looper.java:338)
03-03 09:59:02.762   964  1083 E AppWidgetManager: 	at android.os.HandlerThread.run(HandlerThread.java:85)
03-03 09:59:03.051     0     0 E libprocessgroup: Failed to write 1 to /sys/fs/cgroup/system/uid_1000/pid_617/cgroup.kill: No such file or directory
03-03 09:59:03.054     0     0 E libprocessgroup: Failed to open /sys/fs/cgroup/system/uid_1000/pid_617/cgroup.procs: No such file or directory
03-03 09:59:03.346  1070  1239 E bluetooth: system/gd/hal/socket_hal_android.cc:93 Start: The service android.hardware.bluetooth.socket.IBluetoothSocket/default is not declared
03-03 09:59:03.371   563   593 E EGL_emulation: eglQueryContext 3100  EGL_BAD_ATTRIBUTE
03-03 09:59:03.371   563   593 E EGL_emulation: tid 593: eglQueryContext(2159): error 0x3004 (EGL_BAD_ATTRIBUTE)
03-03 09:59:03.375   512   512 E android.hardware.bluetooth.service.default: unable to open /dev/rfkill: Permission denied
03-03 09:59:03.375   512   512 E android.hardware.bluetooth.service.default: rfkill unavailable
03-03 09:59:03.474  1094  1094 E SatelliteController: SatelliteController was not yet initialized.
03-03 09:59:03.488   712   935 E WifiService: Attempt to retrieve passpoint with invalid scanResult List
03-03 09:59:03.615   563   645 E HwcComposer: getDisplayDecorationSupport failed Status(-8, EX_SERVICE_SPECIFIC): '8: '
03-03 09:59:03.616   563   645 E HWComposer: getDisplayDecorationSupport: getDisplayDecorationSupport failed for display 4619827259835644672: UNSUPPORTED (8)
03-03 09:59:03.642   964  1251 E ViewRootImpl: SensitiveContentProtectionService shouldn't be null
03-03 09:59:03.760  1098  1258 E FileLog : Error writing logs to file
03-03 09:59:03.760  1098  1258 E FileLog : java.io.FileNotFoundException: /data/user/0/com.google.android.apps.nexuslauncher/files/log-2: open failed: ENOENT (No such file or directory)
03-03 09:59:03.760  1098  1258 E FileLog : 	at libcore.io.IoBridge.open(IoBridge.java:574)
03-03 09:59:03.760  1098  1258 E FileLog : 	at java.io.FileOutputStream.<init>(FileOutputStream.java:259)
03-03 09:59:03.760  1098  1258 E FileLog : 	at java.io.FileWriter.<init>(FileWriter.java:113)
03-03 09:59:03.760  1098  1258 E FileLog : 	at com.android.launcher3.logging.FileLog$LogWriterCallback.handleMessage(go/retraceme 43e00d9cd0eb17b3d9dd30fc1741b1c71445c4c0f7c8c9b81300265c86c5b873:168)
03-03 09:59:03.760  1098  1258 E FileLog : 	at android.os.Handler.dispatchMessage(Handler.java:106)
03-03 09:59:03.760  1098  1258 E FileLog : 	at android.os.Looper.loopOnce(Looper.java:248)
03-03 09:59:03.760  1098  1258 E FileLog : 	at android.os.Looper.loop(Looper.java:338)
03-03 09:59:03.760  1098  1258 E FileLog : 	at android.os.HandlerThread.run(HandlerThread.java:85)
03-03 09:59:03.760  1098  1258 E FileLog : Caused by: android.system.ErrnoException: open failed: ENOENT (No such file or directory)
03-03 09:59:03.760  1098  1258 E FileLog : 	at libcore.io.Linux.open(Native Method)
03-03 09:59:03.760  1098  1258 E FileLog : 	at libcore.io.ForwardingOs.open(ForwardingOs.java:568)
03-03 09:59:03.760  1098  1258 E FileLog : 	at libcore.io.BlockGuardOs.open(BlockGuardOs.java:274)
03-03 09:59:03.760  1098  1258 E FileLog : 	at libcore.io.ForwardingOs.open(ForwardingOs.java:568)
03-03 09:59:03.760  1098  1258 E FileLog : 	at android.app.ActivityThread$AndroidOs.open(ActivityThread.java:8953)
03-03 09:59:03.760  1098  1258 E FileLog : 	at libcore.io.IoBridge.open(IoBridge.java:560)
03-03 09:59:03.760  1098  1258 E FileLog : 	... 7 more
03-03 09:59:04.339   964  1251 E ViewRootImpl: SensitiveContentProtectionService shouldn't be null
03-03 09:59:04.431  1070  1070 E AvrcpTargetService: Please use AVRCP version 1.6 to enable cover art
03-03 09:59:04.454  1070  1070 E BluetoothHeadsetServiceJni: android/app/jni/com_android_bluetooth_hfp.cpp:973 enableSwbNative: Failed to disable
03-03 09:59:04.580  1191  1191 E ashmem  : Pinning is deprecated since Android Q. Please use trim or other methods.
03-03 09:59:04.658  1094  1094 E SmsApplication: com.google.android.apps.messaging lost android:read_cell_broadcasts:  (fixing)
03-03 09:59:04.823  1286  1286 E .gms.persistent: Not starting debugger since process cannot load the jdwp agent.
03-03 09:59:05.019   712   828 E Binder  : Outgoing transactions from this process must be FLAG_ONEWAY
03-03 09:59:05.019   712   828 E Binder  : java.lang.Throwable
03-03 09:59:05.019   712   828 E Binder  : 	at android.os.BinderProxy.transact(BinderProxy.java:549)
03-03 09:59:05.019   712   828 E Binder  : 	at android.bluetooth.IBluetooth$Stub$Proxy.getProfile(IBluetooth.java:4576)
03-03 09:59:05.019   712   828 E Binder  : 	at android.bluetooth.BluetoothAdapter.getProfile(BluetoothAdapter.java:4069)
03-03 09:59:05.019   712   828 E Binder  : 	at android.bluetooth.BluetoothAdapter.-$$Nest$mgetProfile(Unknown Source:0)
03-03 09:59:05.019   712   828 E Binder  : 	at android.bluetooth.BluetoothAdapter$7.lambda$connectAllProfileProxyLocked$1(BluetoothAdapter.java:3704)
03-03 09:59:05.019   712   828 E Binder  : 	at android.bluetooth.BluetoothAdapter$7.$r8$lambda$B5IIXcFbc84F3d5lEGZL2UZA3vU(Unknown Source:0)
03-03 09:59:05.019   712   828 E Binder  : 	at android.bluetooth.BluetoothAdapter$7$$ExternalSyntheticLambda0.accept(D8$$SyntheticClass:0)
03-03 09:59:05.019   712   828 E Binder  : 	at java.util.concurrent.ConcurrentHashMap.forEach(ConcurrentHashMap.java:1608)
03-03 09:59:05.019   712   828 E Binder  : 	at android.bluetooth.BluetoothAdapter$7.connectAllProfileProxyLocked(BluetoothAdapter.java:3700)
03-03 09:59:05.019   712   828 E Binder  : 	at android.bluetooth.BluetoothAdapter$7.onBluetoothOn(BluetoothAdapter.java:3720)
03-03 09:59:05.019   712   828 E Binder  : 	at android.bluetooth.BluetoothAdapter$6.onBluetoothOn(BluetoothAdapter.java:3600)
03-03 09:59:05.019   712   828 E Binder  : 	at com.android.server.bluetooth.BluetoothManagerService$$ExternalSyntheticLambda16.accept(R8$$SyntheticClass:0)
03-03 09:59:05.019   712   828 E Binder  : 	at com.android.server.bluetooth.BluetoothManagerService.broadcastToAdapters(BluetoothManagerService.java:1186)
03-03 09:59:05.019   712   828 E Binder  : 	at com.android.server.bluetooth.BluetoothManagerService.sendBluetoothOnCallback(BluetoothManagerService.java:1195)
03-03 09:59:05.019   712   828 E Binder  : 	at com.android.server.bluetooth.BluetoothManagerService.bluetoothStateChangeHandler(BluetoothManagerService.java:1897)
03-03 09:59:05.019   712   828 E Binder  : 	at com.android.server.bluetooth.BluetoothManagerService.-$$Nest$mbluetoothStateChangeHandler(BluetoothManagerService.java:0)
03-03 09:59:05.019   712   828 E Binder  : 	at com.android.server.bluetooth.BluetoothManagerService$BluetoothHandler.handleMessage(BluetoothManagerService.java:1383)
03-03 09:59:05.019   712   828 E Binder  : 	at android.os.Handler.dispatchMessage(Handler.java:110)
03-03 09:59:05.019   712   828 E Binder  : 	at android.os.Looper.loopOnce(Looper.java:248)
03-03 09:59:05.019   712   828 E Binder  : 	at android.os.Looper.loop(Looper.java:338)
03-03 09:59:05.019   712   828 E Binder  : 	at android.os.HandlerThread.run(HandlerThread.java:85)
03-03 09:59:05.032   712   828 E BluetoothAdapter: Failed to retrieve a binder for LE_AUDIO_BROADCAST
03-03 09:59:05.044   712   828 E BluetoothAdapter: Failed to retrieve a binder for A2DP_SINK
03-03 09:59:05.055   712   828 E BluetoothAdapter: Failed to retrieve a binder for LE_AUDIO
03-03 09:59:05.055   712   828 E BluetoothAdapter: Failed to retrieve a binder for LE_AUDIO
03-03 09:59:05.125  1094  1094 E SatelliteModemInterface: Unable to bind to the satellite service because the package is undefined.
03-03 09:59:05.155  1094  1094 E SessionMetricsStats: create new SessionMetricsStats.
03-03 09:59:05.182  1094  1094 E SatelliteController: registerForSatelliteCommunicationAccessStateChanged: SatelliteManager is null
03-03 09:59:05.214  1070  1070 E BrowsedPlayerWrapper: BrowserSubscriptionCallback: Could not get folder items
03-03 09:59:05.395  1094  1094 E AccessControllerMetricsStats: create new AccessControllerMetricsStats.
03-03 09:59:05.396  1094  1094 E SatelliteAccessController: loadConfigUpdaterConfigs: satelliteConfigVersion is invalid: 0
03-03 09:59:05.398  1094  1312 E SatelliteModemInterface: requestIsSatelliteEnabledForCarrier: Satellite service is unavailable.
03-03 09:59:05.399  1094  1312 E SatelliteController: EVENT_GET_SATELLITE_ENABLED_FOR_CARRIER_DONE: result is null
03-03 09:59:05.493   964   964 E EdgeBackGestureHandler: No resource found for gesture-blocking activities
03-03 09:59:05.683   712   873 E AppOps  : attributionTag VCN not declared in manifest of android
03-03 09:59:05.690   712   873 E AppOps  : attributionTag VCN not declared in manifest of android
03-03 09:59:05.794  1094  1094 E SatelliteController: registerForSatelliteModemStateChanged: mSatelliteSessionController is not initialized yet
03-03 09:59:05.852   712  1125 E JavaBinder: *** Uncaught remote exception! Exceptions are not yet supported across processes. Client PID 1094 UID 1001.
03-03 09:59:05.852   712  1125 E JavaBinder: java.lang.ArrayIndexOutOfBoundsException: length=1; index=-1
03-03 09:59:05.852   712  1125 E JavaBinder: 	at com.android.server.TelephonyRegistry.notifyCarrierRoamingNtnSignalStrengthChanged(TelephonyRegistry.java:3888)
03-03 09:59:05.852   712  1125 E JavaBinder: 	at com.android.internal.telephony.ITelephonyRegistry$Stub.onTransact(ITelephonyRegistry.java:1244)
03-03 09:59:05.852   712  1125 E JavaBinder: 	at android.os.Binder.execTransactInternal(Binder.java:1421)
03-03 09:59:05.852   712  1125 E JavaBinder: 	at android.os.Binder.execTransact(Binder.java:1365)
03-03 09:59:06.024   964   964 E DSRotLockSettingsMngr: No matching device state for posture: 0
03-03 09:59:06.029   964   964 E DSRotLockSettingsMngr: No matching device state for posture: 2
03-03 09:59:06.031   964   964 E DSRotLockSettingsMngr: No matching device state for posture: 1
03-03 09:59:06.269   712   873 E AppOps  : attributionTag VCN not declared in manifest of android
03-03 09:59:06.493   964  1347 E MediaCodec: Media Quality Service not found.
03-03 09:59:06.468     0     0 E servicemanager: VINTF HALs require names in the format type/instance (e.g. some.package.foo.IFoo/default) but got: media_quality
03-03 09:59:06.499   964  1349 E ndroid.systemui: Failed to query component interface for required system resources: 6
03-03 09:59:06.510   638   694 E Codec2-ComponentInterface: We have a failed config
03-03 09:59:06.487     0     0 E servicemanager: VINTF HALs require names in the format type/instance (e.g. some.package.foo.IFoo/default) but got: media_quality
03-03 09:59:06.514   964  1348 E MediaCodec: Media Quality Service not found.
03-03 09:59:06.526   964  1350 E ndroid.systemui: Failed to query component interface for required system resources: 6
03-03 09:59:06.535   638  1017 E Codec2-ComponentInterface: We have a failed config
03-03 09:59:06.674     0     0 E servicemanager: VINTF HALs require names in the format type/instance (e.g. some.package.foo.IFoo/default) but got: media_quality
03-03 09:59:06.704   964  1347 E MediaCodec: Media Quality Service not found.
03-03 09:59:06.718   964  1359 E ndroid.systemui: Failed to query component interface for required system resources: 6
03-03 09:59:06.738   638  1017 E Codec2-ComponentInterface: We have a failed config
03-03 09:59:07.099   964   964 E LauncherProxyService: Failed to get launcher proxy for disable flags.
03-03 09:59:07.127   964   964 E ViewRootImpl: SensitiveContentProtectionService shouldn't be null
03-03 09:59:07.144   964   964 E LauncherProxyService: Failed to get launcher proxy for disable flags.
03-03 09:59:07.149  1286  1372 E ashmem  : Pinning is deprecated since Android Q. Please use trim or other methods.
03-03 09:59:07.268   712  1125 E AppOps  : attributionTag VCN not declared in manifest of android
03-03 09:59:07.282  1094  1094 E SatelliteController: registerForSatelliteModemStateChanged: mSatelliteSessionController is not initialized yet
03-03 09:59:07.285  1094  1094 E SatelliteController: registerForSatelliteModemStateChanged: mSatelliteSessionController is not initialized yet
03-03 09:59:07.282   964   964 E ViewRootImpl: SensitiveContentProtectionService shouldn't be null
03-03 09:59:07.297  1375  1375 E ssioncontroller: Not starting debugger since process cannot load the jdwp agent.
03-03 09:59:07.299   964   964 E ViewRootImpl: SensitiveContentProtectionService shouldn't be null
03-03 09:59:07.341   712  1125 E WindowManager: Display reconfigured outside of a transition: Display{#0 state=ON size=1080x2400 ROTATION_0}
03-03 09:59:07.366  1094  1312 E SatelliteModemInterface: requestIsSatelliteSupported: Satellite service is unavailable.
03-03 09:59:07.369  1094  1312 E SatelliteServiceUtils: isSatelliteSupported SatelliteException: android.telephony.satellite.SatelliteManager$SatelliteException
03-03 09:59:07.413   712   865 E WifiScanningService: wifi driver loaded received while already loaded
03-03 09:59:07.479   712   873 E AppOps  : attributionTag VCN not declared in manifest of android
03-03 09:59:07.494  1094  1312 E SatelliteController: registerForSatelliteCommunicationAccessStateChanged: SatelliteManager is null
03-03 09:59:07.707   712   861 E WifiDataStall: onDataConnectionStateChanged unexpected State: -1
03-03 09:59:07.707   712   861 E MboOceController: onDataConnectionStateChanged unexpected State: -1
03-03 09:59:07.955   712   746 E TestHarnessModeService: Failed to start Test Harness Mode; no implementation of PersistentDataBlockManagerInternal was bound!
03-03 09:59:07.995  1035  1141 E SystemServiceRegistry: No service published for: ethernet
03-03 09:59:07.995  1035  1141 E SystemServiceRegistry: android.os.ServiceManager$ServiceNotFoundException: No service published for: ethernet
03-03 09:59:07.995  1035  1141 E SystemServiceRegistry: 	at android.os.ServiceManager.getServiceOrThrow(ServiceManager.java:203)
03-03 09:59:07.995  1035  1141 E SystemServiceRegistry: 	at android.app.SystemServiceRegistry$149.createService(SystemServiceRegistry.java:2232)
03-03 09:59:07.995  1035  1141 E SystemServiceRegistry: 	at android.app.SystemServiceRegistry$CachedServiceFetcher.getService(SystemServiceRegistry.java:2343)
03-03 09:59:07.995  1035  1141 E SystemServiceRegistry: 	at android.app.SystemServiceRegistry.getSystemService(SystemServiceRegistry.java:1918)
03-03 09:59:07.995  1035  1141 E SystemServiceRegistry: 	at android.app.ContextImpl.getSystemService(ContextImpl.java:2315)
03-03 09:59:07.995  1035  1141 E SystemServiceRegistry: 	at android.content.ContextWrapper.getSystemService(ContextWrapper.java:964)
03-03 09:59:07.995  1035  1141 E SystemServiceRegistry: 	at com.android.networkstack.tethering.Tethering.isEthernetSupported(Tethering.java:1862)
03-03 09:59:07.995  1035  1141 E SystemServiceRegistry: 	at com.android.networkstack.tethering.Tethering.makeSupportedDownstreams(Tethering.java:2843)
03-03 09:59:07.995  1035  1141 E SystemServiceRegistry: 	at com.android.networkstack.tethering.Tethering.updateSupportedDownstreams(Tethering.java:2817)
03-03 09:59:07.995  1035  1141 E SystemServiceRegistry: 	at com.android.networkstack.tethering.Tethering.updateConfiguration(Tethering.java:564)
03-03 09:59:07.995  1035  1141 E SystemServiceRegistry: 	at com.android.networkstack.tethering.Tethering.-$$Nest$mupdateConfiguration(Tethering.java:0)
03-03 09:59:07.995  1035  1141 E SystemServiceRegistry: 	at com.android.networkstack.tethering.Tethering$ActiveDataSubIdListener.onActiveDataSubscriptionIdChanged(Tethering.java:540)
03-03 09:59:07.995  1035  1141 E SystemServiceRegistry: 	at android.telephony.PhoneStateListener$IPhoneStateListenerStub.lambda$onActiveDataSubIdChanged$56(PhoneStateListener.java:1622)
03-03 09:59:07.995  1035  1141 E SystemServiceRegistry: 	at android.telephony.PhoneStateListener$IPhoneStateListenerStub$$ExternalSyntheticLambda15.run(D8$$SyntheticClass:0)
03-03 09:59:07.995  1035  1141 E SystemServiceRegistry: 	at android.os.Handler.handleCallback(Handler.java:995)
03-03 09:59:07.995  1035  1141 E SystemServiceRegistry: 	at android.os.Handler.dispatchMessage(Handler.java:103)
03-03 09:59:07.995  1035  1141 E SystemServiceRegistry: 	at android.os.Looper.loopOnce(Looper.java:248)
03-03 09:59:07.995  1035  1141 E SystemServiceRegistry: 	at android.os.Looper.loop(Looper.java:338)
03-03 09:59:07.995  1035  1141 E SystemServiceRegistry: 	at android.os.HandlerThread.run(HandlerThread.java:85)
03-03 09:59:08.243  1094  1094 E SatelliteController: registerForSatelliteModemStateChanged: mSatelliteSessionController is not initialized yet
03-03 09:59:08.277  1094  1094 E SatelliteController: registerForSatelliteModemStateChanged: mSatelliteSessionController is not initialized yet
03-03 09:59:08.300  1094  1312 E SatelliteController: registerForSatelliteCommunicationAccessStateChanged: SatelliteManager is null
03-03 09:59:08.306   712   861 E WifiChipAidlImpl: getUsableChannels failed with service-specific exception: android.os.ServiceSpecificException:  (code 4)
03-03 09:59:08.398   712   861 E WifiScoringParams: Invalid frequency(-1), using 5G as default rssi array
03-03 09:59:08.437   712   746 E AppOps  : attributionTag UwbCountryCode not declared in manifest of android
03-03 09:59:08.441   712   746 E AppOps  : attributionTag UwbCountryCode not declared in manifest of android
03-03 09:59:08.458   712   746 E AppOps  : attributionTag UwbCountryCode not declared in manifest of android
03-03 09:59:08.505   712   746 E uwb     : uwb_uci_jni_rust::helper: Java_com_android_server_uwb_jni_NativeUwbManager_nativeSetCountryCode failed with BadParameters
03-03 09:59:08.566   712  1125 E AppOps  : attributionTag VCN not declared in manifest of android
03-03 09:59:08.584   964   964 E LauncherProxyService: Failed to get launcher proxy for disable flags.
03-03 09:59:08.612   712   873 E AppOps  : attributionTag VCN not declared in manifest of android
03-03 09:59:08.613   712   861 E AppOps  : attributionTag UwbCountryCode not declared in manifest of android
03-03 09:59:08.970   712   746 E WindowManager: Display reconfigured outside of a transition: Display{#0 state=ON size=1080x2400 ROTATION_0}
03-03 09:59:08.989  1441  1441 E .apps.wellbeing: Not starting debugger since process cannot load the jdwp agent.
03-03 09:59:09.175   238   238 E lmkd    : memevent failed to attach bpf program to android_vendor_lmk/android_trigger_vendor_lmk_kill tracepoint: No such file or directory
03-03 09:59:09.176   238   238 E lmkd    : memevent failed to attach bpf program to kmem/mm_calculate_totalreserve_pages tracepoint: No such file or directory
03-03 09:59:09.207     0     0 E selinux : SELinux: Could not get canonical path for /sys/kernel/debug/tracing/instances/wifi restorecon: No such file or directory.
03-03 09:59:09.740  1375  1375 E FeatureFlagsImplExport: android.os.flagging.AconfigStorageReadException: ERROR_PACKAGE_NOT_FOUND: package android.xr cannot be found on the device
03-03 09:59:09.941  1375  1468 E ashmem  : Pinning is deprecated since Android Q. Please use trim or other methods.
03-03 09:59:10.290  1473  1473 E dmesgd  : /data/misc/dmesgd/sent_reports.txt is empty: No such file or directory
03-03 09:59:10.376  1474  1474 E oadcastreceiver: Not starting debugger since process cannot load the jdwp agent.
03-03 09:59:10.753   712   752 E MusicRecognitionManagerPerUserService: Bad service name: com.google.android.googlequicksearchbox/com.google.android.apps.search.soundsearch.service.SoundSearchService
03-03 09:59:11.559   712   896 E BackupPasswordManager: Unable to read backup pw version
03-03 09:59:11.560   712   896 E BackupPasswordManager: Unable to read saved backup pw hash
03-03 09:59:11.955  1507  1507 E rs.media.module: Not starting debugger since process cannot load the jdwp agent.
03-03 09:59:11.989  1094  1312 E SatelliteController: registerForSatelliteCommunicationAccessStateChanged: SatelliteManager is null
03-03 09:59:12.190  1519  1519 E ogle.android.as: Not starting debugger since process cannot load the jdwp agent.
03-03 09:59:12.624  1541  1541 E hbox:interactor: Not starting debugger since process cannot load the jdwp agent.
03-03 09:59:13.168  1094  1094 E SatelliteController: registerForSatelliteModemStateChanged: mSatelliteSessionController is not initialized yet
03-03 09:59:13.480  1558  1558 E id.printspooler: Not starting debugger since process cannot load the jdwp agent.
03-03 09:59:13.536   712   743 E Parcel  : Reading a NULL string not supported here.
03-03 09:59:13.536   712   743 E ARProxy : Unknown descriptor: 
03-03 09:59:14.231  1586  1586 E d.process.acore: Not starting debugger since process cannot load the jdwp agent.
03-03 09:59:14.371  1441  1589 E PhenotypeCombinedFlags: Config package com.google.android.client_error_logging#com.google.android.apps.wellbeing cannot use PROCESS_STABLE backing without declarative registration. See go/phenotype-android-integration#phenotype for more information. This will lead to stale flags.
03-03 09:59:15.388  1614  1614 E gle.android.gms: Not starting debugger since process cannot load the jdwp agent.
03-03 09:59:15.440   964  1022 E SingleInstanceRemoteListener: Failed remote call on null listener
03-03 09:59:15.487   964  1022 E SingleInstanceRemoteListener: Failed remote call on null listener
03-03 09:59:15.488   964  1022 E SingleInstanceRemoteListener: Failed remote call on null listener
03-03 09:59:15.491  1619  1619 E or.multidisplay: Not starting debugger since process cannot load the jdwp agent.
03-03 09:59:15.538   964   964 E BatteryInfoBroadcast: failed to register observer for remaining time
03-03 09:59:15.538   964   964 E BatteryInfoBroadcast: java.lang.SecurityException: Failed to find provider com.google.android.apps.turbo.estimated_time_remaining for user 0; expected to find a valid ContentProvider for this authority
03-03 09:59:15.538   964   964 E BatteryInfoBroadcast: 	at android.os.Parcel.createExceptionOrNull(Parcel.java:3340)
03-03 09:59:15.538   964   964 E BatteryInfoBroadcast: 	at android.os.Parcel.createException(Parcel.java:3324)
03-03 09:59:15.538   964   964 E BatteryInfoBroadcast: 	at android.os.Parcel.readException(Parcel.java:3307)
03-03 09:59:15.538   964   964 E BatteryInfoBroadcast: 	at android.os.Parcel.readException(Parcel.java:3249)
03-03 09:59:15.538   964   964 E BatteryInfoBroadcast: 	at android.content.IContentService$Stub$Proxy.registerContentObserver(IContentService.java:1044)
03-03 09:59:15.538   964   964 E BatteryInfoBroadcast: 	at android.content.ContentResolver.registerContentObserver(ContentResolver.java:2730)
03-03 09:59:15.538   964   964 E BatteryInfoBroadcast: 	at com.google.android.systemui.power.BatteryInfoBroadcast.registerObserver(go/retraceme 5ef7505f3172d45c77e95a8eba788f1ba3487bafbb4dd5bf3a1ad9be0371fc04:9)
03-03 09:59:15.538   964   964 E BatteryInfoBroadcast: 	at com.google.android.systemui.power.BatteryInfoBroadcast.<init>(go/retraceme 5ef7505f3172d45c77e95a8eba788f1ba3487bafbb4dd5bf3a1ad9be0371fc04:160)
03-03 09:59:15.538   964   964 E BatteryInfoBroadcast: 	at com.google.android.systemui.power.PowerNotificationWarningsGoogleImpl$$ExternalSyntheticLambda0.run(go/retraceme 5ef7505f3172d45c77e95a8eba788f1ba3487bafbb4dd5bf3a1ad9be0371fc04:19)
03-03 09:59:15.538   964   964 E BatteryInfoBroadcast: 	at android.os.Handler.handleCallback(Handler.java:995)
03-03 09:59:15.538   964   964 E BatteryInfoBroadcast: 	at android.os.Handler.dispatchMessage(Handler.java:103)
03-03 09:59:15.538   964   964 E BatteryInfoBroadcast: 	at android.os.Looper.loopOnce(Looper.java:248)
03-03 09:59:15.538   964   964 E BatteryInfoBroadcast: 	at android.os.Looper.loop(Looper.java:338)
03-03 09:59:15.538   964   964 E BatteryInfoBroadcast: 	at android.app.ActivityThread.main(ActivityThread.java:9067)
03-03 09:59:15.538   964   964 E BatteryInfoBroadcast: 	at java.lang.reflect.Method.invoke(Native Method)
03-03 09:59:15.538   964   964 E BatteryInfoBroadcast: 	at com.android.internal.os.RuntimeInit$MethodAndArgsCaller.run(RuntimeInit.java:593)
03-03 09:59:15.538   964   964 E BatteryInfoBroadcast: 	at com.android.internal.os.ZygoteInit.main(ZygoteInit.java:932)
03-03 09:59:15.538   964   964 E BatteryInfoBroadcast: Caused by: android.os.RemoteException: Remote stack trace:
03-03 09:59:15.538   964   964 E BatteryInfoBroadcast: 	at com.android.server.content.ContentService.registerContentObserver(ContentService.java:382)
03-03 09:59:15.538   964   964 E BatteryInfoBroadcast: 	at android.content.IContentService$Stub.onTransact(IContentService.java:498)
03-03 09:59:15.538   964   964 E BatteryInfoBroadcast: 	at android.os.Binder.execTransactInternal(Binder.java:1426)
03-03 09:59:15.538   964   964 E BatteryInfoBroadcast: 	at android.os.Binder.execTransact(Binder.java:1365)
03-03 09:59:15.538   964   964 E BatteryInfoBroadcast: 
03-03 09:59:15.676  1507  1507 E ashmem  : Pinning is deprecated since Android Q. Please use trim or other methods.
03-03 09:59:16.318   712   746 E Transition: #4 readiness timeout, used=false deferReadyDepth=0 group={}
03-03 09:59:16.808  1586  1666 E ashmem  : Pinning is deprecated since Android Q. Please use trim or other methods.
03-03 09:59:17.005   712  1697 E TaskPersister: File error accessing recents directory (directory doesn't exist?).
03-03 09:59:17.751  1726  1726 E .localtransport: Not starting debugger since process cannot load the jdwp agent.
03-03 09:59:18.727   964   964 E PhoneStatusBarView: mHasCornerCutoutFetcher unexpectedly null
03-03 09:59:18.727   964   964 E PhoneStatusBarView: mInsetsFetcher unexpectedly null
03-03 09:59:18.988  1474  1717 E ashmem  : Pinning is deprecated since Android Q. Please use trim or other methods.
03-03 09:59:19.062   624   624 E OmxInfoBuilder: Cannot find an IOmxStore service.
03-03 09:59:20.399  1726  1726 E ashmem  : Pinning is deprecated since Android Q. Please use trim or other methods.
03-03 09:59:20.403  1519  1519 E ashmem  : Pinning is deprecated since Android Q. Please use trim or other methods.
03-03 09:59:20.592  1786  1786 E earchbox:search: Not starting debugger since process cannot load the jdwp agent.
03-03 09:59:21.113  1790  1790 E android.youtube: Not starting debugger since process cannot load the jdwp agent.
03-03 09:59:21.903   712   712 E SystemServiceRegistry: No service published for: face
03-03 09:59:21.903   712   712 E SystemServiceRegistry: android.os.ServiceManager$ServiceNotFoundException: No service published for: face
03-03 09:59:21.903   712   712 E SystemServiceRegistry: 	at android.os.ServiceManager.getServiceOrThrow(ServiceManager.java:203)
03-03 09:59:21.903   712   712 E SystemServiceRegistry: 	at android.app.SystemServiceRegistry$72.createService(SystemServiceRegistry.java:993)
03-03 09:59:21.903   712   712 E SystemServiceRegistry: 	at android.app.SystemServiceRegistry$72.createService(SystemServiceRegistry.java:987)
03-03 09:59:21.903   712   712 E SystemServiceRegistry: 	at android.app.SystemServiceRegistry$CachedServiceFetcher.getService(SystemServiceRegistry.java:2343)
03-03 09:59:21.903   712   712 E SystemServiceRegistry: 	at android.app.SystemServiceRegistry.getSystemService(SystemServiceRegistry.java:1918)
03-03 09:59:21.903   712   712 E SystemServiceRegistry: 	at android.app.ContextImpl.getSystemService(ContextImpl.java:2315)
03-03 09:59:21.903   712   712 E SystemServiceRegistry: 	at android.content.Context.getSystemService(Context.java:4630)
03-03 09:59:21.903   712   712 E SystemServiceRegistry: 	at com.android.server.biometrics.AuthenticationStatsCollector.<init>(AuthenticationStatsCollector.java:119)
03-03 09:59:21.903   712   712 E SystemServiceRegistry: 	at com.android.server.biometrics.AuthenticationStatsBroadcastReceiver.onReceive(AuthenticationStatsBroadcastReceiver.java:66)
03-03 09:59:21.903   712   712 E SystemServiceRegistry: 	at android.app.LoadedApk$ReceiverDispatcher$Args.lambda$getRunnable$0(LoadedApk.java:1839)
03-03 09:59:21.903   712   712 E SystemServiceRegistry: 	at android.app.LoadedApk$ReceiverDispatcher$Args.$r8$lambda$mcNAAl1SQ4MyJPyDg8TJ2x2h0Rk(Unknown Source:0)
03-03 09:59:21.903   712   712 E SystemServiceRegistry: 	at android.app.LoadedApk$ReceiverDispatcher$Args$$ExternalSyntheticLambda0.run(D8$$SyntheticClass:0)
03-03 09:59:21.903   712   712 E SystemServiceRegistry: 	at android.os.Handler.handleCallback(Handler.java:995)
03-03 09:59:21.903   712   712 E SystemServiceRegistry: 	at android.os.Handler.dispatchMessage(Handler.java:103)
03-03 09:59:21.903   712   712 E SystemServiceRegistry: 	at android.os.Looper.loopOnce(Looper.java:248)
03-03 09:59:21.903   712   712 E SystemServiceRegistry: 	at android.os.Looper.loop(Looper.java:338)
03-03 09:59:21.903   712   712 E SystemServiceRegistry: 	at com.android.server.SystemServer.run(SystemServer.java:1036)
03-03 09:59:21.903   712   712 E SystemServiceRegistry: 	at com.android.server.SystemServer.main(SystemServer.java:689)
03-03 09:59:21.903   712   712 E SystemServiceRegistry: 	at java.lang.reflect.Method.invoke(Native Method)
03-03 09:59:21.903   712   712 E SystemServiceRegistry: 	at com.android.internal.os.RuntimeInit$MethodAndArgsCaller.run(RuntimeInit.java:593)
03-03 09:59:21.903   712   712 E SystemServiceRegistry: 	at com.android.internal.os.ZygoteInit.main(ZygoteInit.java:910)
03-03 09:59:21.904   712   712 E SystemServiceRegistry: Manager wrapper not available: face
03-03 09:59:22.385  1834  1834 E ndroid.keychain: Not starting debugger since process cannot load the jdwp agent.
03-03 09:59:22.435   712  1561 E AppSearchManagerService: Unable to schedule fully persist job for 0
03-03 09:59:22.435   712  1561 E AppSearchManagerService: java.lang.IllegalArgumentException: Tried to schedule job for non-existent component: ComponentInfo{android/com.android.server.appsearch.AppSearchMaintenanceService}
03-03 09:59:22.435   712  1561 E AppSearchManagerService: 	at com.android.server.job.JobSchedulerService$JobSchedulerStub.enforceValidJobRequest(JobSchedulerService.java:4829)
03-03 09:59:22.435   712  1561 E AppSearchManagerService: 	at com.android.server.job.JobSchedulerService$JobSchedulerStub.schedule(JobSchedulerService.java:5042)
03-03 09:59:22.435   712  1561 E AppSearchManagerService: 	at android.app.JobSchedulerImpl.schedule(JobSchedulerImpl.java:89)
03-03 09:59:22.435   712  1561 E AppSearchManagerService: 	at com.android.server.appsearch.AppSearchMaintenanceService.scheduleFullyPersistJob(AppSearchMaintenanceService.java:91)
03-03 09:59:22.435   712  1561 E AppSearchManagerService: 	at com.android.server.appsearch.AppSearchManagerService.lambda$onUserUnlocking$1(AppSearchManagerService.java:379)
03-03 09:59:22.435   712  1561 E AppSearchManagerService: 	at com.android.server.appsearch.AppSearchManagerService.$r8$lambda$7li-QUZvrsDk5ZvsFzpgCXuGV7s(AppSearchManagerService.java:0)
03-03 09:59:22.435   712  1561 E AppSearchManagerService: 	at com.android.server.appsearch.AppSearchManagerService$$ExternalSyntheticLambda3.run(R8$$SyntheticClass:0)
03-03 09:59:22.435   712  1561 E AppSearchManagerService: 	at java.util.concurrent.ThreadPoolExecutor.runWorker(ThreadPoolExecutor.java:1156)
03-03 09:59:22.435   712  1561 E AppSearchManagerService: 	at java.util.concurrent.ThreadPoolExecutor$Worker.run(ThreadPoolExecutor.java:651)
03-03 09:59:22.435   712  1561 E AppSearchManagerService: 	at java.lang.Thread.run(Thread.java:1119)
03-03 09:59:22.694  1859  1859 E oid.apps.photos: Not starting debugger since process cannot load the jdwp agent.
03-03 09:59:22.815  1070  1070 E BrowsedPlayerWrapper: BrowserSubscriptionCallback: Could not get folder items
03-03 09:59:23.179   712   804 E JobScheduler.Quota: <0>com.google.android.apps.photos has 0 EJ quota without running anything
03-03 09:59:23.209   712   804 E JobScheduler.Quota: <0>com.google.android.apps.photos has 0 EJ quota without running anything
03-03 09:59:23.283   712   804 E JobScheduler.Quota: <0>com.google.android.apps.photos has 0 EJ quota without running anything
03-03 09:59:23.555  1098  1214 E NexusCSStateManager: Failed to fetch from AppSearch
03-03 09:59:23.555  1098  1214 E NexusCSStateManager: java.util.NoSuchElementException: No value present
03-03 09:59:23.555  1098  1214 E NexusCSStateManager: 	at java.util.Optional.get(Optional.java:143)
03-03 09:59:23.555  1098  1214 E NexusCSStateManager: 	at C2.m.onResult(go/retraceme 43e00d9cd0eb17b3d9dd30fc1741b1c71445c4c0f7c8c9b81300265c86c5b873:42)
03-03 09:59:23.555  1098  1214 E NexusCSStateManager: 	at android.app.appsearch.SearchSessionUtil$1.lambda$onResult$0(go/retraceme 9d1b0eb8afe1d0bca7ff6f98d5e450578c137217f678797f24205462b21ce4f6:144)
03-03 09:59:23.555  1098  1214 E NexusCSStateManager: 	at android.app.appsearch.SearchSessionUtil$1.$r8$lambda$CEk3q8sDAQVhU3rQwVueB8FAj_M(go/retraceme 9d1b0eb8afe1d0bca7ff6f98d5e450578c137217f678797f24205462b21ce4f6:1)
03-03 09:59:23.555  1098  1214 E NexusCSStateManager: 	at android.app.appsearch.SearchSessionUtil$1$$ExternalSyntheticLambda0.run(go/retraceme 9d1b0eb8afe1d0bca7ff6f98d5e450578c137217f678797f24205462b21ce4f6:22)
03-03 09:59:23.555  1098  1214 E NexusCSStateManager: 	at j0.e.execute(go/retraceme 43e00d9cd0eb17b3d9dd30fc1741b1c71445c4c0f7c8c9b81300265c86c5b873:1)
03-03 09:59:23.555  1098  1214 E NexusCSStateManager: 	at android.app.appsearch.SearchSessionUtil.safeExecute(go/retraceme 9d1b0eb8afe1d0bca7ff6f98d5e450578c137217f678797f24205462b21ce4f6:4)
03-03 09:59:23.555  1098  1214 E NexusCSStateManager: 	at android.app.appsearch.SearchSessionUtil$1.onResult(go/retraceme 9d1b0eb8afe1d0bca7ff6f98d5e450578c137217f678797f24205462b21ce4f6:11)
03-03 09:59:23.555  1098  1214 E NexusCSStateManager: 	at android.app.appsearch.aidl.IAppSearchBatchResultCallback$Stub.onTransact(go/retraceme 9d1b0eb8afe1d0bca7ff6f98d5e450578c137217f678797f24205462b21ce4f6:59)
03-03 09:59:23.555  1098  1214 E NexusCSStateManager: 	at android.os.Binder.execTransactInternal(Binder.java:1426)
03-03 09:59:23.555  1098  1214 E NexusCSStateManager: 	at android.os.Binder.execTransact(Binder.java:1365)
03-03 09:59:23.729  1507  1800 E FuseDaemon: Leveldb setup is missing for: internal
